 MorphEngine

 Timestamp is 43e8c7fa (Tue Feb 07 11:16:58 2006)

 Preferred load address is 00400000

 Start         Length     Name                   Class
 0001:00000000 0004e270H .text                   CODE
 0001:0004e270 00000933H .text$x                 CODE
 0002:00000000 00003151H .rdata                  DATA
 0002:00003158 0000031cH .rdata$r                DATA
 0002:00003478 00000948H .xdata$x                DATA
 0002:00003dc0 00000000H .edata                  DATA
 0003:00000000 00000004H .CRT$XCA                DATA
 0003:00000004 00000004H .CRT$XCU                DATA
 0003:00000008 00000004H .CRT$XCZ                DATA
 0003:0000000c 00000004H .CRT$XIA                DATA
 0003:00000010 00000008H .CRT$XIC                DATA
 0003:00000018 00000004H .CRT$XIY                DATA
 0003:0000001c 00000004H .CRT$XIZ                DATA
 0003:00000020 00000004H .CRT$XPA                DATA
 0003:00000024 00000004H .CRT$XPX                DATA
 0003:00000028 00000004H .CRT$XPZ                DATA
 0003:0000002c 00000004H .CRT$XTA                DATA
 0003:00000030 00000004H .CRT$XTB                DATA
 0003:00000034 00000004H .CRT$XTZ                DATA
 0003:00000040 0000198cH .data                   DATA
 0003:000019d0 00002b64H .bss                    DATA
 0004:00000000 00000064H .idata$2                DATA
 0004:00000064 00000014H .idata$3                DATA
 0004:00000078 00000278H .idata$4                DATA
 0004:000002f0 00000278H .idata$5                DATA
 0004:00000568 00000a18H .idata$6                DATA
 0005:00000000 000000e8H .rsrc$01                DATA
 0005:000000f0 00000420H .rsrc$02                DATA

  Address         Publics by Value              Rva+Base     Lib:Object

 0001:00000000       ??0AGENT@@QAE@HPAUdxWorld@@PAUdxSpace@@@Z 00401000 f   agent.obj
 0001:00000110       ??0AGENT@@QAE@HPAV0@@Z     00401110 f   agent.obj
 0001:000004b0       ??1AGENT@@QAE@XZ           004014b0 f   agent.obj
 0001:00000700       ??_GME_OBJECT@@QAEPAXI@Z   00401700 f i agent.obj
 0001:00000760       ??_GME_JOINT@@QAEPAXI@Z    00401760 f i agent.obj
 0001:000007c0       ??_GTRAJECTORY@@QAEPAXI@Z  004017c0 f i agent.obj
 0001:00000820       ??_GMATRIX@@QAEPAXI@Z      00401820 f i agent.obj
 0001:00000880       ?AttachedTo@AGENT@@QAEHPAV1@@Z 00401880 f   agent.obj
 0001:00000930       ?AttachTo@AGENT@@QAEXPAV1@PAUdxWorld@@@Z 00401930 f   agent.obj
 0001:00000960       ?ContainsLightSensor@AGENT@@QAEHXZ 00401960 f   agent.obj
 0001:000009d0       ?CreateJoints@AGENT@@QAEXPAUdxWorld@@@Z 004019d0 f   agent.obj
 0001:00000a40       ?CreateObjects@AGENT@@QAEXHPANPAVME_OBJECT@@PAUdxWorld@@PAUdxSpace@@@Z 00401a40 f   agent.obj
 0001:00000af0       ?CreateODEStuff@AGENT@@QAEXPAUdxWorld@@PAUdxSpace@@@Z 00401af0 f   agent.obj
 0001:00000ba0       ?DestroyODEStuff@AGENT@@QAEXPAUdxSpace@@@Z 00401ba0 f   agent.obj
 0001:00000c40       ?DistTo@AGENT@@QAENHPAV1@@Z 00401c40 f   agent.obj
 0001:00000ce0       ?Draw@AGENT@@QAEXXZ        00401ce0 f   agent.obj
 0001:00000d80       ?Exploding@AGENT@@QAEHXZ   00401d80 f   agent.obj
 0001:00000e50       ?GetCentreOfMass@AGENT@@QAEXPAN@Z 00401e50 f   agent.obj
 0001:00000f60       ?GetID@AGENT@@QAEHXZ       00401f60 f   agent.obj
 0001:00000f90       ?GetJoint@AGENT@@QAEPAVME_JOINT@@H@Z 00401f90 f   agent.obj
 0001:00000fd0       ?GetJoint@AGENT@@QAEPAVME_JOINT@@PAD@Z 00401fd0 f   agent.obj
 0001:00001060       ?GetMaxHeight@AGENT@@QAENXZ 00402060 f   agent.obj
 0001:000010f0       ?GetMinHeight@AGENT@@QAENXZ 004020f0 f   agent.obj
 0001:000011a0       ?GetName@AGENT@@QAEPADH@Z  004021a0 f   agent.obj
 0001:000011e0       ?GetNumOfJoints@AGENT@@QAEHXZ 004021e0 f   agent.obj
 0001:00001210       ?GetNumOfObjects@AGENT@@QAEHXZ 00402210 f   agent.obj
 0001:00001240       ?GetNumOfPossibleJoints@AGENT@@QAEHXZ 00402240 f   agent.obj
 0001:00001270       ?GetNumOfWeights@AGENT@@QAEHXZ 00402270 f   agent.obj
 0001:000012a0       ?GetObject@AGENT@@QAEPAVME_OBJECT@@H@Z 004022a0 f   agent.obj
 0001:000012e0       ?GetWidth@AGENT@@QAENXZ    004022e0 f   agent.obj
 0001:000013c0       ?GetLength@AGENT@@QAENXZ   004023c0 f   agent.obj
 0001:000014a0       ?HandleCollisions@AGENT@@QAEXH@Z 004024a0 f   agent.obj
 0001:000014d0       ?IncreasePerturbation@AGENT@@QAEXN@Z 004024d0 f   agent.obj
 0001:00001540       ?InitNetwork@AGENT@@QAEXHH@Z 00402540 f   agent.obj
 0001:00001570       ?Move@AGENT@@QAEXHPAVME_OBJECT@@PAVPLUME@@PAUdxWorld@@PAUdxGeom@@@Z 00402570 f   agent.obj
 0001:000015e0       ?PerturbSynapses@AGENT@@QAEXXZ 004025e0 f   agent.obj
 0001:00001610       ?Push@AGENT@@QAEXNNN@Z     00402610 f   agent.obj
 0001:00001690       ?RemoveExtraneousObjects@AGENT@@QAEXPAUdxSpace@@@Z 00402690 f   agent.obj
 0001:000016c0       ?Reset@AGENT@@QAEXXZ       004026c0 f   agent.obj
 0001:00001720       ?ResetTouchSensors@AGENT@@QAEXXZ 00402720 f   agent.obj
 0001:000017b0       ?SaveToRaytracerFile@AGENT@@QAEXPAVofstream@@@Z 004027b0 f   agent.obj
 0001:00001820       ?SpecifyPhenotype@AGENT@@QAEXHPAN@Z 00402820 f   agent.obj
 0001:000018f0       ?SwitchOnPressureSensors@AGENT@@QAEXPAUdxWorld@@@Z 004028f0 f   agent.obj
 0001:00001960       ?ToggleFootprintDrawing@AGENT@@QAEXXZ 00402960 f   agent.obj
 0001:000019c0       ?ToggleTrajectoryDrawing@AGENT@@QAEXXZ 004029c0 f   agent.obj
 0001:00001aa0       ?ActuateJoints@AGENT@@AAEXXZ 00402aa0 f   agent.obj
 0001:00001b60       ?BreakExternalConnectionsIfNecessary@AGENT@@AAEXXZ 00402b60 f   agent.obj
 0001:00001c70       ?CountPossibleExternalJoints@AGENT@@AAEHXZ 00402c70 f   agent.obj
 0001:00001ce0       ?CreateBody@AGENT@@AAEXPAUdxWorld@@PAUdxSpace@@@Z 00402ce0 f   agent.obj
 0001:00001eb0       ?CreateBrain@AGENT@@AAEXXZ 00402eb0 f   agent.obj
 0001:00001f00       ?DetachJoints@AGENT@@AAEXXZ 00402f00 f   agent.obj
 0001:00002010       ?DetermineMaxLightSensorReading@AGENT@@AAEXPAVME_OBJECT@@@Z 00403010 f   agent.obj
 0001:000020b0       ?DrawJointNormals@AGENT@@AAEXXZ 004030b0 f   agent.obj
 0001:00002110       ?DrawNeuralNetwork@AGENT@@AAEXXZ 00403110 f   agent.obj
 0001:00002140       ?FindRelatedJoints@AGENT@@AAEXXZ 00403140 f   agent.obj
 0001:000021e0       ?IntroduceNoise@AGENT@@AAEXXZ 004031e0 f   agent.obj
 0001:00002240       ?ReadInDataParameters@AGENT@@AAEXXZ 00403240 f   agent.obj
 0001:000023b0       ?ReadInJoint@AGENT@@AAEXH@Z 004033b0 f   agent.obj
 0001:00002480       ?ReadInObject@AGENT@@AAEXH@Z 00403480 f   agent.obj
 0001:00002550       ?RecordObjectData@AGENT@@AAEXXZ 00403550 f   agent.obj
 0001:00002580       ?RecordSensorData@AGENT@@AAEXXZ 00403580 f   agent.obj
 0001:000025b0       ?RecordCentreOfMass@AGENT@@AAEXPAN@Z 004035b0 f   agent.obj
 0001:00002660       ?SaveCentreOfMass@AGENT@@QAEXPAN@Z 00403660 f   agent.obj
 0001:000026f0       ?TakeAgentSensorReadings@AGENT@@AAEXH@Z 004036f0 f   agent.obj
 0001:00002720       ?TakeAngleSensorReadings@AGENT@@AAEXXZ 00403720 f   agent.obj
 0001:000027f0       ?TakeAttachmentSensorReadings@AGENT@@AAEXXZ 004037f0 f   agent.obj
 0001:00002820       ?TakeChemoSensorReadings@AGENT@@AAEXPAVPLUME@@@Z 00403820 f   agent.obj
 0001:00002850       ?TakeDistanceSensorReading@AGENT@@AAEXPAUdxGeom@@@Z 00403850 f   agent.obj
 0001:00002920       ?TakeForwardSensorReading@AGENT@@AAEXXZ 00403920 f   agent.obj
 0001:00002980       ?TakeLeftSensorReading@AGENT@@AAEXXZ 00403980 f   agent.obj
 0001:000029e0       ?TakeLightSensorReadings@AGENT@@AAEXPAVME_OBJECT@@@Z 004039e0 f   agent.obj
 0001:00002a10       ?TakeLowestHeightSensorReading@AGENT@@AAEXXZ 00403a10 f   agent.obj
 0001:00002a70       ?TakeObj0HeightSensorReading@AGENT@@AAEXXZ 00403a70 f   agent.obj
 0001:00002ad0       ?TakeOrientationSensorReadings@AGENT@@AAEXXZ 00403ad0 f   agent.obj
 0001:00002b10       ?TakePressureSensorReadings@AGENT@@AAEXPAUdxGeom@@@Z 00403b10 f   agent.obj
 0001:00002c10       ?TakeSensorReadings@AGENT@@AAEXHPAVME_OBJECT@@PAVPLUME@@PAUdxGeom@@@Z 00403c10 f   agent.obj
 0001:00002c80       ?TakeTouchSensorReadings@AGENT@@AAEXXZ 00403c80 f   agent.obj
 0001:00002cb0       ?TakeVelocitySensorReadings@AGENT@@AAEXXZ 00403cb0 f   agent.obj
 0001:00002db0       ?UpdateSpringConnections@AGENT@@AAEXXZ 00403db0 f   agent.obj
 0001:00002e30       ??0ENVIRONMENT@@QAE@XZ     00403e30 f   environment.obj
 0001:00002e80       ??1ENVIRONMENT@@QAE@XZ     00403e80 f   environment.obj
 0001:00003010       ??_GAGENT@@QAEPAXI@Z       00404010 f i environment.obj
 0001:00003070       ??_GPLUME@@QAEPAXI@Z       00404070 f i environment.obj
 0001:000030d0       ?AgentAvailable@ENVIRONMENT@@QAEHXZ 004040d0 f   environment.obj
 0001:00003140       ?ChangePlumePtSource@ENVIRONMENT@@QAEXH@Z 00404140 f   environment.obj
 0001:00003180       ?CreateAgent@ENVIRONMENT@@QAEXXZ 00404180 f   environment.obj
 0001:00003280       ?CreatePlume@ENVIRONMENT@@QAEXXZ 00404280 f   environment.obj
 0001:00003330       ?DestroyAgent@ENVIRONMENT@@QAEXXZ 00404330 f   environment.obj
 0001:00003400       ?DestroyPlume@ENVIRONMENT@@QAEXXZ 00404400 f   environment.obj
 0001:00003470       ?Draw@ENVIRONMENT@@QAEXXZ  00404470 f   environment.obj
 0001:00003500       ?EvaluationFinished@ENVIRONMENT@@QAEHXZ 00404500 f   environment.obj
 0001:00003580       ?GetFitness@ENVIRONMENT@@QAENXZ 00404580 f   environment.obj
 0001:00003630       ?GetObjectPosition@ENVIRONMENT@@QAEXPADPAPAN@Z 00404630 f   environment.obj
 0001:00003690       ?HandleCollisions@ENVIRONMENT@@QAEXXZ 00404690 f   environment.obj
 0001:00003710       ?IncreasePerturbation@ENVIRONMENT@@QAEXN@Z 00404710 f   environment.obj
 0001:00003780       ?MoveAgents@ENVIRONMENT@@QAEXXZ 00404780 f   environment.obj
 0001:00003810       ?MoveDebris@ENVIRONMENT@@QAEXXZ 00404810 f   environment.obj
 0001:000038b0       ?PerturbSynapses@ENVIRONMENT@@QAEXXZ 004048b0 f   environment.obj
 0001:00003910       ?Push@ENVIRONMENT@@QAEXNNN@Z 00404910 f   environment.obj
 0001:00003990       ?RefreshTouchPoints@ENVIRONMENT@@QAEXXZ 00404990 f   environment.obj
 0001:00003b80       ?Reset@ENVIRONMENT@@QAEXXZ 00404b80 f   environment.obj
 0001:00003c30       ?ResetTouchSensors@ENVIRONMENT@@QAEXXZ 00404c30 f   environment.obj
 0001:00003c90       ?SaveToRaytracerFile@ENVIRONMENT@@QAEXXZ 00404c90 f   environment.obj
 0001:00003d00       ?ToggleFootprintDrawing@ENVIRONMENT@@QAEXXZ 00404d00 f   environment.obj
 0001:00003d60       ?ToggleTrajectoryDrawing@ENVIRONMENT@@QAEXXZ 00404d60 f   environment.obj
 0001:00003dc0       ?AgentExploding@ENVIRONMENT@@AAEHXZ 00404dc0 f   environment.obj
 0001:00003e10       ?AgentTipping@ENVIRONMENT@@AAEHXZ 00404e10 f   environment.obj
 0001:00003f80       ?AttemptAttachment@ENVIRONMENT@@AAEXXZ 00404f80 f   environment.obj
 0001:00003fb0       ?ChangeDebrisField@ENVIRONMENT@@QAEXXZ 00404fb0 f   environment.obj
 0001:00004050       ?CloseRaytracerFile@ENVIRONMENT@@AAEXXZ 00405050 f   environment.obj
 0001:00004090       ?CollisionBetweenAgents@ENVIRONMENT@@AAEHXZ 00405090 f   environment.obj
 0001:000040c0       ?CountTotalJoints@ENVIRONMENT@@AAEHXZ 004050c0 f   environment.obj
 0001:00004110       ?CountTotalObjects@ENVIRONMENT@@AAEHXZ 00405110 f   environment.obj
 0001:00004160       ?CountTotalPossibleJoints@ENVIRONMENT@@AAEHXZ 00405160 f   environment.obj
 0001:000041b0       ?CreateDebris@ENVIRONMENT@@AAEXXZ 004051b0 f   environment.obj
 0001:000042b0       ?CreateFloor@ENVIRONMENT@@AAEXXZ 004052b0 f   environment.obj
 0001:00004310       ?CreateLightSource@ENVIRONMENT@@AAEXH@Z 00405310 f   environment.obj
 0001:000043c0       ?CreateODEStuff@ENVIRONMENT@@AAEXXZ 004053c0 f   environment.obj
 0001:00004460       ?DestroyDebris@ENVIRONMENT@@AAEXXZ 00405460 f   environment.obj
 0001:00004530       ??_GDEBRIS@@QAEPAXI@Z      00405530 f i environment.obj
 0001:00004590       ?DestroyFloor@ENVIRONMENT@@AAEXXZ 00405590 f   environment.obj
 0001:000045f0       ?DestroyLightSource@ENVIRONMENT@@AAEXXZ 004055f0 f   environment.obj
 0001:00004620       ?DestroyODEStuff@ENVIRONMENT@@AAEXXZ 00405620 f   environment.obj
 0001:00004690       ?DetermineFitnessCriteria@ENVIRONMENT@@AAEXPAVAGENT@@@Z 00405690 f   environment.obj
 0001:00004e40       ?FindObject@ENVIRONMENT@@AAEPAVME_OBJECT@@PADPAVAGENT@@@Z 00405e40 f   environment.obj
 0001:00004e70       ?GetDistToLight@ENVIRONMENT@@AAENXZ 00405e70 f   environment.obj
 0001:00004ec0       ?GetDistToPtSource@ENVIRONMENT@@AAENXZ 00405ec0 f   environment.obj
 0001:00004f30       ?GetForwardDist@ENVIRONMENT@@AAENXZ 00405f30 f   environment.obj
 0001:00005080       ?GetMaxHeight@ENVIRONMENT@@AAENXZ 00406080 f   environment.obj
 0001:00005140       ?GetNumOfExternalJoints@ENVIRONMENT@@AAENXZ 00406140 f   environment.obj
 0001:000051b0       ?OpenRaytracerFile@ENVIRONMENT@@AAEXXZ 004061b0 f   environment.obj
 0001:00005280       ?RepositionLightSource@ENVIRONMENT@@AAEXH@Z 00406280 f   environment.obj
 0001:00005350       ?ReadFromFile@ENVIRONMENT@@AAEXXZ 00406350 f   environment.obj
 0001:00005380       ?SumOfDists@ENVIRONMENT@@AAENXZ 00406380 f   environment.obj
 0001:00005430       ??0MATRIX@@QAE@HH@Z        00406430 f   matrix.obj
 0001:000054a0       ??0MATRIX@@QAE@HHN@Z       004064a0 f   matrix.obj
 0001:00005560       ??0MATRIX@@QAE@PAV0@@Z     00406560 f   matrix.obj
 0001:00005630       ??0MATRIX@@QAE@PAVifstream@@@Z 00406630 f   matrix.obj
 0001:00005710       ??1MATRIX@@QAE@XZ          00406710 f   matrix.obj
 0001:00005760       ?AbsoluteDifference@MATRIX@@QAENPAV1@@Z 00406760 f   matrix.obj
 0001:000057b0       ?AbsoluteDifference@MATRIX@@QAENPAV1@HH@Z 004067b0 f   matrix.obj
 0001:000058b0       ?AbsoluteDifference@MATRIX@@QAENPAV1@H@Z 004068b0 f   matrix.obj
 0001:000059a0       ?AbsoluteDifference@MATRIX@@QAENPAV1@HN@Z 004069a0 f   matrix.obj
 0001:00005a00       ?AbsoluteDifferenceOfTails@MATRIX@@QAENPAV1@@Z 00406a00 f   matrix.obj
 0001:00005ac0       ?Add@MATRIX@@QAEXHHH@Z     00406ac0 f   matrix.obj
 0001:00005b20       ?BinaryToDecimal@MATRIX@@QAEHHHH@Z 00406b20 f   matrix.obj
 0001:00005bd0       ?ComputeFSM@MATRIX@@QAEHPAV1@0HHHH0@Z 00406bd0 f   matrix.obj
 0001:00005c90       ?Contains@MATRIX@@QAEHN@Z  00406c90 f   matrix.obj
 0001:00005d30       ?CopyInto@MATRIX@@QAEXPAV1@@Z 00406d30 f   matrix.obj
 0001:00005dd0       ?CountValues@MATRIX@@QAEPAV1@HHHHH@Z 00406dd0 f   matrix.obj
 0001:00005ed0       ?CreateChain@MATRIX@@QAEXH@Z 00406ed0 f   matrix.obj
 0001:00005f70       ?CreateIdentity@MATRIX@@QAEXXZ 00406f70 f   matrix.obj
 0001:00006010       ?CreateParity@MATRIX@@QAEXXZ 00407010 f   matrix.obj
 0001:00006130       ?DecreaseFullColumns@MATRIX@@QAEXXZ 00407130 f   matrix.obj
 0001:000061c0       ?EqualColumnVals@MATRIX@@QAENHH@Z 004071c0 f   matrix.obj
 0001:00006260       ?FillColumn@MATRIX@@QAEXHHPAV1@@Z 00407260 f   matrix.obj
 0001:000062e0       ?FillRow@MATRIX@@QAEXHHPAV1@@Z 004072e0 f   matrix.obj
 0001:00006360       ?Flip@MATRIX@@QAEXHH@Z     00407360 f   matrix.obj
 0001:000063e0       ?FlipRandomBit@MATRIX@@QAEXXZ 004073e0 f   matrix.obj
 0001:00006450       ?FlipRandomBitInRow@MATRIX@@QAEXH@Z 00407450 f   matrix.obj
 0001:000064b0       ?Get@MATRIX@@QAENHH@Z      004074b0 f   matrix.obj
 0001:000064f0       ?GetColumn@MATRIX@@QAEPAV1@H@Z 004074f0 f   matrix.obj
 0001:000065d0       ?GetRow@MATRIX@@QAEPAV1@H@Z 004075d0 f   matrix.obj
 0001:000066b0       ?IncreaseEmptyColumns@MATRIX@@QAEXXZ 004076b0 f   matrix.obj
 0001:00006740       ?InitColumns@MATRIX@@QAEXH@Z 00407740 f   matrix.obj
 0001:000067b0       ?MaxOfColumn@MATRIX@@QAENH@Z 004077b0 f   matrix.obj
 0001:00006840       ?MinOfColumn@MATRIX@@QAENH@Z 00407840 f   matrix.obj
 0001:000068d0       ?MostSimilarRow@MATRIX@@QAEHPAV1@HH@Z 004078d0 f   matrix.obj
 0001:00006950       ?NonZeroMeanOfColumn@MATRIX@@QAENH@Z 00407950 f   matrix.obj
 0001:00006a10       ?NormalizeToMass@MATRIX@@QAEXXZ 00407a10 f   matrix.obj
 0001:00006ad0       ?Perturb@MATRIX@@QAEXH@Z   00407ad0 f   matrix.obj
 0001:00006b60       ?Print@MATRIX@@QAEXXZ      00407b60 f   matrix.obj
 0001:00006c60       ?PrintRow@MATRIX@@QAEXH@Z  00407c60 f   matrix.obj
 0001:00006d40       ?Randomize@MATRIX@@QAEXH@Z 00407d40 f   matrix.obj
 0001:00006da0       ?RandomizeColumn@MATRIX@@QAEXHH@Z 00407da0 f   matrix.obj
 0001:00006e20       ?RandomizeRow@MATRIX@@QAEXHH@Z 00407e20 f   matrix.obj
 0001:00006ea0       ?Replace@MATRIX@@QAEXPAV1@@Z 00407ea0 f   matrix.obj
 0001:00006f50       ?RowDifference@MATRIX@@QAEHHHPAV1@@Z 00407f50 f   matrix.obj
 0001:00006ff0       ?SelectUniquelyFrom@MATRIX@@QAEXH@Z 00407ff0 f   matrix.obj
 0001:00007160       ?Set@MATRIX@@QAEXHHN@Z     00408160 f   matrix.obj
 0001:000071b0       ?SetAllTo@MATRIX@@QAEXH@Z  004081b0 f   matrix.obj
 0001:00007240       ?SetRow@MATRIX@@QAEXHH@Z   00408240 f   matrix.obj
 0001:000072b0       ?SumOfColumn@MATRIX@@QAENH@Z 004082b0 f   matrix.obj
 0001:00007330       ?SumOfColumn@MATRIX@@QAENHHH@Z 00408330 f   matrix.obj
 0001:000073b0       ?SumOfIndices@MATRIX@@QAENPAV1@HHH@Z 004083b0 f   matrix.obj
 0001:00007440       ?SumOfRow@MATRIX@@QAENH@Z  00408440 f   matrix.obj
 0001:000074c0       ?WriteAndRename@MATRIX@@QAEXPAD@Z 004084c0 f   matrix.obj
 0001:00007630       ?Write@MATRIX@@QAEXPAVofstream@@@Z 00408630 f   matrix.obj
 0001:00007710       ?WriteRow@MATRIX@@QAEXHPAVofstream@@@Z 00408710 f   matrix.obj
 0001:000077d0       ?WriteRows@MATRIX@@QAEXHPAVofstream@@@Z 004087d0 f   matrix.obj
 0001:000078b0       ?Zero@MATRIX@@QAEXXZ       004088b0 f   matrix.obj
 0001:00007910       ?ZeroColumn@MATRIX@@QAEXH@Z 00408910 f   matrix.obj
 0001:00007980       ?BinaryToDecimal@MATRIX@@AAEHH@Z 00408980 f   matrix.obj
 0001:00007a20       ?DecimalToBinary@MATRIX@@AAEPAV1@HH@Z 00408a20 f   matrix.obj
 0001:00007ba0       ?FindFirstValue@MATRIX@@AAEHH@Z 00408ba0 f   matrix.obj
 0001:00007c30       ?InitColumn@MATRIX@@AAEXHH@Z 00408c30 f   matrix.obj
 0001:00007ce0       ?InitRandomly@MATRIX@@AAEXXZ 00408ce0 f   matrix.obj
 0001:00007d80       ?Mean@MATRIX@@AAENHHH@Z    00408d80 f   matrix.obj
 0001:00007e10       ??0ME_JOINT@@QAE@XZ        00408e10 f   mejoint.obj
 0001:000080b0       ??0ME_JOINT@@QAE@HHPAVME_OBJECT@@0@Z 004090b0 f   mejoint.obj
 0001:00008370       ??0ME_JOINT@@QAE@HPAPAVME_OBJECT@@HPANPAV0@PAVNEURAL_NETWORK@@@Z 00409370 f   mejoint.obj
 0001:00008730       ??0ME_JOINT@@QAE@HPAPAVME_OBJECT@@HPAVifstream@@HPAVNEURAL_NETWORK@@@Z 00409730 f   mejoint.obj
 0001:000089e0       ??1ME_JOINT@@QAE@XZ        004099e0 f   mejoint.obj
 0001:00008a80       ?Actuate@ME_JOINT@@QAEXN@Z 00409a80 f   mejoint.obj
 0001:00008b30       ?Attach@ME_JOINT@@QAEXPAUdxWorld@@@Z 00409b30 f   mejoint.obj
 0001:00008ba0       ?AttachToWorld@ME_JOINT@@QAEXPAUdxWorld@@PAVME_OBJECT@@@Z 00409ba0 f   mejoint.obj
 0001:00008c30       ?AttachesTo@ME_JOINT@@QAEHHH@Z 00409c30 f   mejoint.obj
 0001:00008ca0       ?Break@ME_JOINT@@QAEXXZ    00409ca0 f   mejoint.obj
 0001:00008d10       ?BreakageDesired@ME_JOINT@@QAEHPAVNEURAL_NETWORK@@@Z 00409d10 f   mejoint.obj
 0001:00008d80       ?ComplementaryObj@ME_JOINT@@QAEPAVME_OBJECT@@PAV2@@Z 00409d80 f   mejoint.obj
 0001:00008dc0       ?CreateODEStuff@ME_JOINT@@QAEXPAUdxWorld@@@Z 00409dc0 f   mejoint.obj
 0001:00009330       ?DestroyODEStuff@ME_JOINT@@QAEXXZ 0040a330 f   mejoint.obj
 0001:00009380       ?Display@ME_JOINT@@QAEXXZ  0040a380 f   mejoint.obj
 0001:00009540       ?DrawNormals@ME_JOINT@@QAEXXZ 0040a540 f   mejoint.obj
 0001:00009650       ?Draw@ME_JOINT@@QAEXXZ     0040a650 f   mejoint.obj
 0001:00009740       ?DrawMotorNeurons@ME_JOINT@@QAEXNN@Z 0040a740 f   mejoint.obj
 0001:00009770       ?DrawSensorNeurons@ME_JOINT@@QAEXNN@Z 0040a770 f   mejoint.obj
 0001:000097a0       ?FindPressureSensor@ME_JOINT@@QAEXXZ 0040a7a0 f   mejoint.obj
 0001:00009800       ?GeomTransformPossible@ME_JOINT@@QAEPAVME_OBJECT@@XZ 0040a800 f   mejoint.obj
 0001:00009890       ?GetAngle@ME_JOINT@@QAENXZ 0040a890 f   mejoint.obj
 0001:000098f0       ?GetRelatedJoint@ME_JOINT@@QAEPAV1@XZ 0040a8f0 f   mejoint.obj
 0001:00009920       ?GetRelatedJointName@ME_JOINT@@QAEPADXZ 0040a920 f   mejoint.obj
 0001:00009950       ?IsBreaking@ME_JOINT@@QAEHXZ 0040a950 f   mejoint.obj
 0001:00009980       ?IsMyName@ME_JOINT@@QAEHPAD@Z 0040a980 f   mejoint.obj
 0001:000099d0       ?RecordPressure@ME_JOINT@@QAEXXZ 0040a9d0 f   mejoint.obj
 0001:00009a50       ?RelatedToOtherJoint@ME_JOINT@@QAEHXZ 0040aa50 f   mejoint.obj
 0001:00009aa0       ?Reset@ME_JOINT@@QAEXPAUdxWorld@@@Z 0040aaa0 f   mejoint.obj
 0001:00009af0       ?ResetPosition@ME_JOINT@@QAEXXZ 0040aaf0 f   mejoint.obj
 0001:00009b80       ?Separated@ME_JOINT@@QAEHXZ 0040ab80 f   mejoint.obj
 0001:00009bf0       ?SetOrientationSensor@ME_JOINT@@QAEXXZ 0040abf0 f   mejoint.obj
 0001:00009c70       ?SetRelatedJoint@ME_JOINT@@QAEXPAV1@@Z 0040ac70 f   mejoint.obj
 0001:00009cf0       ?SwitchOnPressureSensor@ME_JOINT@@QAEXPAUdxWorld@@@Z 0040acf0 f   mejoint.obj
 0001:00009ee0       ?UpdateSpring@ME_JOINT@@QAEXXZ 0040aee0 f   mejoint.obj
 0001:0000a2f0       ?ActuateByForce@ME_JOINT@@AAEXN@Z 0040b2f0 f   mejoint.obj
 0001:0000a560       ?ActuateByPosition@ME_JOINT@@AAEXN@Z 0040b560 f   mejoint.obj
 0001:0000a5d0       ?ActuateHinge@ME_JOINT@@AAEXN@Z 0040b5d0 f   mejoint.obj
 0001:0000a690       ?ActuateSlider@ME_JOINT@@AAEXN@Z 0040b690 f   mejoint.obj
 0001:0000a770       ?ActuateByVelocity@ME_JOINT@@AAEXN@Z 0040b770 f   mejoint.obj
 0001:0000a7a0       ?FindObject@ME_JOINT@@AAEPAVME_OBJECT@@PAPAV2@HPAD@Z 0040b7a0 f   mejoint.obj
 0001:0000a840       ?NumberEntered@ME_JOINT@@AAEHPAD@Z 0040b840 f   mejoint.obj
 0001:0000a8a0       ?ReadIn@ME_JOINT@@AAEXPAVifstream@@PAPAVME_OBJECT@@HPAVNEURAL_NETWORK@@@Z 0040b8a0 f   mejoint.obj
 0001:0000b790       ?RecordTorque@ME_JOINT@@AAEXXZ 0040c790 f   mejoint.obj
 0001:0000b820       ??0ME_OBJECT@@QAE@PAUdxWorld@@PAUdxSpace@@@Z 0040c820 f   meobject.obj
 0001:0000ba70       ??0dMass@@QAE@XZ           0040ca70 f i meobject.obj
 0001:0000bab0       ??0ME_OBJECT@@QAE@HPAN0@Z  0040cab0 f   meobject.obj
 0001:0000bcb0       ??0ME_OBJECT@@QAE@PAVAGENT@@PAV0@QANPAVNEURAL_NETWORK@@@Z 0040ccb0 f   meobject.obj
 0001:0000c200       ??0ME_OBJECT@@QAE@PAVAGENT@@HPAVifstream@@HPAVNEURAL_NETWORK@@PAPAV0@@Z 0040d200 f   meobject.obj
 0001:0000c450       ??1ME_OBJECT@@QAE@XZ       0040d450 f   meobject.obj
 0001:0000c550       ?BeyondRange@ME_OBJECT@@QAEHXZ 0040d550 f   meobject.obj
 0001:0000c5f0       ?BreakageDesired@ME_OBJECT@@QAEHPAVNEURAL_NETWORK@@@Z 0040d5f0 f   meobject.obj
 0001:0000c620       ?CloseEnough@ME_OBJECT@@QAEHPAV1@@Z 0040d620 f   meobject.obj
 0001:0000c650       ?CloseEnoughToPlume@ME_OBJECT@@QAEHNN@Z 0040d650 f   meobject.obj
 0001:0000c6b0       ?CountMorphParams@ME_OBJECT@@QAEHH@Z 0040d6b0 f   meobject.obj
 0001:0000c740       ?CreateODEStuff@ME_OBJECT@@QAEXPAUdxWorld@@PAUdxSpace@@@Z 0040d740 f   meobject.obj
 0001:0000cbe0       ?Darken@ME_OBJECT@@QAEXN@Z 0040dbe0 f   meobject.obj
 0001:0000cc90       ?DestroyODEStuff@ME_OBJECT@@QAEXPAUdxSpace@@@Z 0040dc90 f   meobject.obj
 0001:0000cd70       ?DisableContacts@ME_OBJECT@@QAEXXZ 0040dd70 f   meobject.obj
 0001:0000cda0       ?Display@ME_OBJECT@@QAEXXZ 0040dda0 f   meobject.obj
 0001:0000cfb0       ?Draw@ME_OBJECT@@QAEXXZ    0040dfb0 f   meobject.obj
 0001:0000d000       ?DrawSensorNeurons@ME_OBJECT@@QAEXNN@Z 0040e000 f   meobject.obj
 0001:0000d030       ?EvolvableHeight@ME_OBJECT@@QAEHXZ 0040e030 f   meobject.obj
 0001:0000d080       ?EvolvableMass@ME_OBJECT@@QAEHXZ 0040e080 f   meobject.obj
 0001:0000d0d0       ?FindObject@ME_OBJECT@@QAEPAV1@PAPAV1@HPAD@Z 0040e0d0 f   meobject.obj
 0001:0000d170       ?FindOtherObjects@ME_OBJECT@@QAEXHPAPAV1@@Z 0040e170 f   meobject.obj
 0001:0000d3f0       ?GetDistance@ME_OBJECT@@QAENPAV1@@Z 0040e3f0 f   meobject.obj
 0001:0000d4d0       ?GetForward@ME_OBJECT@@QAENXZ 0040e4d0 f   meobject.obj
 0001:0000d520       ?GetHeight@ME_OBJECT@@QAENXZ 0040e520 f   meobject.obj
 0001:0000d590       ?GetLeft@ME_OBJECT@@QAENXZ 0040e590 f   meobject.obj
 0001:0000d5e0       ?GetPosAndRot@ME_OBJECT@@QAEXPAN0@Z 0040e5e0 f   meobject.obj
 0001:0000d7f0       _dMULTIPLY0_331            0040e7f0 f i meobject.obj
 0001:0000d860       _dDOT                      0040e860 f i meobject.obj
 0001:0000d8b0       _dMULTIPLY0_333            0040e8b0 f i meobject.obj
 0001:0000d9d0       _dDOT14                    0040e9d0 f i meobject.obj
 0001:0000da20       ?IncreasePerturbation@ME_OBJECT@@QAEXN@Z 0040ea20 f   meobject.obj
 0001:0000da90       ?IntroduceNoise@ME_OBJECT@@QAEXXZ 0040ea90 f   meobject.obj
 0001:0000db60       ?InvertColour@ME_OBJECT@@QAEXXZ 0040eb60 f   meobject.obj
 0001:0000db90       ?IsBelow@ME_OBJECT@@QAEHN@Z 0040eb90 f   meobject.obj
 0001:0000dc00       ?IsInside@ME_OBJECT@@QAEXPAV1@PAN@Z 0040ec00 f   meobject.obj
 0001:0000dd40       ?IsPartOfEnvironment@ME_OBJECT@@QAEHXZ 0040ed40 f   meobject.obj
 0001:0000dd80       ?Lighten@ME_OBJECT@@QAEXXZ 0040ed80 f   meobject.obj
 0001:0000de30       ?PartOfDebris@ME_OBJECT@@QAEHXZ 0040ee30 f   meobject.obj
 0001:0000de70       ?Push@ME_OBJECT@@QAEXNNN@Z 0040ee70 f   meobject.obj
 0001:0000df60       ?RecordTouchdown@ME_OBJECT@@QAEXPAN@Z 0040ef60 f   meobject.obj
 0001:0000dfd0       ?Reposition@ME_OBJECT@@QAEXNNN@Z 0040efd0 f   meobject.obj
 0001:0000e030       ?RequiresGeneticSpecification@ME_OBJECT@@QAEHXZ 0040f030 f   meobject.obj
 0001:0000e0a0       ?Reset@ME_OBJECT@@QAEXXZ   0040f0a0 f   meobject.obj
 0001:0000e0f0       ?Reset@ME_OBJECT@@QAEXPAUdxWorld@@PAUdxSpace@@@Z 0040f0f0 f   meobject.obj
 0001:0000e150       ?SaveToRaytracerFile@ME_OBJECT@@QAEXPAVofstream@@@Z 0040f150 f   meobject.obj
 0001:0000e600       ??6ostream@@QAEAAV0@M@Z    0040f600 f i meobject.obj
 0001:0000e650       ?SetColour@ME_OBJECT@@QAEXMMM@Z 0040f650 f   meobject.obj
 0001:0000e6a0       ?SetEvolvableParams@ME_OBJECT@@QAEXHHPAN@Z 0040f6a0 f   meobject.obj
 0001:0000e7e0       ?SetParamsBasedOnOtherObjects@ME_OBJECT@@QAEXXZ 0040f7e0 f   meobject.obj
 0001:0000ead0       ?SetOrientationSensors@ME_OBJECT@@QAEXXZ 0040fad0 f   meobject.obj
 0001:0000eda0       ?SetPressureSensor@ME_OBJECT@@QAEXXZ 0040fda0 f   meobject.obj
 0001:0000ee00       ?SwitchToGeomTransform@ME_OBJECT@@QAEXPAV1@PAUdxSpace@@@Z 0040fe00 f   meobject.obj
 0001:0000f1f0       ?ToggleFootprintDrawing@ME_OBJECT@@QAEXXZ 004101f0 f   meobject.obj
 0001:0000f2f0       ?TouchingGround@ME_OBJECT@@QAEXQAN@Z 004102f0 f   meobject.obj
 0001:0000f390       ?AdjustHeight@ME_OBJECT@@AAEXN@Z 00410390 f   meobject.obj
 0001:0000f410       ?AdjustMass@ME_OBJECT@@AAEXN@Z 00410410 f   meobject.obj
 0001:0000f560       ?AdjustRotation@ME_OBJECT@@AAEXXZ 00410560 f   meobject.obj
 0001:0000f5e0       ?AdjustX@ME_OBJECT@@AAEXN@Z 004105e0 f   meobject.obj
 0001:0000f670       ?AdjustY@ME_OBJECT@@AAEXN@Z 00410670 f   meobject.obj
 0001:0000f700       ?AdjustZ@ME_OBJECT@@AAEXN@Z 00410700 f   meobject.obj
 0001:0000f790       ?Draw@ME_OBJECT@@AAEXPAUdxGeom@@PBN1@Z 00410790 f   meobject.obj
 0001:0000f940       ?InvertRotation@ME_OBJECT@@AAEXPAN0@Z 00410940 f   meobject.obj
 0001:0000faa0       ?LockHeightTo@ME_OBJECT@@AAEXXZ 00410aa0 f   meobject.obj
 0001:0000fae0       ?LockMassTo@ME_OBJECT@@AAEXXZ 00410ae0 f   meobject.obj
 0001:0000fba0       ?NumberEntered@ME_OBJECT@@AAEHPAD@Z 00410ba0 f   meobject.obj
 0001:0000fc00       ?ReadIn@ME_OBJECT@@AAEXPAVifstream@@PAVNEURAL_NETWORK@@PAPAV1@@Z 00410c00 f   meobject.obj
 0001:00010790       ?RotToAxisAndAngle@ME_OBJECT@@AAEXPAN00@Z 00411790 f   meobject.obj
 0001:000108c0       ?SetColour@ME_OBJECT@@AAEXXZ 004118c0 f   meobject.obj
 0001:00010980       ?SetDefaultProperties@ME_OBJECT@@AAEXXZ 00411980 f   meobject.obj
 0001:00010ac0       ?SetLightSourceProperties@ME_OBJECT@@AAEXXZ 00411ac0 f   meobject.obj
 0001:00010b70       ?locase@@YADD@Z            00411b70 f   MorphEngine.obj
 0001:00010bb0       ?SetViewpoint@@YAXXZ       00411bb0 f   MorphEngine.obj
 0001:00010c20       ?Tick@@YAXHH@Z             00411c20 f   MorphEngine.obj
 0001:00011180       ?InitializeODE@@YAXHPAPAD@Z 00412180 f   MorphEngine.obj
 0001:000114c0       _main                      004124c0 f   MorphEngine.obj
 0001:00011680       ??_GENVIRONMENT@@QAEPAXI@Z 00412680 f i MorphEngine.obj
 0001:000116e0       ??_GSIM_PARAMS@@QAEPAXI@Z  004126e0 f i MorphEngine.obj
 0001:00011740       ??0NEURAL_NETWORK@@QAE@XZ  00412740 f   nnetwork.obj
 0001:000117e0       ??1NEURAL_NETWORK@@QAE@XZ  004127e0 f   nnetwork.obj
 0001:000119c0       ?AddMotor@NEURAL_NETWORK@@QAEHXZ 004129c0 f   nnetwork.obj
 0001:00011a00       ?AddSensor@NEURAL_NETWORK@@QAEHXZ 00412a00 f   nnetwork.obj
 0001:00011a40       ?GetMotorCommand@NEURAL_NETWORK@@QAENH@Z 00412a40 f   nnetwork.obj
 0001:00011a90       ?GetSensorValue@NEURAL_NETWORK@@QAENH@Z 00412a90 f   nnetwork.obj
 0001:00011ae0       ?Init@NEURAL_NETWORK@@QAEXPAVifstream@@@Z 00412ae0 f   nnetwork.obj
 0001:00011dc0       ?Print@NEURAL_NETWORK@@QAEXXZ 00412dc0 f   nnetwork.obj
 0001:00011e00       ?UpdateSensorValue@NEURAL_NETWORK@@QAEXNH@Z 00412e00 f   nnetwork.obj
 0001:00011e50       ?Update@NEURAL_NETWORK@@QAEXXZ 00412e50 f   nnetwork.obj
 0001:00011e90       ?PrintValues@NEURAL_NETWORK@@AAEXXZ 00412e90 f   nnetwork.obj
 0001:00011ee0       ?PrintWeights@NEURAL_NETWORK@@AAEXXZ 00412ee0 f   nnetwork.obj
 0001:00011f30       ?UpdateHiddenValues@NEURAL_NETWORK@@AAEXXZ 00412f30 f   nnetwork.obj
 0001:000120e0       ?UpdateOutputValues@NEURAL_NETWORK@@AAEXXZ 004130e0 f   nnetwork.obj
 0001:00012210       ??0PLUME@@QAE@N@Z          00413210 f   plume.obj
 0001:000123c0       ??1PLUME@@QAE@XZ           004133c0 f   plume.obj
 0001:00012480       ??_GPLUME_POINT@@QAEPAXI@Z 00413480 f i plume.obj
 0001:000124e0       ?ChangePtSource@PLUME@@QAEXH@Z 004134e0 f   plume.obj
 0001:00012570       ?DistToPtSource@PLUME@@QAENNN@Z 00413570 f   plume.obj
 0001:000125f0       ?Draw@PLUME@@QAEXXZ        004135f0 f   plume.obj
 0001:000126a0       ?GetConcAt@PLUME@@QAENNN@Z 004136a0 f   plume.obj
 0001:00012780       ?Reset@PLUME@@QAEXXZ       00413780 f   plume.obj
 0001:00012920       ?CalculatePtDists@PLUME@@AAEXXZ 00413920 f   plume.obj
 0001:00012a80       ?WriteToFile@PLUME@@AAEXXZ 00413a80 f   plume.obj
 0001:00012b40       ??0PLUME_POINT@@QAE@HHNN@Z 00413b40 f   plumePoint.obj
 0001:00012bc0       ??1PLUME_POINT@@QAE@XZ     00413bc0 f   plumePoint.obj
 0001:00012bf0       ?CalcDistFromPtSource@PLUME_POINT@@QAEXNN@Z 00413bf0 f   plumePoint.obj
 0001:00012c70       ?Draw@PLUME_POINT@@QAEXNNN@Z 00413c70 f   plumePoint.obj
 0001:00012eb0       ?Write@PLUME_POINT@@QAEXPAVofstream@@@Z 00413eb0 f   plumePoint.obj
 0001:00012f00       ??0SIM_PARAMS@@QAE@HPAPAD@Z 00413f00 f   simParams.obj
 0001:000131c0       ??_Difstream@@QAEXXZ       004141c0 f i simParams.obj
 0001:00013210       ??1SIM_PARAMS@@QAE@XZ      00414210 f   simParams.obj
 0001:00013370       ?AngleBetween@SIM_PARAMS@@QAENPAN0@Z 00414370 f   simParams.obj
 0001:000133f0       ?CloseFiles@SIM_PARAMS@@QAEXXZ 004143f0 f   simParams.obj
 0001:00013580       ?CloseOutputFiles@SIM_PARAMS@@QAEXXZ 00414580 f   simParams.obj
 0001:000138f0       ?Cross@SIM_PARAMS@@QAEXPAN00@Z 004148f0 f   simParams.obj
 0001:00013980       ?DestroyMotorCommands@SIM_PARAMS@@QAEXXZ 00414980 f   simParams.obj
 0001:00013a50       ?DistBetween@SIM_PARAMS@@QAENPAN0@Z 00414a50 f   simParams.obj
 0001:00013ae0       ?Dot@SIM_PARAMS@@QAENPAN0@Z 00414ae0 f   simParams.obj
 0001:00013b30       ?FileDelete@SIM_PARAMS@@QAEXPAD@Z 00414b30 f   simParams.obj
 0001:00013b90       ?FileExists@SIM_PARAMS@@QAEHPAD@Z 00414b90 f   simParams.obj
 0001:00013cb0       ?good@ios@@QBEHXZ          00414cb0 f i simParams.obj
 0001:00013cf0       ?FileRename@SIM_PARAMS@@QAEXPAD0@Z 00414cf0 f   simParams.obj
 0001:00013d60       ?FlipCoin@SIM_PARAMS@@QAEHXZ 00414d60 f   simParams.obj
 0001:00013dd0       ?GetMotorCommands@SIM_PARAMS@@QAEXXZ 00414dd0 f   simParams.obj
 0001:00013ec0       ?MagnitudeOfVector@SIM_PARAMS@@QAENPAN@Z 00414ec0 f   simParams.obj
 0001:00013f30       ?Normalize@SIM_PARAMS@@QAEXPAN@Z 00414f30 f   simParams.obj
 0001:00013fa0       ?OpenFiles@SIM_PARAMS@@QAEXXZ 00414fa0 f   simParams.obj
 0001:00014160       ?Rand@SIM_PARAMS@@QAENNN@Z 00415160 f   simParams.obj
 0001:000141c0       ?RandInt@SIM_PARAMS@@QAEHHH@Z 004151c0 f   simParams.obj
 0001:00014220       ?Scale@SIM_PARAMS@@QAENNNNNN@Z 00415220 f   simParams.obj
 0001:00014280       ?SetDefaultRotation@SIM_PARAMS@@QAEXPAN@Z 00415280 f   simParams.obj
 0001:00014340       ?VectAdd@SIM_PARAMS@@QAEXPAN00@Z 00415340 f   simParams.obj
 0001:000143a0       ?VectMult@SIM_PARAMS@@QAEXPANN@Z 004153a0 f   simParams.obj
 0001:00014400       ?VectSub@SIM_PARAMS@@QAEXPAN00@Z 00415400 f   simParams.obj
 0001:00014460       ?WriteToNoiseFile@SIM_PARAMS@@QAEXN@Z 00415460 f   simParams.obj
 0001:00014540       ?OpenOutputFiles@SIM_PARAMS@@AAEXXZ 00415540 f   simParams.obj
 0001:00014910       ?ParseParameters@SIM_PARAMS@@AAEXHPAPAD@Z 00415910 f   simParams.obj
 0001:00014b10       ?PrintHelp@SIM_PARAMS@@AAEXXZ 00415b10 f   simParams.obj
 0001:00014c80       ??0TRAJECTORY@@QAE@H@Z     00415c80 f   trajectory.obj
 0001:00014d20       ??1TRAJECTORY@@QAE@XZ      00415d20 f   trajectory.obj
 0001:00014db0       ?Draw@TRAJECTORY@@QAEXNNN@Z 00415db0 f   trajectory.obj
 0001:00014de0       ?Reset@TRAJECTORY@@QAEXXZ  00415de0 f   trajectory.obj
 0001:00014e70       ?Store@TRAJECTORY@@QAEXHNNN@Z 00415e70 f   trajectory.obj
 0001:00014ee0       ??0DEBRIS@@QAE@HNN@Z       00415ee0 f   debris.obj
 0001:00014fc0       ??1DEBRIS@@QAE@XZ          00415fc0 f   debris.obj
 0001:00015070       ?CreateODEStuff@DEBRIS@@QAEXPAUdxWorld@@PAUdxSpace@@@Z 00416070 f   debris.obj
 0001:00015100       ?DestroyODEStuff@DEBRIS@@QAEXPAUdxSpace@@@Z 00416100 f   debris.obj
 0001:00015170       ?Draw@DEBRIS@@QAEXXZ       00416170 f   debris.obj
 0001:000151d0       ?Move@DEBRIS@@QAEXPAUdxWorld@@PAUdxSpace@@PANNN@Z 004161d0 f   debris.obj
 0001:00015210       ?CreateEmbeddedRubble@DEBRIS@@AAEXXZ 00416210 f   debris.obj
 0001:00015290       ?CreateLooseRubble@DEBRIS@@AAEXXZ 00416290 f   debris.obj
 0001:00015450       ?CreateFixedRubble@DEBRIS@@AAEXXZ 00416450 f   debris.obj
 0001:00015540       ?CreateRamp@DEBRIS@@AAEXXZ 00416540 f   debris.obj
 0001:00015740       ?CreateUnevenFloor@DEBRIS@@AAEXNN@Z 00416740 f   debris.obj
 0001:000159c0       ?GetCentreOfMass@DEBRIS@@AAEXPAN@Z 004169c0 f   debris.obj
 0001:00015ac0       ?RecordDebris@DEBRIS@@AAEXXZ 00416ac0 f   debris.obj
 0001:00015c00       ?RollLeft@DEBRIS@@AAEXPAUdxWorld@@PAUdxSpace@@@Z 00416c00 f   debris.obj
 0001:00015d30       ?RollRight@DEBRIS@@AAEXPAUdxWorld@@PAUdxSpace@@@Z 00416d30 f   debris.obj
 0001:00015e60       _dCollide                  00416e60 f   ode:collision_kernel.obj
 0001:00015f20       ??0dxGeom@@QAE@PAUdxSpace@@H@Z 00416f20 f   ode:collision_kernel.obj
 0001:00016210       ??_GdxGeom@@UAEPAXI@Z      00417210 f i ode:collision_kernel.obj
 0001:00016210       ??_EdxGeom@@UAEPAXI@Z      00417210 f i ode:collision_kernel.obj
 0001:00016230       ??1dxGeom@@UAE@XZ          00417230 f   ode:collision_kernel.obj
 0001:00016280       ?AABBTest@dxGeom@@UAEHPAU1@QAN@Z 00417280 f   ode:collision_kernel.obj
 0001:00016290       ?bodyRemove@dxGeom@@QAEXXZ 00417290 f   ode:collision_kernel.obj
 0001:000162d0       _dGeomGetBodyNext          004172d0 f   ode:collision_kernel.obj
 0001:000162e0       _dGeomDestroy              004172e0 f   ode:collision_kernel.obj
 0001:000162f0       _dGeomSetData              004172f0 f   ode:collision_kernel.obj
 0001:00016300       _dGeomGetData              00417300 f   ode:collision_kernel.obj
 0001:00016310       _dGeomSetBody              00417310 f   ode:collision_kernel.obj
 0001:000163b0       _dGeomGetBody              004173b0 f   ode:collision_kernel.obj
 0001:000163c0       _dGeomSetPosition          004173c0 f   ode:collision_kernel.obj
 0001:00016440       _dGeomSetRotation          00417440 f   ode:collision_kernel.obj
 0001:00016480       _dGeomSetQuaternion        00417480 f   ode:collision_kernel.obj
 0001:000164c0       _dGeomGetPosition          004174c0 f   ode:collision_kernel.obj
 0001:000164d0       _dGeomGetRotation          004174d0 f   ode:collision_kernel.obj
 0001:000164e0       _dGeomGetQuaternion        004174e0 f   ode:collision_kernel.obj
 0001:00016540       _dGeomGetAABB              00417540 f   ode:collision_kernel.obj
 0001:00016570       _dGeomIsSpace              00417570 f   ode:collision_kernel.obj
 0001:00016590       _dGeomGetSpace             00417590 f   ode:collision_kernel.obj
 0001:000165a0       _dGeomGetClass             004175a0 f   ode:collision_kernel.obj
 0001:000165b0       _dGeomSetCategoryBits      004175b0 f   ode:collision_kernel.obj
 0001:000165c0       _dGeomSetCollideBits       004175c0 f   ode:collision_kernel.obj
 0001:000165d0       _dGeomGetCategoryBits      004175d0 f   ode:collision_kernel.obj
 0001:000165e0       _dGeomGetCollideBits       004175e0 f   ode:collision_kernel.obj
 0001:000165f0       _dGeomEnable               004175f0 f   ode:collision_kernel.obj
 0001:00016600       _dGeomDisable              00417600 f   ode:collision_kernel.obj
 0001:00016610       _dGeomIsEnabled            00417610 f   ode:collision_kernel.obj
 0001:00016620       ??0dxUserGeom@@QAE@H@Z     00417620 f   ode:collision_kernel.obj
 0001:00016670       ??_EdxUserGeom@@UAEPAXI@Z  00417670 f i ode:collision_kernel.obj
 0001:00016670       ??_GdxUserGeom@@UAEPAXI@Z  00417670 f i ode:collision_kernel.obj
 0001:00016690       ??1dxUserGeom@@UAE@XZ      00417690 f   ode:collision_kernel.obj
 0001:000166e0       ?computeAABB@dxUserGeom@@UAEXXZ 004176e0 f   ode:collision_kernel.obj
 0001:00016700       ?AABBTest@dxUserGeom@@UAEHPAUdxGeom@@QAN@Z 00417700 f   ode:collision_kernel.obj
 0001:00016740       _dCreateGeomClass          00417740 f   ode:collision_kernel.obj
 0001:00016840       _dGeomGetClassData         00417840 f   ode:collision_kernel.obj
 0001:00016850       _dCreateGeom               00417850 f   ode:collision_kernel.obj
 0001:00016870       _dCloseODE                 00417870 f   ode:collision_kernel.obj
 0001:00016880       ?dWorldCheck@@YAXPAUdxWorld@@@Z 00417880 f   ode:ode.obj
 0001:00016b50       _dBodyCreate               00417b50 f   ode:ode.obj
 0001:00016cb0       _dBodyDestroy              00417cb0 f   ode:ode.obj
 0001:00016da0       _dBodySetData              00417da0 f   ode:ode.obj
 0001:00016db0       _dBodyGetData              00417db0 f   ode:ode.obj
 0001:00016dc0       _dBodySetPosition          00417dc0 f   ode:ode.obj
 0001:00016e20       _dBodySetRotation          00417e20 f   ode:ode.obj
 0001:00016ed0       _dBodySetQuaternion        00417ed0 f   ode:ode.obj
 0001:00016f60       _dBodySetLinearVel         00417f60 f   ode:ode.obj
 0001:00016fa0       _dBodySetAngularVel        00417fa0 f   ode:ode.obj
 0001:00016fe0       _dBodyGetPosition          00417fe0 f   ode:ode.obj
 0001:00016ff0       _dBodyGetRotation          00417ff0 f   ode:ode.obj
 0001:00017000       _dBodyGetQuaternion        00418000 f   ode:ode.obj
 0001:00017010       _dBodyGetLinearVel         00418010 f   ode:ode.obj
 0001:00017020       _dBodyGetAngularVel        00418020 f   ode:ode.obj
 0001:00017030       _dBodySetMass              00418030 f   ode:ode.obj
 0001:00017080       _dBodyGetMass              00418080 f   ode:ode.obj
 0001:000170a0       _dBodyAddForce             004180a0 f   ode:ode.obj
 0001:000170e0       _dBodyAddTorque            004180e0 f   ode:ode.obj
 0001:00017120       _dBodyAddRelForce          00418120 f   ode:ode.obj
 0001:000171d0       _dBodyAddRelTorque         004181d0 f   ode:ode.obj
 0001:00017280       _dBodyAddForceAtPos        00418280 f   ode:ode.obj
 0001:00017320       _dBodyAddForceAtRelPos     00418320 f   ode:ode.obj
 0001:00017410       _dBodyAddRelForceAtPos     00418410 f   ode:ode.obj
 0001:00017520       _dBodyAddRelForceAtRelPos  00418520 f   ode:ode.obj
 0001:00017670       _dBodyGetForce             00418670 f   ode:ode.obj
 0001:00017680       _dBodyGetTorque            00418680 f   ode:ode.obj
 0001:00017690       _dBodySetForce             00418690 f   ode:ode.obj
 0001:000176d0       _dBodySetTorque            004186d0 f   ode:ode.obj
 0001:00017710       _dBodyGetRelPointPos       00418710 f   ode:ode.obj
 0001:000177b0       _dBodyGetRelPointVel       004187b0 f   ode:ode.obj
 0001:000178a0       _dBodyGetPointVel          004188a0 f   ode:ode.obj
 0001:00017940       _dBodyGetPosRelPoint       00418940 f   ode:ode.obj
 0001:000179d0       _dBodyVectorToWorld        004189d0 f   ode:ode.obj
 0001:00017a50       _dBodyVectorFromWorld      00418a50 f   ode:ode.obj
 0001:00017ad0       _dBodySetFiniteRotationMode 00418ad0 f   ode:ode.obj
 0001:00017b30       _dBodySetFiniteRotationAxis 00418b30 f   ode:ode.obj
 0001:00017bc0       _dBodyGetFiniteRotationMode 00418bc0 f   ode:ode.obj
 0001:00017bd0       _dBodyGetFiniteRotationAxis 00418bd0 f   ode:ode.obj
 0001:00017c10       _dBodyGetNumJoints         00418c10 f   ode:ode.obj
 0001:00017c30       _dBodyGetJoint             00418c30 f   ode:ode.obj
 0001:00017c60       _dBodyEnable               00418c60 f   ode:ode.obj
 0001:00017c70       _dBodyDisable              00418c70 f   ode:ode.obj
 0001:00017c80       _dBodyIsEnabled            00418c80 f   ode:ode.obj
 0001:00017c90       _dBodySetGravityMode       00418c90 f   ode:ode.obj
 0001:00017cb0       _dBodyGetGravityMode       00418cb0 f   ode:ode.obj
 0001:00017cc0       _dJointCreateBall          00418cc0 f   ode:ode.obj
 0001:00017db0       _dJointCreateHinge         00418db0 f   ode:ode.obj
 0001:00017dd0       _dJointCreateSlider        00418dd0 f   ode:ode.obj
 0001:00017df0       _dJointCreateContact       00418df0 f   ode:ode.obj
 0001:00017e20       _dJointCreateHinge2        00418e20 f   ode:ode.obj
 0001:00017e40       _dJointCreateUniversal     00418e40 f   ode:ode.obj
 0001:00017e60       _dJointCreateFixed         00418e60 f   ode:ode.obj
 0001:00017e80       _dJointCreateNull          00418e80 f   ode:ode.obj
 0001:00017ea0       _dJointCreateAMotor        00418ea0 f   ode:ode.obj
 0001:00017ec0       _dJointDestroy             00418ec0 f   ode:ode.obj
 0001:00017f10       _dJointGroupCreate         00418f10 f   ode:ode.obj
 0001:00017f40       _dJointGroupDestroy        00418f40 f   ode:ode.obj
 0001:00017f70       _dJointGroupEmpty          00418f70 f   ode:ode.obj
 0001:00018030       _dJointAttach              00419030 f   ode:ode.obj
 0001:000180b0       _dJointSetData             004190b0 f   ode:ode.obj
 0001:000180c0       _dJointGetData             004190c0 f   ode:ode.obj
 0001:000180d0       _dJointGetType             004190d0 f   ode:ode.obj
 0001:000180e0       _dJointGetBody             004190e0 f   ode:ode.obj
 0001:00018100       _dJointSetFeedback         00419100 f   ode:ode.obj
 0001:00018110       _dJointGetFeedback         00419110 f   ode:ode.obj
 0001:00018120       _dAreConnected             00419120 f   ode:ode.obj
 0001:00018150       _dAreConnectedExcluding    00419150 f   ode:ode.obj
 0001:00018190       _dWorldCreate              00419190 f   ode:ode.obj
 0001:000181e0       _dWorldDestroy             004191e0 f   ode:ode.obj
 0001:00018260       _dWorldSetGravity          00419260 f   ode:ode.obj
 0001:00018290       _dWorldGetGravity          00419290 f   ode:ode.obj
 0001:000182c0       _dWorldSetERP              004192c0 f   ode:ode.obj
 0001:000182d0       _dWorldGetERP              004192d0 f   ode:ode.obj
 0001:000182e0       _dWorldSetCFM              004192e0 f   ode:ode.obj
 0001:000182f0       _dWorldGetCFM              004192f0 f   ode:ode.obj
 0001:00018300       _dWorldStep                00419300 f   ode:ode.obj
 0001:000184e0       _dWorldImpulseToForce      004194e0 f   ode:ode.obj
 0001:00018510       _dTestDataStructures       00419510 f   ode:ode.obj
 0001:00018760       ??0dxSphere@@QAE@PAUdxSpace@@N@Z 00419760 f   ode:collision_std.obj
 0001:00018790       ??_GdxSphere@@UAEPAXI@Z    00419790 f i ode:collision_std.obj
 0001:00018790       ??_EdxSphere@@UAEPAXI@Z    00419790 f i ode:collision_std.obj
 0001:000187b0       ?computeAABB@dxSphere@@UAEXXZ 004197b0 f   ode:collision_std.obj
 0001:000187f0       _dCreateSphere             004197f0 f   ode:collision_std.obj
 0001:00018820       _dGeomSphereSetRadius      00419820 f   ode:collision_std.obj
 0001:00018840       _dGeomSphereGetRadius      00419840 f   ode:collision_std.obj
 0001:00018850       _dGeomSpherePointDepth     00419850 f   ode:collision_std.obj
 0001:00018890       ??0dxBox@@QAE@PAUdxSpace@@NNN@Z 00419890 f   ode:collision_std.obj
 0001:000188e0       ??_EdxBox@@UAEPAXI@Z       004198e0 f i ode:collision_std.obj
 0001:000188e0       ??_GdxBox@@UAEPAXI@Z       004198e0 f i ode:collision_std.obj
 0001:00018910       ?computeAABB@dxBox@@UAEXXZ 00419910 f   ode:collision_std.obj
 0001:000189c0       _dCreateBox                004199c0 f   ode:collision_std.obj
 0001:00018a00       _dGeomBoxSetLengths        00419a00 f   ode:collision_std.obj
 0001:00018a30       _dGeomBoxGetLengths        00419a30 f   ode:collision_std.obj
 0001:00018a60       _dGeomBoxPointDepth        00419a60 f   ode:collision_std.obj
 0001:00018b40       ??0dxCCylinder@@QAE@PAUdxSpace@@NN@Z 00419b40 f   ode:collision_std.obj
 0001:00018b80       ??_GdxCCylinder@@UAEPAXI@Z 00419b80 f i ode:collision_std.obj
 0001:00018b80       ??_EdxCCylinder@@UAEPAXI@Z 00419b80 f i ode:collision_std.obj
 0001:00018ba0       ?computeAABB@dxCCylinder@@UAEXXZ 00419ba0 f   ode:collision_std.obj
 0001:00018c20       _dCreateCCylinder          00419c20 f   ode:collision_std.obj
 0001:00018c60       _dGeomCCylinderSetParams   00419c60 f   ode:collision_std.obj
 0001:00018c90       _dGeomCCylinderGetParams   00419c90 f   ode:collision_std.obj
 0001:00018cc0       _dGeomCCylinderPointDepth  00419cc0 f   ode:collision_std.obj
 0001:00018d80       ??0dxPlane@@QAE@PAUdxSpace@@NNNN@Z 00419d80 f   ode:collision_std.obj
 0001:00018e80       ??_EdxPlane@@UAEPAXI@Z     00419e80 f i ode:collision_std.obj
 0001:00018e80       ??_GdxPlane@@UAEPAXI@Z     00419e80 f i ode:collision_std.obj
 0001:00018eb0       ?computeAABB@dxPlane@@UAEXXZ 00419eb0 f   ode:collision_std.obj
 0001:00018f10       _dCreatePlane              00419f10 f   ode:collision_std.obj
 0001:00018f60       _dGeomPlaneSetParams       00419f60 f   ode:collision_std.obj
 0001:00018fb0       _dGeomPlaneGetParams       00419fb0 f   ode:collision_std.obj
 0001:00018ff0       _dGeomPlanePointDepth      00419ff0 f   ode:collision_std.obj
 0001:00019020       ??0dxRay@@QAE@PAUdxSpace@@N@Z 0041a020 f   ode:collision_std.obj
 0001:00019050       ??_EdxRay@@UAEPAXI@Z       0041a050 f i ode:collision_std.obj
 0001:00019050       ??_GdxRay@@UAEPAXI@Z       0041a050 f i ode:collision_std.obj
 0001:00019070       ?computeAABB@dxRay@@UAEXXZ 0041a070 f   ode:collision_std.obj
 0001:00019130       _dCreateRay                0041a130 f   ode:collision_std.obj
 0001:00019160       _dGeomRaySetLength         0041a160 f   ode:collision_std.obj
 0001:00019180       _dGeomRayGetLength         0041a180 f   ode:collision_std.obj
 0001:00019190       _dGeomRaySet               0041a190 f   ode:collision_std.obj
 0001:000191f0       _dGeomRayGet               0041a1f0 f   ode:collision_std.obj
 0001:00019260       _dGeomRaySetParams         0041a260 f   ode:collision_std.obj
 0001:000192b0       _dGeomRayGetParams         0041a2b0 f   ode:collision_std.obj
 0001:000192e0       _dCreateGeomGroup          0041a2e0 f   ode:collision_std.obj
 0001:00019300       _dGeomGroupAdd             0041a300 f   ode:collision_std.obj
 0001:00019320       _dGeomGroupRemove          0041a320 f   ode:collision_std.obj
 0001:00019340       _dGeomGroupGetNumGeoms     0041a340 f   ode:collision_std.obj
 0001:00019350       _dGeomGroupGetGeom         0041a350 f   ode:collision_std.obj
 0001:00019370       _dGeomGroupQuery           0041a370 f   ode:collision_std.obj
 0001:00019390       ?cullPoints@@YAXHQANHHQAH@Z 0041a390 f   ode:collision_std.obj
 0001:000195a0       ?dBoxBox@@YAHQBN00000QANPANPAHHPAUdContactGeom@@H@Z 0041a5a0 f   ode:collision_std.obj
 0001:0001b300       ?dCollideSphereSphere@@YAHPAUdxGeom@@0HPAUdContactGeom@@H@Z 0041c300 f   ode:collision_std.obj
 0001:0001b340       ?dCollideSphereBox@@YAHPAUdxGeom@@0HPAUdContactGeom@@H@Z 0041c340 f   ode:collision_std.obj
 0001:0001b700       ?dCollideSpherePlane@@YAHPAUdxGeom@@0HPAUdContactGeom@@H@Z 0041c700 f   ode:collision_std.obj
 0001:0001b7a0       ?dCollideBoxBox@@YAHPAUdxGeom@@0HPAUdContactGeom@@H@Z 0041c7a0 f   ode:collision_std.obj
 0001:0001b840       ?dCollideBoxPlane@@YAHPAUdxGeom@@0HPAUdContactGeom@@H@Z 0041c840 f   ode:collision_std.obj
 0001:0001bf20       ?dCollideCCylinderSphere@@YAHPAUdxGeom@@0HPAUdContactGeom@@H@Z 0041cf20 f   ode:collision_std.obj
 0001:0001bff0       ?dCollideCCylinderBox@@YAHPAUdxGeom@@0HPAUdContactGeom@@H@Z 0041cff0 f   ode:collision_std.obj
 0001:0001c0c0       ?dCollideCCylinderCCylinder@@YAHPAUdxGeom@@0HPAUdContactGeom@@H@Z 0041d0c0 f   ode:collision_std.obj
 0001:0001c5b0       ?dCollideCCylinderPlane@@YAHPAUdxGeom@@0HPAUdContactGeom@@H@Z 0041d5b0 f   ode:collision_std.obj
 0001:0001c7e0       ?dCollideRaySphere@@YAHPAUdxGeom@@0HPAUdContactGeom@@H@Z 0041d7e0 f   ode:collision_std.obj
 0001:0001c9e0       ?dCollideRayBox@@YAHPAUdxGeom@@0HPAUdContactGeom@@H@Z 0041d9e0 f   ode:collision_std.obj
 0001:0001cd50       ?dCollideRayCCylinder@@YAHPAUdxGeom@@0HPAUdContactGeom@@H@Z 0041dd50 f   ode:collision_std.obj
 0001:0001d160       ?dCollideRayPlane@@YAHPAUdxGeom@@0HPAUdContactGeom@@H@Z 0041e160 f   ode:collision_std.obj
 0001:0001d270       _dGeomMoved                0041e270 f   ode:collision_space.obj
 0001:0001d2c0       ??0dxSpace@@QAE@PAU0@@Z    0041e2c0 f   ode:collision_space.obj
 0001:0001d300       ??_GdxSpace@@UAEPAXI@Z     0041e300 f i ode:collision_space.obj
 0001:0001d300       ??_EdxSpace@@UAEPAXI@Z     0041e300 f i ode:collision_space.obj
 0001:0001d330       ??1dxSpace@@UAE@XZ         0041e330 f   ode:collision_space.obj
 0001:0001d390       ?computeAABB@dxSpace@@UAEXXZ 0041e390 f   ode:collision_space.obj
 0001:0001d490       ?setCleanup@dxSpace@@QAEXH@Z 0041e490 f   ode:collision_space.obj
 0001:0001d4b0       ?getCleanup@dxSpace@@QAEHXZ 0041e4b0 f   ode:collision_space.obj
 0001:0001d4c0       ?query@dxSpace@@QAEHPAUdxGeom@@@Z 0041e4c0 f   ode:collision_space.obj
 0001:0001d4e0       ?getNumGeoms@dxSpace@@QAEHXZ 0041e4e0 f   ode:collision_space.obj
 0001:0001d4f0       ?getGeom@dxSpace@@UAEPAUdxGeom@@H@Z 0041e4f0 f   ode:collision_space.obj
 0001:0001d540       ?add@dxSpace@@UAEXPAUdxGeom@@@Z 0041e540 f   ode:collision_space.obj
 0001:0001d590       ?remove@dxSpace@@UAEXPAUdxGeom@@@Z 0041e590 f   ode:collision_space.obj
 0001:0001d5d0       ?dirty@dxSpace@@UAEXPAUdxGeom@@@Z 0041e5d0 f   ode:collision_space.obj
 0001:0001d610       ??0dxSimpleSpace@@QAE@PAUdxSpace@@@Z 0041e610 f   ode:collision_space.obj
 0001:0001d630       ??_GdxSimpleSpace@@UAEPAXI@Z 0041e630 f i ode:collision_space.obj
 0001:0001d630       ??_EdxSimpleSpace@@UAEPAXI@Z 0041e630 f i ode:collision_space.obj
 0001:0001d660       ?cleanGeoms@dxSimpleSpace@@UAEXXZ 0041e660 f   ode:collision_space.obj
 0001:0001d6c0       ?collide@dxSimpleSpace@@UAEXPAXP6AX0PAUdxGeom@@1@Z@Z 0041e6c0 f   ode:collision_space.obj
 0001:0001d7f0       ?collide2@dxSimpleSpace@@UAEXPAXPAUdxGeom@@P6AX011@Z@Z 0041e7f0 f   ode:collision_space.obj
 0001:0001d870       ??0dxHashSpace@@QAE@PAUdxSpace@@@Z 0041e870 f   ode:collision_space.obj
 0001:0001d8b0       ??_GdxHashSpace@@UAEPAXI@Z 0041e8b0 f i ode:collision_space.obj
 0001:0001d8b0       ??_EdxHashSpace@@UAEPAXI@Z 0041e8b0 f i ode:collision_space.obj
 0001:0001d8e0       ?setLevels@dxHashSpace@@QAEXHH@Z 0041e8e0 f   ode:collision_space.obj
 0001:0001d900       ?cleanGeoms@dxHashSpace@@UAEXXZ 0041e900 f   ode:collision_space.obj
 0001:0001d960       ?collide@dxHashSpace@@UAEXPAXP6AX0PAUdxGeom@@1@Z@Z 0041e960 f   ode:collision_space.obj
 0001:0001de90       ?collide2@dxHashSpace@@UAEXPAXPAUdxGeom@@P6AX011@Z@Z 0041ee90 f   ode:collision_space.obj
 0001:0001deb0       _dSimpleSpaceCreate        0041eeb0 f   ode:collision_space.obj
 0001:0001dee0       _dHashSpaceCreate          0041eee0 f   ode:collision_space.obj
 0001:0001df10       _dHashSpaceSetLevels       0041ef10 f   ode:collision_space.obj
 0001:0001df30       _dSpaceDestroy             0041ef30 f   ode:collision_space.obj
 0001:0001df40       _dSpaceSetCleanup          0041ef40 f   ode:collision_space.obj
 0001:0001df50       _dSpaceGetCleanup          0041ef50 f   ode:collision_space.obj
 0001:0001df60       _dSpaceAdd                 0041ef60 f   ode:collision_space.obj
 0001:0001df70       _dSpaceRemove              0041ef70 f   ode:collision_space.obj
 0001:0001df80       _dSpaceQuery               0041ef80 f   ode:collision_space.obj
 0001:0001df90       _dSpaceGetNumGeoms         0041ef90 f   ode:collision_space.obj
 0001:0001dfa0       _dSpaceGetGeom             0041efa0 f   ode:collision_space.obj
 0001:0001dfb0       _dSpaceCollide             0041efb0 f   ode:collision_space.obj
 0001:0001dfd0       _dSpaceCollide2            0041efd0 f   ode:collision_space.obj
 0001:0001e0d0       ?init@dxJointLimitMotor@@QAEXPAUdxWorld@@@Z 0041f0d0 f   ode:joint.obj
 0001:0001e140       ?set@dxJointLimitMotor@@QAEXHN@Z 0041f140 f   ode:joint.obj
 0001:0001e270       ?get@dxJointLimitMotor@@QAENH@Z 0041f270 f   ode:joint.obj
 0001:0001e2f0       ?testRotationalLimit@dxJointLimitMotor@@QAEHN@Z 0041f2f0 f   ode:joint.obj
 0001:0001e350       ?addLimot@dxJointLimitMotor@@QAEHPAUdxJoint@@PAUInfo2@2@HQANH@Z 0041f350 f   ode:joint.obj
 0001:0001eba0       _dJointSetBallAnchor       0041fba0 f   ode:joint.obj
 0001:0001ed30       _dJointGetBallAnchor       0041fd30 f   ode:joint.obj
 0001:0001eef0       _dJointGetBallAnchor2      0041fef0 f   ode:joint.obj
 0001:0001f680       _dJointSetHingeAnchor      00420680 f   ode:joint.obj
 0001:0001f730       _dJointSetHingeAxis        00420730 f   ode:joint.obj
 0001:0001f8f0       _dJointGetHingeAnchor      004208f0 f   ode:joint.obj
 0001:0001f920       _dJointGetHingeAnchor2     00420920 f   ode:joint.obj
 0001:0001f950       _dJointGetHingeAxis        00420950 f   ode:joint.obj
 0001:0001f9f0       _dJointSetHingeParam       004209f0 f   ode:joint.obj
 0001:0001fa10       _dJointGetHingeParam       00420a10 f   ode:joint.obj
 0001:0001fa30       _dJointGetHingeAngle       00420a30 f   ode:joint.obj
 0001:0001fa60       _dJointGetHingeAngleRate   00420a60 f   ode:joint.obj
 0001:0001fba0       _dJointGetSliderPosition   00420ba0 f   ode:joint.obj
 0001:0001fd00       _dJointGetSliderPositionRate 00420d00 f   ode:joint.obj
 0001:00020590       _dJointSetSliderAxis       00421590 f   ode:joint.obj
 0001:00020700       _dJointGetSliderAxis       00421700 f   ode:joint.obj
 0001:00020720       _dJointSetSliderParam      00421720 f   ode:joint.obj
 0001:00020740       _dJointGetSliderParam      00421740 f   ode:joint.obj
 0001:00021ad0       _dJointSetHinge2Anchor     00422ad0 f   ode:joint.obj
 0001:00021df0       _dJointSetHinge2Axis1      00422df0 f   ode:joint.obj
 0001:00022010       _dJointSetHinge2Axis2      00423010 f   ode:joint.obj
 0001:00022230       _dJointSetHinge2Param      00423230 f   ode:joint.obj
 0001:000222b0       _dJointGetHinge2Anchor     004232b0 f   ode:joint.obj
 0001:000222e0       _dJointGetHinge2Anchor2    004232e0 f   ode:joint.obj
 0001:00022310       _dJointGetHinge2Axis1      00423310 f   ode:joint.obj
 0001:000223a0       _dJointGetHinge2Axis2      004233a0 f   ode:joint.obj
 0001:00022440       _dJointGetHinge2Param      00423440 f   ode:joint.obj
 0001:000224a0       _dJointGetHinge2Angle1     004234a0 f   ode:joint.obj
 0001:000224c0       _dJointGetHinge2Angle1Rate 004234c0 f   ode:joint.obj
 0001:000225b0       _dJointGetHinge2Angle2Rate 004235b0 f   ode:joint.obj
 0001:00022fe0       _dJointSetUniversalAnchor  00423fe0 f   ode:joint.obj
 0001:00023160       _dJointSetUniversalAxis1   00424160 f   ode:joint.obj
 0001:000231e0       _dJointSetUniversalAxis2   004241e0 f   ode:joint.obj
 0001:00023260       _dJointGetUniversalAnchor  00424260 f   ode:joint.obj
 0001:00023290       _dJointGetUniversalAnchor2 00424290 f   ode:joint.obj
 0001:000232c0       _dJointGetUniversalAxis1   004242c0 f   ode:joint.obj
 0001:000233b0       _dJointGetUniversalAxis2   004243b0 f   ode:joint.obj
 0001:000233f0       _dJointSetUniversalParam   004243f0 f   ode:joint.obj
 0001:00023440       _dJointGetUniversalParam   00424440 f   ode:joint.obj
 0001:00023480       _dJointGetUniversalAngle1  00424480 f   ode:joint.obj
 0001:000234a0       _dJointGetUniversalAngle2  004244a0 f   ode:joint.obj
 0001:000234c0       _dJointGetUniversalAngle1Rate 004244c0 f   ode:joint.obj
 0001:00023560       _dJointGetUniversalAngle2Rate 00424560 f   ode:joint.obj
 0001:00023cb0       _dJointSetAMotorNumAxes    00424cb0 f   ode:joint.obj
 0001:00023ce0       _dJointSetAMotorAxis       00424ce0 f   ode:joint.obj
 0001:00023f70       _dJointSetAMotorAngle      00424f70 f   ode:joint.obj
 0001:00023fb0       _dJointSetAMotorParam      00424fb0 f   ode:joint.obj
 0001:00023ff0       _dJointSetAMotorMode       00424ff0 f   ode:joint.obj
 0001:00024010       _dJointGetAMotorNumAxes    00425010 f   ode:joint.obj
 0001:00024020       _dJointGetAMotorAxis       00425020 f   ode:joint.obj
 0001:00024140       _dJointGetAMotorAxisRel    00425140 f   ode:joint.obj
 0001:00024170       _dJointGetAMotorAngle      00425170 f   ode:joint.obj
 0001:000241a0       _dJointGetAMotorAngleRate  004251a0 f   ode:joint.obj
 0001:000241c0       _dJointGetAMotorParam      004251c0 f   ode:joint.obj
 0001:00024200       _dJointGetAMotorMode       00425200 f   ode:joint.obj
 0001:00024570       _dJointSetFixed            00425570 f   ode:joint.obj
 0001:000246a0       _dMassSetZero              004256a0 f   ode:mass.obj
 0001:000246d0       _dMassSetParameters        004256d0 f   ode:mass.obj
 0001:00024990       _dMassSetSphere            00425990 f   ode:mass.obj
 0001:000249d0       _dMassSetSphereTotal       004259d0 f   ode:mass.obj
 0001:00024a10       _dMassSetCappedCylinder    00425a10 f   ode:mass.obj
 0001:00024ab0       _dMassSetCappedCylinderTotal 00425ab0 f   ode:mass.obj
 0001:00024af0       _dMassSetCylinder          00425af0 f   ode:mass.obj
 0001:00024b40       _dMassSetCylinderTotal     00425b40 f   ode:mass.obj
 0001:00024ba0       _dMassSetBox               00425ba0 f   ode:mass.obj
 0001:00024bf0       _dMassSetBoxTotal          00425bf0 f   ode:mass.obj
 0001:00024c60       _dMassAdjust               00425c60 f   ode:mass.obj
 0001:00024ca0       _dMassTranslate            00425ca0 f   ode:mass.obj
 0001:00025080       _dMassRotate               00426080 f   ode:mass.obj
 0001:000252c0       _dMassAdd                  004262c0 f   ode:mass.obj
 0001:00025320       _dRSetIdentity             00426320 f   ode:rotation.obj
 0001:00025380       _dRFromAxisAndAngle        00426380 f   ode:rotation.obj
 0001:000253d0       _dRFromEulerAngles         004263d0 f   ode:rotation.obj
 0001:00025480       _dRFrom2Axes               00426480 f   ode:rotation.obj
 0001:000255d0       _dRFromZAxis               004265d0 f   ode:rotation.obj
 0001:000256b0       _dQSetIdentity             004266b0 f   ode:rotation.obj
 0001:000256e0       _dQFromAxisAndAngle        004266e0 f   ode:rotation.obj
 0001:00025770       _dQMultiply0               00426770 f   ode:rotation.obj
 0001:00025800       _dQMultiply1               00426800 f   ode:rotation.obj
 0001:00025890       _dQMultiply2               00426890 f   ode:rotation.obj
 0001:00025920       _dQMultiply3               00426920 f   ode:rotation.obj
 0001:000259b0       _dQtoR                     004269b0 f   ode:rotation.obj
 0001:00025a80       _dRtoQ                     00426a80 f   ode:rotation.obj
 0001:00025c00       _dWtoDQ                    00426c00 f   ode:rotation.obj
 0001:00025c90       ??0dxGeomTransform@@QAE@PAUdxSpace@@@Z 00426c90 f   ode:collision_transform.obj
 0001:00025ce0       ??_GdxGeomTransform@@UAEPAXI@Z 00426ce0 f i ode:collision_transform.obj
 0001:00025ce0       ??_EdxGeomTransform@@UAEPAXI@Z 00426ce0 f i ode:collision_transform.obj
 0001:00025d10       ??1dxGeomTransform@@UAE@XZ 00426d10 f   ode:collision_transform.obj
 0001:00025d40       ?computeAABB@dxGeomTransform@@UAEXXZ 00426d40 f   ode:collision_transform.obj
 0001:00025db0       ?computeFinalTx@dxGeomTransform@@QAEXXZ 00426db0 f   ode:collision_transform.obj
 0001:00025f30       ?dCollideTransform@@YAHPAUdxGeom@@0HPAUdContactGeom@@H@Z 00426f30 f   ode:collision_transform.obj
 0001:00025fe0       _dCreateGeomTransform      00426fe0 f   ode:collision_transform.obj
 0001:00026010       _dGeomTransformSetGeom     00427010 f   ode:collision_transform.obj
 0001:00026050       _dGeomTransformGetGeom     00427050 f   ode:collision_transform.obj
 0001:00026060       _dGeomTransformSetCleanup  00427060 f   ode:collision_transform.obj
 0001:00026070       _dGeomTransformGetCleanup  00427070 f   ode:collision_transform.obj
 0001:00026080       _dGeomTransformSetInfo     00427080 f   ode:collision_transform.obj
 0001:00026090       _dGeomTransformGetInfo     00427090 f   ode:collision_transform.obj
 0001:000260a0       _dSetZero                  004270a0 f   ode:matrix.obj
 0001:000260c0       _dSetValue                 004270c0 f   ode:matrix.obj
 0001:000260f0       _dMultiply0                004270f0 f   ode:matrix.obj
 0001:000261c0       _dMultiply1                004271c0 f   ode:matrix.obj
 0001:000262a0       _dMultiply2                004272a0 f   ode:matrix.obj
 0001:00026350       _dFactorCholesky           00427350 f   ode:matrix.obj
 0001:00026480       _dSolveCholesky            00427480 f   ode:matrix.obj
 0001:000265e0       _dInvertPDMatrix           004275e0 f   ode:matrix.obj
 0001:00026710       _dIsPositiveDefinite       00427710 f   ode:matrix.obj
 0001:00026770       _dVectorScale              00427770 f   ode:matrix.obj
 0001:000267a0       _dSolveLDLT                004277a0 f   ode:matrix.obj
 0001:000267e0       _dLDLTAddTL                004277e0 f   ode:matrix.obj
 0001:00026a80       _dLDLTRemove               00427a80 f   ode:matrix.obj
 0001:00026cb0       _dRemoveRowCol             00427cb0 f   ode:matrix.obj
 0001:00026de0       _dSetAllocHandler          00427de0 f   ode:memory.obj
 0001:00026df0       _dSetReallocHandler        00427df0 f   ode:memory.obj
 0001:00026e00       _dSetFreeHandler           00427e00 f   ode:memory.obj
 0001:00026e10       _dGetAllocHandler          00427e10 f   ode:memory.obj
 0001:00026e20       _dGetReallocHandler        00427e20 f   ode:memory.obj
 0001:00026e30       _dGetFreeHandler           00427e30 f   ode:memory.obj
 0001:00026e40       _dAlloc                    00427e40 f   ode:memory.obj
 0001:00026e70       _dRealloc                  00427e70 f   ode:memory.obj
 0001:00026eb0       _dFree                     00427eb0 f   ode:memory.obj
 0001:00026ee0       _dAllocDontReport          00427ee0 f   ode:memory.obj
 0001:00026ef0       _dSetErrorHandler          00427ef0 f   ode:error.obj
 0001:00026f00       _dSetDebugHandler          00427f00 f   ode:error.obj
 0001:00026f10       _dSetMessageHandler        00427f10 f   ode:error.obj
 0001:00026f20       _dGetErrorHandler          00427f20 f   ode:error.obj
 0001:00026f30       _dGetDebugHandler          00427f30 f   ode:error.obj
 0001:00026f40       _dGetMessageHandler        00427f40 f   ode:error.obj
 0001:00026f50       _dError                    00427f50 f   ode:error.obj
 0001:00026fe0       _dDebug                    00427fe0 f   ode:error.obj
 0001:00027070       _dMessage                  00428070 f   ode:error.obj
 0001:00027140       _dNormalize3               00428140 f   ode:odemath.obj
 0001:00027330       _dNormalize4               00428330 f   ode:odemath.obj
 0001:000273b0       _dPlaneSpace               004283b0 f   ode:odemath.obj
 0001:00027480       ??0dObStack@@QAE@XZ        00428480 f   ode:obstack.obj
 0001:00027490       ??1dObStack@@QAE@XZ        00428490 f   ode:obstack.obj
 0001:000274b0       ?alloc@dObStack@@QAEPAXH@Z 004284b0 f   ode:obstack.obj
 0001:00027580       ?freeAll@dObStack@@QAEXXZ  00428580 f   ode:obstack.obj
 0001:000275b0       ?rewind@dObStack@@QAEPAXXZ 004285b0 f   ode:obstack.obj
 0001:000275e0       ?next@dObStack@@QAEPAXH@Z  004285e0 f   ode:obstack.obj
 0001:00027640       ?dInternalStepIsland_x1@@YAXPAUdxWorld@@PBQAUdxBody@@HPBQAUdxJoint@@HN@Z 00428640 f   ode:step.obj
 0001:00028990       ?dInternalStepIsland_x2@@YAXPAUdxWorld@@PBQAUdxBody@@HPBQAUdxJoint@@HN@Z 00429990 f   ode:step.obj
 0001:0002a5d0       ?dInternalStepIsland@@YAXPAUdxWorld@@PBQAUdxBody@@HPBQAUdxJoint@@HN@Z 0042b5d0 f   ode:step.obj
 0001:0002a600       _dRand                     0042b600 f   ode:misc.obj
 0001:0002a620       _dRandGetSeed              0042b620 f   ode:misc.obj
 0001:0002a630       _dRandSetSeed              0042b630 f   ode:misc.obj
 0001:0002a640       _dTestRand                 0042b640 f   ode:misc.obj
 0001:0002a6b0       _dRandInt                  0042b6b0 f   ode:misc.obj
 0001:0002a6e0       _dRandReal                 0042b6e0 f   ode:misc.obj
 0001:0002a710       _dPrintMatrix              0042b710 f   ode:misc.obj
 0001:0002a7a0       _dMakeRandomVector         0042b7a0 f   ode:misc.obj
 0001:0002a7d0       _dMakeRandomMatrix         0042b7d0 f   ode:misc.obj
 0001:0002a850       _dClearUpperTriangle       0042b850 f   ode:misc.obj
 0001:0002a8b0       _dMaxDifference            0042b8b0 f   ode:misc.obj
 0001:0002a940       _dMaxDifferenceLowerTriangle 0042b940 f   ode:misc.obj
 0001:0002a9c0       ?dCollideSpheres@@YAHQANN0NPAUdContactGeom@@@Z 0042b9c0 f   ode:collision_util.obj
 0001:0002aaf0       ?dLineClosestApproach@@YAXQBN000PAN1@Z 0042baf0 f   ode:collision_util.obj
 0001:0002abd0       _dClosestLineSegmentPoints 0042bbd0 f   ode:collision_util.obj
 0001:0002b3f0       ?dClosestLineBoxPoints@@YAXQBN0000QAN1@Z 0042c3f0 f   ode:collision_util.obj
 0001:0002b8c0       _dBoxTouchesBox            0042c8c0 f   ode:collision_util.obj
 0001:0002bf80       _dInfiniteAABB             0042cf80 f   ode:collision_util.obj
 0001:0002bfe0       _dSolveL1T                 0042cfe0 f   ode:fastltsolve.obj
 0001:0002c30e       _dSolveL1                  0042d30e f   ode:fastlsolve.obj
 0001:0002c7f8       _dDot                      0042d7f8 f   ode:fastdot.obj
 0001:0002c860       ??0dLCP@@QAE@HHPAN0000000000PAH111PAPAN@Z 0042d860 f   ode:lcp.obj
 0001:0002cd50       ?transfer_i_to_C@dLCP@@QAEXH@Z 0042dd50 f   ode:lcp.obj
 0001:0002ce20       ?transfer_i_from_N_to_C@dLCP@@QAEXH@Z 0042de20 f   ode:lcp.obj
 0001:0002cfb0       ?transfer_i_from_C_to_N@dLCP@@QAEXH@Z 0042dfb0 f   ode:lcp.obj
 0001:0002d0a0       ?pN_equals_ANC_times_qC@dLCP@@QAEXPAN0@Z 0042e0a0 f   ode:lcp.obj
 0001:0002d0f0       ?pN_plusequals_ANi@dLCP@@QAEXPANHH@Z 0042e0f0 f   ode:lcp.obj
 0001:0002d160       ?solve1@dLCP@@QAEXPANHHH@Z 0042e160 f   ode:lcp.obj
 0001:0002d2d0       ?unpermute@dLCP@@QAEXXZ    0042e2d0 f   ode:lcp.obj
 0001:0002d390       ?dSolveLCPBasic@@YAXHPAN000H00@Z 0042e390 f   ode:lcp.obj
 0001:0002d810       ?dSolveLCP@@YAXHPAN000H00PAH@Z 0042e810 f   ode:lcp.obj
 0001:0002e0c0       _dTestSolveLCP             0042f0c0 f   ode:lcp.obj
 0001:0002e580       _dFactorLDLT               0042f580 f   ode:fastldlt.obj
 0001:0002ec00       _dTimerResolution          0042fc00 f   ode:timer.obj
 0001:0002ec10       _dTimerTicksPerSecond      0042fc10 f   ode:timer.obj
 0001:0002ec50       _dStopwatchReset           0042fc50 f   ode:timer.obj
 0001:0002ec70       _dStopwatchStart           0042fc70 f   ode:timer.obj
 0001:0002eca0       _dStopwatchStop            0042fca0 f   ode:timer.obj
 0001:0002ecf0       _dStopwatchTime            0042fcf0 f   ode:timer.obj
 0001:0002ed00       _dTimerStart               0042fd00 f   ode:timer.obj
 0001:0002ed80       _dTimerNow                 0042fd80 f   ode:timer.obj
 0001:0002edd0       _dTimerEnd                 0042fdd0 f   ode:timer.obj
 0001:0002ee20       _dTimerReport              0042fe20 f   ode:timer.obj
 0001:0002f160       ??0Image@@QAE@PAD@Z        00430160 f   drawstuff:drawstuff.obj
 0001:0002f360       ??1Image@@QAE@XZ           00430360 f   drawstuff:drawstuff.obj
 0001:0002f370       ??0Texture@@QAE@PAD@Z      00430370 f   drawstuff:drawstuff.obj
 0001:0002f470       ??1Texture@@QAE@XZ         00430470 f   drawstuff:drawstuff.obj
 0001:0002f4a0       ?bind@Texture@@QAEXH@Z     004304a0 f   drawstuff:drawstuff.obj
 0001:0002f4e0       ?dsMotion@@YAXHHH@Z        004304e0 f   drawstuff:drawstuff.obj
 0001:0002f620       ?dsStartGraphics@@YAXHHPAUdsFunctions@@@Z 00430620 f   drawstuff:drawstuff.obj
 0001:0002f7d0       ?dsStopGraphics@@YAXXZ     004307d0 f   drawstuff:drawstuff.obj
 0001:0002f840       ?dsDrawFrame@@YAXHHPAUdsFunctions@@H@Z 00430840 f   drawstuff:drawstuff.obj
 0001:0002ffe0       ?dsGetShadows@@YAHXZ       00430fe0 f   drawstuff:drawstuff.obj
 0001:0002fff0       ?dsSetShadows@@YAXH@Z      00430ff0 f   drawstuff:drawstuff.obj
 0001:00030010       ?dsGetTextures@@YAHXZ      00431010 f   drawstuff:drawstuff.obj
 0001:00030020       ?dsSetTextures@@YAXH@Z     00431020 f   drawstuff:drawstuff.obj
 0001:00030040       _dsSimulationLoop          00431040 f   drawstuff:drawstuff.obj
 0001:00030200       _dsSetViewpoint            00431200 f   drawstuff:drawstuff.obj
 0001:00030260       _dsGetViewpoint            00431260 f   drawstuff:drawstuff.obj
 0001:000302c0       _dsSetTexture              004312c0 f   drawstuff:drawstuff.obj
 0001:000302f0       _dsSetColor                004312f0 f   drawstuff:drawstuff.obj
 0001:00030330       _dsSetColorAlpha           00431330 f   drawstuff:drawstuff.obj
 0001:00030370       _dsDrawBox                 00431370 f   drawstuff:drawstuff.obj
 0001:000308f0       _dsDrawSphere              004318f0 f   drawstuff:drawstuff.obj
 0001:00030e00       _dsDrawTriangle            00431e00 f   drawstuff:drawstuff.obj
 0001:00030f80       _dsDrawCylinder            00431f80 f   drawstuff:drawstuff.obj
 0001:000313d0       _dsDrawCappedCylinder      004323d0 f   drawstuff:drawstuff.obj
 0001:00031970       _dsDrawLine                00432970 f   drawstuff:drawstuff.obj
 0001:000319f0       _dsDrawBoxD                004329f0 f   drawstuff:drawstuff.obj
 0001:00031a60       _dsDrawSphereD             00432a60 f   drawstuff:drawstuff.obj
 0001:00031ac0       _dsDrawTriangleD           00432ac0 f   drawstuff:drawstuff.obj
 0001:00031b30       _dsDrawCylinderD           00432b30 f   drawstuff:drawstuff.obj
 0001:00031b90       _dsDrawCappedCylinderD     00432b90 f   drawstuff:drawstuff.obj
 0001:00031bf0       _dsDrawLineD               00432bf0 f   drawstuff:drawstuff.obj
 0001:00031c50       _dsSetSphereQuality        00432c50 f   drawstuff:drawstuff.obj
 0001:00031c60       _dsSetCappedCylinderQuality 00432c60 f   drawstuff:drawstuff.obj
 0001:00031c70       _dsError                   00432c70 f   drawstuff:windows.obj
 0001:00031cd0       _dsDebug                   00432cd0 f   drawstuff:windows.obj
 0001:00031cf0       _dsPrint                   00432cf0 f   drawstuff:windows.obj
 0001:00031d10       ?dsPlatformSimLoop@@YAXHHPAUdsFunctions@@H@Z 00432d10 f   drawstuff:windows.obj
 0001:00032710       _dsStop                    00433710 f   drawstuff:windows.obj
 0001:00032730       _WinMain@16                00433730 f   drawstuff:windows.obj
 0001:00032750       _glTexEnvf@12              00433750 f   OpenGL32:OPENGL32.dll
 0001:00032756       _glTexParameterf@12        00433756 f   OpenGL32:OPENGL32.dll
 0001:0003275c       _glPixelStorei@8           0043375c f   OpenGL32:OPENGL32.dll
 0001:00032762       _glBindTexture@8           00433762 f   OpenGL32:OPENGL32.dll
 0001:00032768       _glGenTextures@8           00433768 f   OpenGL32:OPENGL32.dll
 0001:0003276e       _glDeleteTextures@8        0043376e f   OpenGL32:OPENGL32.dll
 0001:00032774       _glTexEnvi@12              00433774 f   OpenGL32:OPENGL32.dll
 0001:0003277a       _glClear@4                 0043377a f   OpenGL32:OPENGL32.dll
 0001:00032780       _glClearColor@16           00433780 f   OpenGL32:OPENGL32.dll
 0001:00032786       _glColor3f@12              00433786 f   OpenGL32:OPENGL32.dll
 0001:0003278c       _glLightfv@12              0043378c f   OpenGL32:OPENGL32.dll
 0001:00032792       _glFrustum@48              00433792 f   OpenGL32:OPENGL32.dll
 0001:00032798       _glLoadIdentity@0          00433798 f   OpenGL32:OPENGL32.dll
 0001:0003279e       _glMatrixMode@4            0043379e f   OpenGL32:OPENGL32.dll
 0001:000327a4       _glViewport@16             004337a4 f   OpenGL32:OPENGL32.dll
 0001:000327aa       _glFrontFace@4             004337aa f   OpenGL32:OPENGL32.dll
 0001:000327b0       _glCullFace@4              004337b0 f   OpenGL32:OPENGL32.dll
 0001:000327b6       _glDepthFunc@4             004337b6 f   OpenGL32:OPENGL32.dll
 0001:000327bc       _glShadeModel@4            004337bc f   OpenGL32:OPENGL32.dll
 0001:000327c2       _glDisable@4               004337c2 f   OpenGL32:OPENGL32.dll
 0001:000327c8       _glEnable@4                004337c8 f   OpenGL32:OPENGL32.dll
 0001:000327ce       _glTranslatef@12           004337ce f   OpenGL32:OPENGL32.dll
 0001:000327d4       _glRotatef@16              004337d4 f   OpenGL32:OPENGL32.dll
 0001:000327da       _glMaterialf@12            004337da f   OpenGL32:OPENGL32.dll
 0001:000327e0       _glMaterialfv@12           004337e0 f   OpenGL32:OPENGL32.dll
 0001:000327e6       _glEnd@0                   004337e6 f   OpenGL32:OPENGL32.dll
 0001:000327ec       _glVertex3f@12             004337ec f   OpenGL32:OPENGL32.dll
 0001:000327f2       _glTexCoord2f@8            004337f2 f   OpenGL32:OPENGL32.dll
 0001:000327f8       _glNormal3f@12             004337f8 f   OpenGL32:OPENGL32.dll
 0001:000327fe       _glBegin@4                 004337fe f   OpenGL32:OPENGL32.dll
 0001:00032804       _glPopMatrix@0             00433804 f   OpenGL32:OPENGL32.dll
 0001:0003280a       _glPushMatrix@0            0043380a f   OpenGL32:OPENGL32.dll
 0001:00032810       _glDepthRange@16           00433810 f   OpenGL32:OPENGL32.dll
 0001:00032816       _glMultMatrixf@4           00433816 f   OpenGL32:OPENGL32.dll
 0001:0003281c       _glBlendFunc@8             0043381c f   OpenGL32:OPENGL32.dll
 0001:00032822       _glTexGenfv@12             00433822 f   OpenGL32:OPENGL32.dll
 0001:00032828       _glTexGeni@12              00433828 f   OpenGL32:OPENGL32.dll
 0001:0003282e       _glScaled@24               0043382e f   OpenGL32:OPENGL32.dll
 0001:00032834       _glCallList@4              00433834 f   OpenGL32:OPENGL32.dll
 0001:0003283a       _glEndList@0               0043383a f   OpenGL32:OPENGL32.dll
 0001:00032840       _glNewList@8               00433840 f   OpenGL32:OPENGL32.dll
 0001:00032846       _glGenLists@4              00433846 f   OpenGL32:OPENGL32.dll
 0001:0003284c       _glVertex3fv@4             0043384c f   OpenGL32:OPENGL32.dll
 0001:00032852       _glNormal3fv@4             00433852 f   OpenGL32:OPENGL32.dll
 0001:00032858       _glVertex3d@24             00433858 f   OpenGL32:OPENGL32.dll
 0001:0003285e       _glNormal3d@24             0043385e f   OpenGL32:OPENGL32.dll
 0001:00032864       _glLineWidth@4             00433864 f   OpenGL32:OPENGL32.dll
 0001:0003286a       _wglDeleteContext@4        0043386a f   OpenGL32:OPENGL32.dll
 0001:00032870       _glGetIntegerv@8           00433870 f   OpenGL32:OPENGL32.dll
 0001:00032876       _wglMakeCurrent@8          00433876 f   OpenGL32:OPENGL32.dll
 0001:0003287c       _wglCreateContext@4        0043387c f   OpenGL32:OPENGL32.dll
 0001:00032882       _gluBuild2DMipmaps@28      00433882 f   Glu32:GLU32.dll
 0001:00032888       _QueryPerformanceFrequency@4 00433888 f   kernel32:KERNEL32.dll
 0001:0003288e       _QueryPerformanceCounter@4 0043388e f   kernel32:KERNEL32.dll
 0001:00032894       _CloseHandle@4             00433894 f   kernel32:KERNEL32.dll
 0001:0003289a       _GetExitCodeThread@8       0043389a f   kernel32:KERNEL32.dll
 0001:000328a0       _WaitForSingleObject@8     004338a0 f   kernel32:KERNEL32.dll
 0001:000328a6       _CreateThread@24           004338a6 f   kernel32:KERNEL32.dll
 0001:000328ac       _SetConsoleTitleA@4        004338ac f   kernel32:KERNEL32.dll
 0001:000328b2       _AllocConsole@0            004338b2 f   kernel32:KERNEL32.dll
 0001:000328b8       _FreeConsole@0             004338b8 f   kernel32:KERNEL32.dll
 0001:000328be       _GetModuleHandleA@4        004338be f   kernel32:KERNEL32.dll
 0001:000328c4       _Sleep@4                   004338c4 f   kernel32:KERNEL32.dll
 0001:000328ca       _GetTickCount@0            004338ca f   kernel32:KERNEL32.dll
 0001:000328d0       _GetCurrentProcessId@0     004338d0 f   kernel32:KERNEL32.dll
 0001:000328d6       _MessageBoxA@16            004338d6 f   user32:USER32.dll
 0001:000328dc       _DestroyWindow@4           004338dc f   user32:USER32.dll
 0001:000328e2       _DispatchMessageA@4        004338e2 f   user32:USER32.dll
 0001:000328e8       _TranslateAcceleratorA@12  004338e8 f   user32:USER32.dll
 0001:000328ee       _TranslateMessage@4        004338ee f   user32:USER32.dll
 0001:000328f4       _GetMessageA@16            004338f4 f   user32:USER32.dll
 0001:000328fa       _GetDC@4                   004338fa f   user32:USER32.dll
 0001:00032900       _ShowWindow@8              00433900 f   user32:USER32.dll
 0001:00032906       _CreateWindowExA@48        00433906 f   user32:USER32.dll
 0001:0003290c       _AdjustWindowRect@12       0043390c f   user32:USER32.dll
 0001:00032912       _LoadAcceleratorsA@8       00433912 f   user32:USER32.dll
 0001:00032918       _RegisterClassA@4          00433918 f   user32:USER32.dll
 0001:0003291e       _LoadCursorA@8             0043391e f   user32:USER32.dll
 0001:00032924       _LoadIconA@8               00433924 f   user32:USER32.dll
 0001:0003292a       _BringWindowToTop@4        0043392a f   user32:USER32.dll
 0001:00032930       _DefWindowProcA@16         00433930 f   user32:USER32.dll
 0001:00032936       _ReleaseCapture@0          00433936 f   user32:USER32.dll
 0001:0003293c       _SetCapture@4              0043393c f   user32:USER32.dll
 0001:00032942       _CheckMenuItem@12          00433942 f   user32:USER32.dll
 0001:00032948       _GetMenu@4                 00433948 f   user32:USER32.dll
 0001:0003294e       _DialogBoxParamA@20        0043394e f   user32:USER32.dll
 0001:00032954       _PostQuitMessage@4         00433954 f   user32:USER32.dll
 0001:0003295a       _EndDialog@8               0043395a f   user32:USER32.dll
 0001:00032960       _FindWindowA@8             00433960 f   user32:USER32.dll
 0001:00032966       _wsprintfA                 00433966 f   user32:USER32.dll
 0001:0003296c       _PostMessageA@16           0043396c f   user32:USER32.dll
[...]
 0001:000393a8       TrailDown2                 0043a3a8 f   LIBCD:memmove.obj
 0001:000393bc       TrailDown3                 0043a3bc f   LIBCD:memmove.obj
 0001:000390c0       CopyUp                     0043a0c0 f   LIBCD:memmove.obj
 0001:000390dc       CopyLeadUp                 0043a0dc f   LIBCD:memmove.obj
 0001:000390f4       ByteCopyUp                 0043a0f4 f   LIBCD:memmove.obj
 0001:000390fc       CopyUnwindUp               0043a0fc f   LIBCD:memmove.obj
 0001:00039238       CopyDown                   0043a238 f   LIBCD:memmove.obj
 0001:00039260       CopyUnwindDown             0043a260 f   LIBCD:memmove.obj
 0001:0003926c       CopyLeadDown               0043a26c f   LIBCD:memmove.obj
 0001:00039284       ByteCopyDown               0043a284 f   LIBCD:memmove.obj
 0001:00038b70       _$$$00001                  00439b70 f   LIBCD:chkstk.obj
 0001:00038b7c       probepages                 00439b7c f   LIBCD:chkstk.obj
 0001:00038b90       lastpage                   00439b90 f   LIBCD:chkstk.obj
 0001:00038b30       _fast_error_exit           00439b30 f   LIBCD:crt0.obj
 0001:000382dd       dest_misaligned            004392dd f   LIBCD:strcat.obj
 0001:000382ec       find_end_of_dest_string_loop 004392ec f   LIBCD:strcat.obj
 0001:0003831f       start_byte_3               0043931f f   LIBCD:strcat.obj
 0001:00038324       start_byte_2               00439324 f   LIBCD:strcat.obj
 0001:00038329       start_byte_1               00439329 f   LIBCD:strcat.obj
 0001:0003832e       start_byte_0               0043932e f   LIBCD:strcat.obj
 0001:0003833d       src_misaligned             0043933d f   LIBCD:strcat.obj
 0001:00038351       main_loop                  00439351 f   LIBCD:strcat.obj
 0001:00038356       main_loop_entrance         00439356 f   LIBCD:strcat.obj
 0001:0003838a       byte_3                     0043938a f   LIBCD:strcat.obj
 0001:00038392       byte_2                     00439392 f   LIBCD:strcat.obj
 0001:0003839f       byte_1                     0043939f f   LIBCD:strcat.obj
 0001:000383a8       byte_0                     004393a8 f   LIBCD:strcat.obj
 0001:00038331       copy_start                 00439331 f   LIBCD:strcat.obj
 0001:00037e60       dodwords                   00438e60 f   LIBCD:strcmp.obj
 0001:00037e90       doneeq                     00438e90 f   LIBCD:strcmp.obj
 0001:00037e94       donene                     00438e94 f   LIBCD:strcmp.obj
 0001:00037e9c       dopartial                  00438e9c f   LIBCD:strcmp.obj
 0001:00037eb8       doword                     00438eb8 f   LIBCD:strcmp.obj
 0001:00037990       _doexit                    00438990 f   LIBCD:crt0dat.obj
 0001:00037a70       __initterm                 00438a70 f   LIBCD:crt0dat.obj
 0001:000375a0       _gu_return                 004385a0 f   LIBCD:exsup.obj
 0001:000375a8       __unwind_handler           004385a8 f   LIBCD:exsup.obj
 0001:00037270       ?CatchGuardHandler@@YA?AW4_EXCEPTION_DISPOSITION@@PAUEHExceptionRecord@@PAUCatchGuardRN@@PAX2@Z 00438270 f   LIBCD:trnsctrl.obj
 0001:00037380       ?TranslatorGuardHandler@@YA?AW4_EXCEPTION_DISPOSITION@@PAUEHExceptionRecord@@PAUTranslatorGuardRN@@PAX2@Z 00438380 f   LIBCD:trnsctrl.obj

FIXUPS: 38a07 12 13 19 fffffc55 85 69 33 8c 34 fffffd21 ffffffd6 ffffff35
FIXUPS: 384ac a fffffca2 60 33 63 4f 131 19 4d 4a fffffc2c ffffffc3 1f
FIXUPS: 390d6 14 60 7 14 7 fffffd7b 12 18 16 10 1c 31 10 fffffe62 19 18
FIXUPS: 38e3b fffffe86 35 18 a6 10 fffffcfc 82 2a fffffd81 12 1d 20 1e
FIXUPS: 3897a d0e fffffeaf 12 2a 10 1b 2a 10 fffffe84 2a 45 4b fffffeb2
FIXUPS: 39407 d fffffdbd 2b 28 16 1d 29 25 fffffd19 14 1b 25 14 10 d 10
FIXUPS: 3905e 3d a72 9 27 9 fffffe30 a ffffff27 12 14 24 10 2a 2a 10 fffffea2
FIXUPS: 39819 26 10 5 35 10 fffffe66 26 32 3a 5a fffffdfc 12 2a 10 1b 2a
FIXUPS: 39dd0 1c 5e 25 28 31 43 28 31 16 14 fffffc24 2e 28 1e 2c 12 21
FIXUPS: 39ca5 25 fffffe9c fffffee9 e f 10 a 5 5 25 f 17 10 2329 20 31 28
FIXUPS: 3bedc 3a 31 18 45 18 1f 8c 69 2a 34 39 16 7c 2a 28 ffffdd66 34
FIXUPS: 3a021 18 29 16 14 fffffc65 2b 28 2c 3a 14bc 1c 18 1f 62 51 60 5a
FIXUPS: 3b4d2 55 51 2b 28 28 28 a0 2b 32 2b 39 20 49 33 142 17 1c 4c 58
FIXUPS: 3bae2 fd 76 11e ffffed62 66 25 25 b3 19 59 5f 54 85 29 1f 2a 1c
FIXUPS: 3aec0 1d 1f 62 34 3b 2b 3b 45 2b c 41 6b 56 36 c 2b 1c 10ca 4b
FIXUPS: 3a3f4 26 28 23 20 29 2f 1c 69 28 5f 54 21 128 1e 1b 33 2f 51 29
FIXUPS: 3a8d7 21 1b 1c 6b 28 32 4f 18 1f 21d0 37 1d 2b 13 b7 fffff869 e
FIXUPS: 3c632 76 6e 7d 41 fffffd92 2a 1e 17 13 fffffed8 2a 1e 17 13 ffffff54
FIXUPS: 3c480 a ffffff12 2a 44 4b fffffe41 2a 10d6 14 22 22 fffffe72 50
FIXUPS: 3d2d8 fffffe46 5f fffffe52 7a 6a fffffde9 27 f f 27 fffff968 21
FIXUPS: 3c8bc 28 1e 2c 38 16 22 23 ac 4e 23 125 1c 1225 65 60 fffffb38
FIXUPS: 3da5b 13 28 30 30 fffffbcc 48 141 52 35 140 fffffb8e 2e 2a 2a 2e
FIXUPS: 3d68d fffffe9a 18 17 13 fffffebd 2a 45 4a fffffe31 2e 2a 1a48 3f
FIXUPS: 3edfc fffffc3c 13 dd 23f fffffc1a 59 fffffc70 2a3 fffff9c7 1ae
FIXUPS: 3e180 1b c 10 29 2a ffffff1c fffffeff a7 fffffaab 4d 40 40 43 4d
FIXUPS: 3dd14 43 50 50 1d82 18 7a 63 34 47 1e d 2f 15 11 1d 21 14 26 19d
FIXUPS: 3ff96 19 19 a ffffef32 2a0 5a 34 37 60 21 20 1d 11 15 15 163c f
FIXUPS: 409cc 12 1e 26 f 1c 12 21 d a 13 16 13 28 14 15 14 7 17 6b 20 ffffed78
FIXUPS: 3fa64 2a 18 38 16 2b 14 2e 5ad 6a 15 31 51 ba 3c 27 37 a 3f 25
FIXUPS: 40483 65 ce 36 12 38 4c 31 16 f 17 37 19 92 18 20 62 a f3 12 72b
FIXUPS: 410fc 14 32 64 140 2a 34 35 6b 12 29 43 5a 3d 33 3c 38 1c 1a 18
FIXUPS: 41605 fffff895 ffffff54 ffffff1d 38 78 fffffeb4 22 fffff37a 32
FIXUPS: 400cf 20fd ba 31 1e 2a 1b 11d 25 122 1e 30 75 32 22 26 170 55 53
FIXUPS: 418b0 21 7e c8 33 49 fffffdab 2b fffffec5 37 ffffff44 fffff815
FIXUPS: 40ee6 19f 2cbc c fffff38a c8 1d 27 fffffb6d 12 1d 5 55 3c 7 2f
FIXUPS: 42efd 15 fffffd38 5e 7 fffffead fffff04a 34 24 cb 67 133 18 21
FIXUPS: 41ed0 30 a8 e2 21de fffffc92 1c3 17 fffff167 1d 53 1d 2b 2c c 3a
FIXUPS: 43373 11 2f 44 c 3e e 11 182 1d8 1ac 2b 33 1b6 f4 27 36 44 c 10
FIXUPS: 44a9c fffffaeb 2e 2a 2c 30 24 20 11 1f 23 27 23 16 1e c e 1a 1f
FIXUPS: 447c3 13 1c 1b 1f fffffad4 108 10 3e 54 4b 28 fffffd15 9ca 3d 49
FIXUPS: 44db4 31 fffffd59 29 19 2c ffffff23 fffffd84 11 1d 21 c 22 10 34
FIXUPS: 4492b 1d 20 c 21 c 37 e 1d 15 16 2d 22 11 1178 1d 14 13 14 1a 19
FIXUPS: 45a0f d 11 2f 25 fffffe6c fffffea7 4a 94 2b fffff903 56 1e 13 22
FIXUPS: 45050 36 28 1f 29 26 17 12 1c fffffcda 32cb 35 ffffe777 191 19
FIXUPS: 4783c ffffe940 58 ffffff5d 19 fffffe17 17 24 2c 18 3f 10 70 10
FIXUPS: 46104 fffffdd1 2f fffffeda 2b 29 32 fffffc50 1c 77 3a 59 15 3863
FIXUPS: 4949d 5d 17 b5 fffffab3 73 1c 1f 49 11 71 5f 1d c 47 fffffa63 2bf
FIXUPS: 49010 2f fffff8d6 98 f6 fffffd5c fffffc37 2a 2a 227 fffffccc 3a
FIXUPS: 48311 fffffc73 2385 13 2a 3a 10 13 16 26 1e 41 93 20 68 82 10 30
FIXUPS: 4a62b 30 10 fffff74a a7 fffffa75 21 21 24 2a 23 fffffe36 14 fffffb30
FIXUPS: 49316 11b 38ee 15 15 fffffc5d fffffe19 fffff72b 14d eb 1c8 8c 152
FIXUPS: 4c535 238 13 ffffe611 72 13 24 17 fffffc46 1d fffffec2 fffffe19
FIXUPS: 4a7b8 ffffffa0 17 fffff815 41 8c 14 26f 19 2fc6 111 43 107 4a 12
FIXUPS: 4d56f 25e 35 35 1e8 fffff801 43 ffffff4b fffffc3d 2f 64 40 2e 8d
FIXUPS: 4cfab 1d 58 1d 24 1d 51 2e 1d 41 fffff9c1 6e 1d94 d9 13f 9e fffff8e4
FIXUPS: 4e528 4f 1df fffff71c 43 33 24 bd 2d 9b 32 43 c 10 c fffff969 21
FIXUPS: 4daed 35 13a c 10 c 27 6c fffff574 23 fffe736b 52 1e 1b16c b fffe4edf
FIXUPS: 339a6 14 e 80 2c 14 1b24c 45 29 3a 40 3e 33 4b 59 5a c 19 42 3c
FIXUPS: 4f075 19 28 c 21 fffff822 fffe581a 8e 5b 28 3f 20 18 b 33 15 1b
FIXUPS: 3433c 11 20 5f 15 25 54 11 2b 17 2e b 1b 1a 50 1a 1b240 b fffe4dfe
FIXUPS: 345e4 2a fffff566 2a b 52 36 1bb14 b fffe457b 34 13 1ba63 b fffe465c
FIXUPS: 33df2 16 42 26 f 14 14 1b8ed b fffe47a5 56 36 19 11 27 44 14 44
FIXUPS: 340cd b4f 16 16 42 26 f 14 14 1ab8d b fffe54bc 1a 1ab50 b fffe54ee
FIXUPS: 34db4 2a b 52 1e 1aa7c b fffe55cf 1f f 92 4a 72 44 72 ffffea05
FIXUPS: 33b5e 17c8 56 8 fffff380 47 2d 11 a3 33 39 14 1f 15 8 2c 14 5d
FIXUPS: 34999 3d 48 16 2a b 52 36 1ad34 b fffe532b 34 13 1acb3 b 167 b
FIXUPS: 3576b 20 27 24 2b 1a1f4 13 f b fffe5e1d 1e 14 37 c 17 7 3d 7 29
FIXUPS: 3595b 1b 7 27 19 7 38 fffff7ad 69 79 7c d55 fffff37f 20 1b 24 2b
FIXUPS: 4f905 13 f b fffe5b66 26 16 57 20 1b 24 2b 17 7 1a382 13 f b fffe5cb3
FIXUPS: 3567b 20 1f 24 2d 1a29a 13 fffe6382 24 2d 19d5a 13 f b fffe62d9
FIXUPS: 35e0b 27 24 2b 19cb4 13 f b fffe635d 1e 14 37 c 17 7 1d 7 29 1c
FIXUPS: 35fd6 7 27 19 7 863 1e a 15 8 fffff17f 20 1b 24 2b 19f70 13 f b
FIXUPS: 35b0e 16 2a b 52 20 1b 24 2b 17 7 19e42 13 f b fffe61f3 46 20 621
FIXUPS: 3643d c 13 15 15 16 1e 9 d 19 c 9 9 8 d8 1e 49 10 15 d 22 f c 6
FIXUPS: 366da 8 3c 16 5d 1b cf a2 12 11 10 fffff72b 40 13 1d 55 20 19a14
FIXUPS: 4fb7f fffe6651 11 a f 1999a b fffe669b 1a 16 16 2c 15 15 c 9 9
FIXUPS: 36302 c a 10 ff7 c 6c a 17 a fffffc2f 1c 2b bc 14 7b 62 fffff936
FIXUPS: 36b2e ce 91 8e e e 11 e 11 11a 84 20 1a fffffa5e c0 13 8 fffffe91
FIXUPS: 37d93 a e 9 9 b fffff685 17 c 17 1c 1a 8 19d 21 12 c 1a 1c 1a 2a
FIXUPS: 37723 c 39 32 e fffffaba c a 26 10 67 ffffb65d e2 56 6c 68 60 58
FIXUPS: 37e2b 1c 24 b0 4b 90 fffff865 13 e8 24 1ad a f a 25 a 52 80 2f
FIXUPS: 37cb9 83 a 10 25 c ffff9c12 77 80 16a 11 15 15 1da 8 1a 19 8e b7
FIXUPS: 31f9b 1a 11 19 5 7 d 1fb 64 c4 64 60 c 1a f 19 5 7 b ffffe61c 1e
FIXUPS: 30a86 5 59 248 1e3 145 133 8 15 6b 4a 16 60 30 40 40 c 1a a 19
FIXUPS: 313cd 7 6 2fe 87 72 13b 8 25 23 ffffe90c 13 9 28 13 10 13 18 21
FIXUPS: 30347 a 14 12 13 76 7d 6 12a ac 52 f 62 f 62 f 42 6 14 6 14 6 44
FIXUPS: 3323f 17 11 17 11 8 8f 25 f7 bb 40 3f 12 1a3 9 ffffca36 14 9 e
FIXUPS: 301ae b 7 9 7 a 7 1d 17 9 13 f 12 fffe747b 85 27 b ac 23 13 1b41a
FIXUPS: 32c8a 1c 3a 8 13 1f 5 5e 51 33 94 1e 54 88 28 39 6a 20 32 1c 5c
FIXUPS: 331ac 6b 17 fffe3e76 e e 11 c 44 41 8f 23 f 20 1e a c4 1b 11 1d
FIXUPS: 173a4 47 3d 2a 1a 27 13 6 41 44 f9 1e 2c f 40 1f2d 1a 19 12 d 15
FIXUPS: 1966e 6 c 12 14 6 3d 16 1a 6 ffffd80c 36 11 9 1f 20 4c 1d e e e
FIXUPS: 1705b e 11 e e 1e8f 22 f 8 2b 12 1a 26 43 27 125 2a 1a 4c 34 e
FIXUPS: 1924d c3 36 1e 47 cd ca 8 20 13 18 12 12 d 14 e ffffe6e4 33 34
FIXUPS: 17e00 6 2e a 5f 10 6 6f d 10 6 111 d b4c 121 26 11 10 a9 20 22
FIXUPS: 18e30 20 20 20 20 1d 35 12 4aa3 71d 70 ffff9742 16 13 c 13 25 2b
FIXUPS: 17949 25 55 21 49 45 1c 30 36 65 14 4f e 46 e 1c e e e e e 43 22e1
FIXUPS: 1a02b 29 f d0 1d 1d 4a 22 b 103 a 1a 20 1b 15 20 155d 51f 2ba 27b
FIXUPS: 1c6dc 110 7ea b9 21 272 88 b4 10f 2c 26a 16f6 26 17 14 b 35 b ffffa7d6
FIXUPS: 19794 f 50 1d 1d 6e 49 12 d0 31 32 122 39 f 90 27 31 110 51 a8
FIXUPS: 19e96 80 3b 4d 43bf 12 d f8 106 48 57 1b 12 ba 138 41 3b 12 f6
FIXUPS: 1e9d2 39 23 8 54 5e 5a 14 bf 97 ad 33 af 5d 1e 13 1d 55af 17 9
FIXUPS: 244e7 11 8c 14 a5 d 3a e 44 b 2b 14c 16b 54 162 100 139 11 227
FIXUPS: 25009 19f 48 2b 24e 22f ffff8c35 37 12 37 5c61 18 47 6 35 49 12
FIXUPS: 240bd 49 12 21 5b 9 2f 9 3c 9 32 9 20 13 1d 13 20 13 da 16 44 1b
FIXUPS: 24465 11 16 fffff21c b 1b 22 e 11 e f8 a 20 26 52 49 15 1b 1c 11
FIXUPS: 23ae7 49 15 22 19 1b 14 92 18 18 be 11 11 f2 8c ffffe08f b b 19
FIXUPS: 21fc3 17 21 e 8c 1c 2a1 25 ca 18 52 652 6 1eb 15a 1ad 73 1b0 47
FIXUPS: 232a2 23 13 1d 13 15d 31 17 1f0 ffffd010 6 34 79 6 5b 144 13 1d
FIXUPS: 20948 17 ab 16 2c 111 18 b 11 2b8 21a 29c 13 1c 24e 43 27 129 2b
FIXUPS: 21750 2b e 49b ffffda85 54 2a 1e5 b 1a7 10e 179 13 1ad 13 15 b
FIXUPS: 1ff43 1b 1b 11 98 1c 43 14 1e 12 ec 15 15 bf 126 21 18e 17 eb 5167
FIXUPS: 2597a 42 1b 40 c0 10 44 1c 93 1d c0 78 1c0 9c 16 19 19 19 131 e
FIXUPS: 26139 15 6f e e 12 15 12 ffff93e7 3f 32 819a 13 298 74 19 1d 9d
FIXUPS: 27c51 18 27 6d ffffef9e 23 c 1a 12 3e 1e 1a 1f2 3b 4d 13 fffff3b8
FIXUPS: 263c0 249 14 fffff09c b 13 a9 3f 2a3c 85 83 fffffc90 1f 26 4b 1f
FIXUPS: 28066 3d 13 a 20 19 17 f a fffffd31 3f 36 fffff4ad 12d 16e 30 13
FIXUPS: 27678 46 7b 22 5e c 9 2c8b 10 23c 14 e2 9d 41 56 17 10e 14 59 3c
FIXUPS: 2aaf4 1b 29 6a ee d9 2d 30e 2e 40 30 d 10 6 48f ffffceac 28 12
FIXUPS: 28514 fea 37 34 39 1e 243 2e 40 30 d 10 6 113 35 13 1a 7 6bb 1a
FIXUPS: 2a22e 17 1e 15 15 15 1d d 15 18 14 26 18 ffffec95 16 14 7 fd 14
FIXUPS: 29145 16 16 15 1d a 12 18 18 34 11 115 11 14 31 14 11 3f e 12 34
FIXUPS: 29465 12 34 1b 26 5e56 1d f c 33 33 28 f1 32 24 ffffc109 c c c
FIXUPS: 2b688 2c 21 f 80 14 37 49 23 ffffce68 38 14 16 a 69e 1a 110 13
FIXUPS: 2ec69 2f5 64 46 51 1f d e 3f d 13 14 11 13 13 13 14 13 13 13 13
FIXUPS: 2f1e7 11 11 14 11 6a 2c 2a 31 b c fffff266 d c 11 19e 18 1d 2d
FIXUPS: 2e7e2 d b 4c 10 22 24 16 f 15 16 f 19 f 16 f 70 143 29 ae c 50
FIXUPS: 2ec3e 11 ffffedf4 d 70 49 1a7 ed 67 a4 78 67 6a 52 3f 44 11a 81
FIXUPS: 2e2e7 d7 16 f 13 13 f f 1b 17 17 17 67 47 3c 11 fffd575b 37 1a
FIXUPS: 3d65 29 d 73 f 2bde4 f0 13 126 17 13 b a2 d9 44 e 2c 3f 39 b 39
FIXUPS: 3011f 24 b fffff47e 2b8 ffffe072 b2 68 fffd5c2f d 14b 2f 1b ae
FIXUPS: 38ff 10 37 22 d 31 22 d 5c 22 d 36 22 d 31 d b6 41 37 c 8 c 8 8
FIXUPS: 3c69 d fffff547 f 5b f 3b e 11 44 13 14 e 19 1c 9 1f 2b 15 42 46
FIXUPS: 346d 4be98 c fffb41a7 45 3f 4bde9 c fffb42b7 7 21 7 21 fffff51d
FIXUPS: 2ba0 19 25 82 c6 17 16 2d 3c f 1e 38 2b 30 12 17 4c440 c fffb3bef
FIXUPS: 2eed 5a 19 25 82 62 3a 54 f 81 15 9 fffff208 96 4a 92 f 73 8 21
FIXUPS: 266f f 89 f 7a f 5c f 6c 30 30 f 56 f 5d f 48 28 43 2d 4c82f c
FIXUPS: 2b2a 1c ffffef79 14 d 5f e 32 f 5d 30 f 4e c 1f 16 10 5e 2b 17
FIXUPS: 1d76 61 28 17 30 91 71 d5 37 61 2e 7c 2e 1d6 4cf54 fffb225a 50
FIXUPS: 1597 4c 27 13 d 25 25 12 1f 2c 26 2a 13 13 3a 13 13 3a 13 13 3a
FIXUPS: 1854 13 54 3e 26 fc f 65 47de 49178 c fffb6ee9 29 2f d c7 1a ffffac66
FIXUPS: 108e 7 2d 3c 4e177 c fffb1f57 4e 72 1e 16 1b 49 3a 69 2d 4a 35
FIXUPS: 149c 4ddf9 b b fffb6a94 d d d d d d d 4a 19 f 1f 4959a b c fffb6abf
FIXUPS: 5eaa 48 1b 12 42 31 3c 3c 39 2b 7e 1c 2e c5 a 29 fffff84c 16 19
FIXUPS: 5ac1 19 24 24 16 10 15 9 1c 16 9 1f 16 9 1c 29 15 a 29 3a 24 d
FIXUPS: 5ce4 d d d d d d fffffa8d 9 1c 17 1b e 35 16 9 1f 16 9 1f 16 9
FIXUPS: 5916 16 9 1c 16 9 1c 16 9 1c 16 10 1a 13 16 19 18 fffff98a 10 27
FIXUPS: 543b b d 5b 25 30 1a 34 13 13 45 f 10 66 c f f 10 58 e 25 e 19
FIXUPS: 5743 9 1c 16 9 22 fffff6fc 89 40 93 2c d 3d d 62 14 3c 14 3c 14
FIXUPS: 51ed 16 20 13 1b 3f 17 4a0de c fffb5f57 16 4a 29 2e 17 49fef c
FIXUPS: 53de fffff591 f 5e 28 27 28 2f 19 e 24 1a e 11 2d 23 11 d 103 f
FIXUPS: 4cc0 17 8 d 5b f 51 f 42 d 42 b 48 fffff509 30 1a 54 23 53 30 f
FIXUPS: 4555 1e 2e 1d 1c 1b 13 a d 92 c 37 f 5c f 7c f 54 d 13 25 d 58
FIXUPS: 4906 fffff666 18 11 28 32 8 d 2d 13 13 3a 13 13 42 14 2a 31 d 4f
FIXUPS: 41ce 2b 2e 44 4b0da c fffb4f6d 20 e 39 4b040 c fffb500d 45db f
FIXUPS: 89df b 1d 69 25 25 4b 39 1e 8 27 4691a c fffb9736 31 61 13 23 17
FIXUPS: 8cd5 73 16 11 61 27 ffffb06e 10 3b 3e 4e 46e5 46e67 c fffb91d4
FIXUPS: 866f 7 7 4e e 7 f f 46 7 7 7 32 e 7 f d 4a 7 7 7 4c e 7 f f 58
FIXUPS: 8901 fffff724 25 50 11 21 1c 15 21 2a 4731d c fffb8daa 11 63 f
FIXUPS: 8303 18 65 18 68 5 b 18 6c 18 4f 33 3a 8 52 33 f fffff47a 2b 11
FIXUPS: 7aff 1a 14 1c d 82 f 49 19 73 f 47 19 5b f 51 1c f 56 1c f 8a 16
FIXUPS: 7f43 5a 13 8 6 1d fffff54a 23 4b 14 1c 47e62 c fffb81d4 24 4c 14
FIXUPS: 76a5 47da0 c fffb82a1 2e 9 f 2b 2d f 64 1a 15 61 1a 15 59 23 73
FIXUPS: 7a06 67 fffff59b 77 d 5 2a 19 1c 2a 58 2c 9 f 5d 13 2d 52 16 f
FIXUPS: 7326 16 f 3e 21 19 d 40 17 9 d 43 d d fffff675 64 5 1f b 20 40
FIXUPS: 6c18 5 12 5 17 5 26 d 6c 37 6c 16 11 4c 25 63 5 b 1e 4854a c fffb7b1e
FIXUPS: 6f63 7e 16 fffff548 14 51 58 16 14 2f f 15 54 18 14 42 1a 37 d
FIXUPS: 683e 13 e 3c a4 13 e 34 35 21 7b 19 e 28 35 19 589c 50 d d d d
FIXUPS: c42f d d d d d d d d d d d d 4a 1c c 68 b4 b4 6b 42d50 c fffb6f9b
FIXUPS: 6486 10 49 5b88 1f 13 9 2b 20 9 2b 13 9 2b 3e 24 19 13 24 13 9
FIXUPS: c24e 9 18 9 1f 13 9 18 9 18 9 1f 4b a fffff94c 18 9 18 9 27 23
FIXUPS: bd8b 1c 73 13 9 1a 9 18 9 1f 24 27 23 9 22 15 9 20 15 9 6f 2d 13
FIXUPS: c046 18 fffff882 e 11 4a 1c f c e 19 17 f 14 1d 42 17 4a 1c 1a
FIXUPS: bb21 1c 13 17 e 21 21 3b 2e 20 20 25 17 c fffff5b1 29 29 27 13
FIXUPS: b389 13 20 13 28 1e 40 2c 29 22 30 3c 10 4f 20 d 48 1d 47 10 59
FIXUPS: b713 f 29 10 90 3f fffff389 34 2e 42 d c3 18 22 1c 48 32 35 99
FIXUPS: aed5 4f 19 6f 22 19 23 34 29 29 27 2b 37 37 27 30 37 37 27 fffff284
FIXUPS: a50e 16 10 54 1b 1e 37 10 11 10 10 54 12 e 15 2a 19 13 13 198 1b
FIXUPS: a9a9 15 4b 2c d 3a 16 2f c d fffff475 42 42 20 3b 42 1c 2f f 20
FIXUPS: a10c 1c 54 35 35 99 24 31 19 19 19 3f 1a 38 21 1b 1b 1b 1b 1b 1b
FIXUPS: a480 fffff53c 10 fc 1c 1e 12 d 33 2c d 57 21 f 10 33 13 25 35 28
FIXUPS: 9cf9 3f 13 24 83 38 1b 24 2a 14 29 2e 1c 779b 47 13 c 6b 30 1f
FIXUPS: 11836 20 21 22 19 2f 18 3b 28 10 ffff75e7 14e 124 68 139 49 26
FIXUPS: 93ec 108 38 17 22 17 19c 12d 7c34 18 9 18 9 2c 20 13 27 20 9 18
FIXUPS: 1158b 1f 21 d d d d d d d d d d d d d d d d d fffffb38 13 19 13
FIXUPS: 11238 13 2c e 13 9 27 13 9 18 9 27 13 9 18 9 27 13 9 18 9 27 13
FIXUPS: 11410 18 9 2c 13 fffff96a 15 16 1c 13 9 18 9 18 9 14 13 17 e 26
FIXUPS: 10efa 36 9 36 9 5c 25 9 36 9 85 21 9 82 13 9 3a fffff718 14 19
FIXUPS: 10924 10 38 10 20 1f 1f 2b 1c 1f 1f 16 13 1b0 e 11 44 13 f c e
FIXUPS: 10cf0 17 c 11 30 9 36 9 fffff4c0 22 27 3c 3f204 c fffc0e3b 24 24
FIXUPS: 10381 6b 13 63 7f 56 1f e9 19 77 1c 74 19 7e 8 1a 15 f 19 14 17
FIXUPS: 10897 1f fffff427 32 43 28 10 5b d 44 b 13 13 33 12 19 1f 14 2c
FIXUPS: ff54 3d 43 52 52 39 19 16 39 19 1c 3c 19 22 13 fffff2bd 7 7 46
FIXUPS: f4fb 12 22 7 3e 12 35 7 7 7 7 7 10 46 d 80 98 12 12 12 12 1b f5
FIXUPS: f8cf 21 11 1c3 3a fffff5d5 d 35 1c d 41 1a ae 3c 7 7 7 3e 12 35
FIXUPS: f324 7 7 7 7 46 12 12 3c 7 7 7 3e 12 35 7 7 fffff443 18 19 19 1c
FIXUPS: e953 19 1c 1c 16 a8 22 58 28 28 17 d 6e 36 42 54 54 54 170 29 10
FIXUPS: ef3b 13 68 d 4d 10 fffff323 30 47 13 d 3e 15 22 24 27 11 13 41
FIXUPS: e512 49 2a 3a 13 4c 15 15 f f 17 42 61 55 62 3a 18 19 16 fffff4be
FIXUPS: dd44 12 10 6a 34 40 63 31 20 1e 3a d 19 f d 10 3d d 12f 3f 42 25
FIXUPS: e1f1 47 13 14 25 30 44 13 14 fffff0e6 15 14 10 e0 26 3b 21 42 193
FIXUPS: d7b7 16 31 6c ad 16 49 1d 69 2e 78 3f 3d 1c 1c 21 25 16 22 f0 22
FIXUPS: dcf8 4a1c 13 ffffa0b2 d 61 1b4 16 17 15 8 10 10 2d 13 32 1c9 37
FIXUPS: cd14 30 1d 1d 1d 1d 1d 24b 1b 1b 184 13 3a 1b1 16 4edc 1f 1f 1f
FIXUPS: 12346 10 10 56 d 17 d d 28 d c4 d 23 3d d 1b 4c 17 24 34 2f 3ce93
FIXUPS: 4f510 c fffc3185 13 13 3a fffff62a b d f b b b 1d 33 f 30 15 12
FIXUPS: 11fb0 f 43 3f 3b 18 13 1f 1d 17 18 13 1f 1d 13 ab 10 2e 4e d01
FIXUPS: 12fc0 16 1d 30 14 16 1d 13 d 31 12 62 2e 14 16 1d 13 d 31 12 ffffe9f4
FIXUPS: 11c0b 4c 20 1f 12 e b f b 33 f95 28 29 28 29 28 3c 3c77c b b b
FIXUPS: 4f551 b b b c fffc3863 d 4a d 2c 8 d 2e b b d 2d b b d 58 8f5 46
FIXUPS: 138ee d d3 a9 92 18 f ffffecee 35 35 35 35 35 35 35 26 b3 d 43
FIXUPS: 12ac7 54 1f 29 1f 29 1f 38 27 29 28 119f 10 64 10 44 7 d fffff37f
FIXUPS: 13306 33 5c 1a 3c1e6 c fffc3ea1 22 10 2d 13 13 82 8 d 6a 10 a6
FIXUPS: 1368f 52 2b 9c 50 47 21e9 1b 17 17 20 f 14 f 14 26 4e f d d d d
FIXUPS: 15b9b d d d d d d d d 47 13 d ffffdfde 15 123 10 176d 27 d 5e a
FIXUPS: 155cc 6b a 32 75 a 33 6b a 36 78 a 36 77 39d89 e e e e c fffc628f
FIXUPS: 1597d 1a 17 28 17 20 fffff461 44 3a783 c fffc58c9 10 3b 3b 45 2a
FIXUPS: 1502b 2b 3d 18 13 7 2b 42 7 17 3a505 b b c fffc5b07 2b 42 1e 2b4
FIXUPS: 154c4 15 1d fffff256 33 3e 33 3e 4a 40 20 10 109 36 1d 7e 13 8c
FIXUPS: 14b6d 13 45 29 2f 1c 38 2d 3a977 c fffc5707 f 13 42 2d 57 39 fffff3a6
FIXUPS: 141fc 6b 3b 3b 3b 2b 1a 3b29a b fffc4d97 f f 11 10 3f 3e 27 40
FIXUPS: 144e2 d e 40 2b d 44 3e 33 40 33 3e 33 25e7 29 3c 8 ba 34 ffffee5f
FIXUPS: 15ccc 1d 1f 43 1f 1f 1a ffffe198 139 20 29 20 29 23 35 13 8 f 24
FIXUPS: 4f5b7 a b b c fffc4c01 22f3 1b 41 391c2 c fffc6e60 1b0 18 7e 29
FIXUPS: 167f9 8 bd 16 27 31 1b 6d 38d61 b c fffc7409 7 29 7 2e 7 2f 7 12
FIXUPS: 16c2a 8 fffff2fa 16 16 26 16 11 10 65 2e 19 5d 21 f 5c f 5d f 30
FIXUPS: 16202 2f 4b 63 59 22 1c 56 27 46 3929c c fffc6da5 1b
