 MorphEngine

 Timestamp is 439486e2 (Mon Dec 05 13:28:50 2005)

 Preferred load address is 00400000

 Start         Length     Name                   Class
 0001:00000000 0004d550H .text                   CODE
 0001:0004d550 000008d3H .text$x                 CODE
 0002:00000000 00003161H .rdata                  DATA
 0002:00003168 0000031cH .rdata$r                DATA
 0002:00003488 000008d8H .xdata$x                DATA
 0002:00003d60 00000000H .edata                  DATA
 0003:00000000 00000004H .CRT$XCA                DATA
 0003:00000004 00000004H .CRT$XCU                DATA
 0003:00000008 00000004H .CRT$XCZ                DATA
 0003:0000000c 00000004H .CRT$XIA                DATA
 0003:00000010 00000008H .CRT$XIC                DATA
 0003:00000018 00000004H .CRT$XIY                DATA
 0003:0000001c 00000004H .CRT$XIZ                DATA
 0003:00000020 00000004H .CRT$XPA                DATA
 0003:00000024 00000004H .CRT$XPX                DATA
 0003:00000028 00000004H .CRT$XPZ                DATA
 0003:0000002c 00000004H .CRT$XTA                DATA
 0003:00000030 00000004H .CRT$XTB                DATA
 0003:00000034 00000004H .CRT$XTZ                DATA
 0003:00000040 0000199cH .data                   DATA
 0003:000019e0 00002b74H .bss                    DATA
 0004:00000000 00000064H .idata$2                DATA
 0004:00000064 00000014H .idata$3                DATA
 0004:00000078 00000278H .idata$4                DATA
 0004:000002f0 00000278H .idata$5                DATA
 0004:00000568 00000a18H .idata$6                DATA
 0005:00000000 000000e8H .rsrc$01                DATA
 0005:000000f0 00000420H .rsrc$02                DATA

  Address         Publics by Value              Rva+Base     Lib:Object

 0001:00000000       ??0AGENT@@QAE@HPAUdxWorld@@PAUdxSpace@@@Z 00401000 f   agent.obj
 0001:00000120       ??0AGENT@@QAE@HPAV0@@Z     00401120 f   agent.obj
 0001:000004c0       ??1AGENT@@QAE@XZ           004014c0 f   agent.obj
 0001:00000680       ??_GME_OBJECT@@QAEPAXI@Z   00401680 f i agent.obj
 0001:000006e0       ??_GME_JOINT@@QAEPAXI@Z    004016e0 f i agent.obj
 0001:00000740       ??_GTRAJECTORY@@QAEPAXI@Z  00401740 f i agent.obj
 0001:000007a0       ??_GMATRIX@@QAEPAXI@Z      004017a0 f i agent.obj
 0001:00000800       ?AttachedTo@AGENT@@QAEHPAV1@@Z 00401800 f   agent.obj
 0001:000008b0       ?AttachTo@AGENT@@QAEXPAV1@PAUdxWorld@@@Z 004018b0 f   agent.obj
 0001:000008e0       ?ContainsLightSensor@AGENT@@QAEHXZ 004018e0 f   agent.obj
 0001:00000950       ?CreateJoints@AGENT@@QAEXPAUdxWorld@@@Z 00401950 f   agent.obj
 0001:000009c0       ?CreateObjects@AGENT@@QAEXHPANPAVME_OBJECT@@PAUdxWorld@@PAUdxSpace@@@Z 004019c0 f   agent.obj
 0001:00000a70       ?CreateODEStuff@AGENT@@QAEXPAUdxWorld@@PAUdxSpace@@@Z 00401a70 f   agent.obj
 0001:00000b20       ?DestroyODEStuff@AGENT@@QAEXPAUdxSpace@@@Z 00401b20 f   agent.obj
 0001:00000bc0       ?DistTo@AGENT@@QAENHPAV1@@Z 00401bc0 f   agent.obj
 0001:00000c60       ?Draw@AGENT@@QAEXXZ        00401c60 f   agent.obj
 0001:00000d00       ?Exploding@AGENT@@QAEHXZ   00401d00 f   agent.obj
 0001:00000d90       ?GetCentreOfMass@AGENT@@QAEXPAN@Z 00401d90 f   agent.obj
 0001:00000ea0       ?GetID@AGENT@@QAEHXZ       00401ea0 f   agent.obj
 0001:00000ed0       ?GetJoint@AGENT@@QAEPAVME_JOINT@@H@Z 00401ed0 f   agent.obj
 0001:00000f10       ?GetJoint@AGENT@@QAEPAVME_JOINT@@PAD@Z 00401f10 f   agent.obj
 0001:00000fa0       ?GetMaxHeight@AGENT@@QAENXZ 00401fa0 f   agent.obj
 0001:00001030       ?GetMinHeight@AGENT@@QAENXZ 00402030 f   agent.obj
 0001:000010e0       ?GetName@AGENT@@QAEPADH@Z  004020e0 f   agent.obj
 0001:00001120       ?GetNumOfJoints@AGENT@@QAEHXZ 00402120 f   agent.obj
 0001:00001150       ?GetNumOfObjects@AGENT@@QAEHXZ 00402150 f   agent.obj
 0001:00001180       ?GetNumOfPossibleJoints@AGENT@@QAEHXZ 00402180 f   agent.obj
 0001:000011b0       ?GetNumOfWeights@AGENT@@QAEHXZ 004021b0 f   agent.obj
 0001:000011e0       ?GetObject@AGENT@@QAEPAVME_OBJECT@@H@Z 004021e0 f   agent.obj
 0001:00001220       ?GetWidth@AGENT@@QAENXZ    00402220 f   agent.obj
 0001:00001300       ?GetLength@AGENT@@QAENXZ   00402300 f   agent.obj
 0001:000013e0       ?HandleCollisions@AGENT@@QAEXH@Z 004023e0 f   agent.obj
 0001:00001410       ?IncreasePerturbation@AGENT@@QAEXN@Z 00402410 f   agent.obj
 0001:00001480       ?InitNetwork@AGENT@@QAEXHH@Z 00402480 f   agent.obj
 0001:000014b0       ?Move@AGENT@@QAEXHPAVME_OBJECT@@PAVPLUME@@PAUdxWorld@@PAUdxGeom@@@Z 004024b0 f   agent.obj
 0001:00001520       ?PerturbSynapses@AGENT@@QAEXXZ 00402520 f   agent.obj
 0001:00001550       ?Push@AGENT@@QAEXNNN@Z     00402550 f   agent.obj
 0001:000015d0       ?RemoveExtraneousObjects@AGENT@@QAEXPAUdxSpace@@@Z 004025d0 f   agent.obj
 0001:00001600       ?Reset@AGENT@@QAEXXZ       00402600 f   agent.obj
 0001:00001660       ?ResetTouchSensors@AGENT@@QAEXXZ 00402660 f   agent.obj
 0001:000016f0       ?SaveToRaytracerFile@AGENT@@QAEXPAVofstream@@@Z 004026f0 f   agent.obj
 0001:00001760       ?SpecifyPhenotype@AGENT@@QAEXHPAN@Z 00402760 f   agent.obj
 0001:00001830       ?SwitchOnPressureSensors@AGENT@@QAEXPAUdxWorld@@@Z 00402830 f   agent.obj
 0001:000018a0       ?ToggleFootprintDrawing@AGENT@@QAEXXZ 004028a0 f   agent.obj
 0001:00001900       ?ToggleTrajectoryDrawing@AGENT@@QAEXXZ 00402900 f   agent.obj
 0001:000019e0       ?ActuateJoints@AGENT@@AAEXXZ 004029e0 f   agent.obj
 0001:00001aa0       ?BreakExternalConnectionsIfNecessary@AGENT@@AAEXXZ 00402aa0 f   agent.obj
 0001:00001bb0       ?CountPossibleExternalJoints@AGENT@@AAEHXZ 00402bb0 f   agent.obj
 0001:00001c20       ?CreateBody@AGENT@@AAEXPAUdxWorld@@PAUdxSpace@@@Z 00402c20 f   agent.obj
 0001:00001d60       ?CreateBrain@AGENT@@AAEXXZ 00402d60 f   agent.obj
 0001:00001db0       ?DetachJoints@AGENT@@AAEXXZ 00402db0 f   agent.obj
 0001:00001ec0       ?DetermineMaxLightSensorReading@AGENT@@AAEXPAVME_OBJECT@@@Z 00402ec0 f   agent.obj
 0001:00001f60       ?DrawJointNormals@AGENT@@AAEXXZ 00402f60 f   agent.obj
 0001:00001fc0       ?DrawNeuralNetwork@AGENT@@AAEXXZ 00402fc0 f   agent.obj
 0001:00001ff0       ?FindRelatedJoints@AGENT@@AAEXXZ 00402ff0 f   agent.obj
 0001:00002090       ?IntroduceNoise@AGENT@@AAEXXZ 00403090 f   agent.obj
 0001:000020f0       ?ReadInDataParameters@AGENT@@AAEXXZ 004030f0 f   agent.obj
 0001:00002230       ?ReadInJoint@AGENT@@AAEXH@Z 00403230 f   agent.obj
 0001:00002300       ?ReadInObject@AGENT@@AAEXH@Z 00403300 f   agent.obj
 0001:000023d0       ?RecordObjectData@AGENT@@AAEXXZ 004033d0 f   agent.obj
 0001:00002400       ?RecordSensorData@AGENT@@AAEXXZ 00403400 f   agent.obj
 0001:00002430       ?RecordCentreOfMass@AGENT@@AAEXPAN@Z 00403430 f   agent.obj
 0001:000024e0       ?SaveCentreOfMass@AGENT@@QAEXPAN@Z 004034e0 f   agent.obj
 0001:00002570       ?TakeAgentSensorReadings@AGENT@@AAEXH@Z 00403570 f   agent.obj
 0001:000025a0       ?TakeAngleSensorReadings@AGENT@@AAEXXZ 004035a0 f   agent.obj
 0001:00002670       ?TakeAttachmentSensorReadings@AGENT@@AAEXXZ 00403670 f   agent.obj
 0001:000026a0       ?TakeChemoSensorReadings@AGENT@@AAEXPAVPLUME@@@Z 004036a0 f   agent.obj
 0001:000026d0       ?TakeDistanceSensorReading@AGENT@@AAEXPAUdxGeom@@@Z 004036d0 f   agent.obj
 0001:000027a0       ?TakeLightSensorReadings@AGENT@@AAEXPAVME_OBJECT@@@Z 004037a0 f   agent.obj
 0001:000027d0       ?TakeLowestHeightSensorReading@AGENT@@AAEXXZ 004037d0 f   agent.obj
 0001:00002830       ?TakeObj0HeightSensorReading@AGENT@@AAEXXZ 00403830 f   agent.obj
 0001:000028a0       ?TakeOrientationSensorReadings@AGENT@@AAEXXZ 004038a0 f   agent.obj
 0001:000028e0       ?TakePressureSensorReadings@AGENT@@AAEXPAUdxGeom@@@Z 004038e0 f   agent.obj
 0001:00002aa0       ?TakeSensorReadings@AGENT@@AAEXHPAVME_OBJECT@@PAVPLUME@@PAUdxGeom@@@Z 00403aa0 f   agent.obj
 0001:00002b00       ?TakeTouchSensorReadings@AGENT@@AAEXXZ 00403b00 f   agent.obj
 0001:00002b30       ?TakeVelocitySensorReadings@AGENT@@AAEXXZ 00403b30 f   agent.obj
 0001:00002c30       ?UpdateSpringConnections@AGENT@@AAEXXZ 00403c30 f   agent.obj
 0001:00002cb0       ??0DEBRIS@@QAE@HNN@Z       00403cb0 f   debris.obj
 0001:00002d90       ??1DEBRIS@@QAE@XZ          00403d90 f   debris.obj
 0001:00002e40       ?CreateODEStuff@DEBRIS@@QAEXPAUdxWorld@@PAUdxSpace@@@Z 00403e40 f   debris.obj
 0001:00002eb0       ?DestroyODEStuff@DEBRIS@@QAEXPAUdxSpace@@@Z 00403eb0 f   debris.obj
 0001:00002f20       ?Draw@DEBRIS@@QAEXXZ       00403f20 f   debris.obj
 0001:00002f80       ?Move@DEBRIS@@QAEXPAUdxWorld@@PAUdxSpace@@PANNN@Z 00403f80 f   debris.obj
 0001:00002fc0       ?CreateEmbeddedRubble@DEBRIS@@AAEXXZ 00403fc0 f   debris.obj
 0001:00003040       ?CreateLooseRubble@DEBRIS@@AAEXXZ 00404040 f   debris.obj
 0001:00003200       ?CreateFixedRubble@DEBRIS@@AAEXXZ 00404200 f   debris.obj
 0001:000032f0       ?CreateRamp@DEBRIS@@AAEXXZ 004042f0 f   debris.obj
 0001:000034f0       ?CreateUnevenFloor@DEBRIS@@AAEXNN@Z 004044f0 f   debris.obj
 0001:00003700       ?GetCentreOfMass@DEBRIS@@AAEXPAN@Z 00404700 f   debris.obj
 0001:00003800       ?RecordDebris@DEBRIS@@AAEXXZ 00404800 f   debris.obj
 0001:00003940       ?RollLeft@DEBRIS@@AAEXPAUdxWorld@@PAUdxSpace@@@Z 00404940 f   debris.obj
 0001:00003a70       ?RollRight@DEBRIS@@AAEXPAUdxWorld@@PAUdxSpace@@@Z 00404a70 f   debris.obj
 0001:00003ba0       ??0ENVIRONMENT@@QAE@XZ     00404ba0 f   environment.obj
 0001:00003c00       ??1ENVIRONMENT@@QAE@XZ     00404c00 f   environment.obj
 0001:00003d90       ??_GAGENT@@QAEPAXI@Z       00404d90 f i environment.obj
 0001:00003df0       ??_GPLUME@@QAEPAXI@Z       00404df0 f i environment.obj
 0001:00003e50       ?AgentAvailable@ENVIRONMENT@@QAEHXZ 00404e50 f   environment.obj
 0001:00003ec0       ?ChangePlumePtSource@ENVIRONMENT@@QAEXH@Z 00404ec0 f   environment.obj
 0001:00003f00       ?CreateAgent@ENVIRONMENT@@QAEXXZ 00404f00 f   environment.obj
 0001:00004000       ?CreatePlume@ENVIRONMENT@@QAEXXZ 00405000 f   environment.obj
 0001:000040b0       ?DestroyAgent@ENVIRONMENT@@QAEXXZ 004050b0 f   environment.obj
 0001:00004180       ?DestroyPlume@ENVIRONMENT@@QAEXXZ 00405180 f   environment.obj
 0001:000041f0       ?Draw@ENVIRONMENT@@QAEXXZ  004051f0 f   environment.obj
 0001:00004250       ?EvaluationFinished@ENVIRONMENT@@QAEHXZ 00405250 f   environment.obj
 0001:000042e0       ?GetFitness@ENVIRONMENT@@QAENXZ 004052e0 f   environment.obj
 0001:00004390       ?GetObjectPosition@ENVIRONMENT@@QAEXPADPAPAN@Z 00405390 f   environment.obj
 0001:000043f0       ?HandleCollisions@ENVIRONMENT@@QAEXXZ 004053f0 f   environment.obj
 0001:00004470       ?IncreasePerturbation@ENVIRONMENT@@QAEXN@Z 00405470 f   environment.obj
 0001:000044e0       ?MoveAgents@ENVIRONMENT@@QAEXXZ 004054e0 f   environment.obj
 0001:00004570       ?MoveDebris@ENVIRONMENT@@QAEXXZ 00405570 f   environment.obj
 0001:00004610       ?PerturbSynapses@ENVIRONMENT@@QAEXXZ 00405610 f   environment.obj
 0001:00004670       ?Push@ENVIRONMENT@@QAEXNNN@Z 00405670 f   environment.obj
 0001:000046f0       ?Reset@ENVIRONMENT@@QAEXXZ 004056f0 f   environment.obj
 0001:00004780       ?ResetTouchSensors@ENVIRONMENT@@QAEXXZ 00405780 f   environment.obj
 0001:000047e0       ?SaveToRaytracerFile@ENVIRONMENT@@QAEXXZ 004057e0 f   environment.obj
 0001:00004850       ?ToggleFootprintDrawing@ENVIRONMENT@@QAEXXZ 00405850 f   environment.obj
 0001:000048b0       ?ToggleTrajectoryDrawing@ENVIRONMENT@@QAEXXZ 004058b0 f   environment.obj
 0001:00004910       ?AgentExploding@ENVIRONMENT@@AAEHXZ 00405910 f   environment.obj
 0001:00004960       ?AttemptAttachment@ENVIRONMENT@@AAEXXZ 00405960 f   environment.obj
 0001:00004990       ?ChangeDebrisField@ENVIRONMENT@@QAEXXZ 00405990 f   environment.obj
 0001:00004ae0       ?CloseRaytracerFile@ENVIRONMENT@@AAEXXZ 00405ae0 f   environment.obj
 0001:00004b20       ?CollisionBetweenAgents@ENVIRONMENT@@AAEHXZ 00405b20 f   environment.obj
 0001:00004b50       ?CountTotalJoints@ENVIRONMENT@@AAEHXZ 00405b50 f   environment.obj
 0001:00004ba0       ?CountTotalObjects@ENVIRONMENT@@AAEHXZ 00405ba0 f   environment.obj
 0001:00004bf0       ?CountTotalPossibleJoints@ENVIRONMENT@@AAEHXZ 00405bf0 f   environment.obj
 0001:00004c40       ?CreateDebris@ENVIRONMENT@@AAEXXZ 00405c40 f   environment.obj
 0001:00004d40       ?CreateFloor@ENVIRONMENT@@AAEXXZ 00405d40 f   environment.obj
 0001:00004da0       ?CreateLightSource@ENVIRONMENT@@AAEXH@Z 00405da0 f   environment.obj
 0001:00004e50       ?CreateODEStuff@ENVIRONMENT@@AAEXXZ 00405e50 f   environment.obj
 0001:00004ef0       ?DestroyDebris@ENVIRONMENT@@AAEXXZ 00405ef0 f   environment.obj
 0001:00004fc0       ??_GDEBRIS@@QAEPAXI@Z      00405fc0 f i environment.obj
 0001:00005020       ?DestroyFloor@ENVIRONMENT@@AAEXXZ 00406020 f   environment.obj
 0001:00005080       ?DestroyLightSource@ENVIRONMENT@@AAEXXZ 00406080 f   environment.obj
 0001:000050b0       ?DestroyODEStuff@ENVIRONMENT@@AAEXXZ 004060b0 f   environment.obj
 0001:00005120       ?DetermineFitnessCriteria@ENVIRONMENT@@AAEXPAVAGENT@@@Z 00406120 f   environment.obj
 0001:000058e0       ?FindObject@ENVIRONMENT@@AAEPAVME_OBJECT@@PADPAVAGENT@@@Z 004068e0 f   environment.obj
 0001:00005910       ?GetDistToLight@ENVIRONMENT@@AAENXZ 00406910 f   environment.obj
 0001:00005960       ?GetDistToPtSource@ENVIRONMENT@@AAENXZ 00406960 f   environment.obj
 0001:000059d0       ?GetForwardDist@ENVIRONMENT@@AAENXZ 004069d0 f   environment.obj
 0001:00005b20       ?GetMaxHeight@ENVIRONMENT@@AAENXZ 00406b20 f   environment.obj
 0001:00005be0       ?GetNumOfExternalJoints@ENVIRONMENT@@AAENXZ 00406be0 f   environment.obj
 0001:00005c50       ?OpenRaytracerFile@ENVIRONMENT@@AAEXXZ 00406c50 f   environment.obj
 0001:00005d20       ?RepositionLightSource@ENVIRONMENT@@AAEXH@Z 00406d20 f   environment.obj
 0001:00005df0       ?ReadFromFile@ENVIRONMENT@@AAEXXZ 00406df0 f   environment.obj
 0001:00005e20       ?SumOfDists@ENVIRONMENT@@AAENXZ 00406e20 f   environment.obj
 0001:00005ed0       ??0MATRIX@@QAE@HH@Z        00406ed0 f   matrix.obj
 0001:00005f40       ??0MATRIX@@QAE@HHN@Z       00406f40 f   matrix.obj
 0001:00006000       ??0MATRIX@@QAE@PAV0@@Z     00407000 f   matrix.obj
 0001:000060d0       ??0MATRIX@@QAE@PAVifstream@@@Z 004070d0 f   matrix.obj
 0001:000061b0       ??1MATRIX@@QAE@XZ          004071b0 f   matrix.obj
 0001:00006200       ?AbsoluteDifference@MATRIX@@QAENPAV1@@Z 00407200 f   matrix.obj
 0001:00006250       ?AbsoluteDifference@MATRIX@@QAENPAV1@HH@Z 00407250 f   matrix.obj
 0001:00006350       ?AbsoluteDifference@MATRIX@@QAENPAV1@H@Z 00407350 f   matrix.obj
 0001:00006440       ?AbsoluteDifference@MATRIX@@QAENPAV1@HN@Z 00407440 f   matrix.obj
 0001:000064a0       ?AbsoluteDifferenceOfTails@MATRIX@@QAENPAV1@@Z 004074a0 f   matrix.obj
 0001:00006560       ?Add@MATRIX@@QAEXHHH@Z     00407560 f   matrix.obj
 0001:000065c0       ?BinaryToDecimal@MATRIX@@QAEHHHH@Z 004075c0 f   matrix.obj
 0001:00006670       ?ComputeFSM@MATRIX@@QAEHPAV1@0HHHH0@Z 00407670 f   matrix.obj
 0001:00006730       ?Contains@MATRIX@@QAEHN@Z  00407730 f   matrix.obj
 0001:000067d0       ?CountValues@MATRIX@@QAEPAV1@HHHHH@Z 004077d0 f   matrix.obj
 0001:000068d0       ?CreateChain@MATRIX@@QAEXH@Z 004078d0 f   matrix.obj
 0001:00006970       ?CreateIdentity@MATRIX@@QAEXXZ 00407970 f   matrix.obj
 0001:00006a10       ?CreateParity@MATRIX@@QAEXXZ 00407a10 f   matrix.obj
 0001:00006b20       ?DecreaseFullColumns@MATRIX@@QAEXXZ 00407b20 f   matrix.obj
 0001:00006bb0       ?EqualColumnVals@MATRIX@@QAENHH@Z 00407bb0 f   matrix.obj
 0001:00006c50       ?FillColumn@MATRIX@@QAEXHHPAV1@@Z 00407c50 f   matrix.obj
 0001:00006cd0       ?FillRow@MATRIX@@QAEXHHPAV1@@Z 00407cd0 f   matrix.obj
 0001:00006d50       ?Flip@MATRIX@@QAEXHH@Z     00407d50 f   matrix.obj
 0001:00006dd0       ?FlipRandomBit@MATRIX@@QAEXXZ 00407dd0 f   matrix.obj
 0001:00006e40       ?FlipRandomBitInRow@MATRIX@@QAEXH@Z 00407e40 f   matrix.obj
 0001:00006ea0       ?Get@MATRIX@@QAENHH@Z      00407ea0 f   matrix.obj
 0001:00006ee0       ?GetColumn@MATRIX@@QAEPAV1@H@Z 00407ee0 f   matrix.obj
 0001:00006fc0       ?GetRow@MATRIX@@QAEPAV1@H@Z 00407fc0 f   matrix.obj
 0001:000070a0       ?IncreaseEmptyColumns@MATRIX@@QAEXXZ 004080a0 f   matrix.obj
 0001:00007130       ?InitColumns@MATRIX@@QAEXH@Z 00408130 f   matrix.obj
 0001:000071a0       ?MostSimilarRow@MATRIX@@QAEHPAV1@HH@Z 004081a0 f   matrix.obj
 0001:00007220       ?NormalizeToMass@MATRIX@@QAEXXZ 00408220 f   matrix.obj
 0001:000072e0       ?Perturb@MATRIX@@QAEXH@Z   004082e0 f   matrix.obj
 0001:00007370       ?Print@MATRIX@@QAEXXZ      00408370 f   matrix.obj
 0001:00007470       ?PrintRow@MATRIX@@QAEXH@Z  00408470 f   matrix.obj
 0001:00007550       ?Randomize@MATRIX@@QAEXH@Z 00408550 f   matrix.obj
 0001:000075b0       ?RandomizeColumn@MATRIX@@QAEXHH@Z 004085b0 f   matrix.obj
 0001:00007630       ?RandomizeRow@MATRIX@@QAEXHH@Z 00408630 f   matrix.obj
 0001:000076b0       ?Replace@MATRIX@@QAEXPAV1@@Z 004086b0 f   matrix.obj
 0001:00007760       ?RowDifference@MATRIX@@QAEHHHPAV1@@Z 00408760 f   matrix.obj
 0001:00007800       ?SelectUniquelyFrom@MATRIX@@QAEXH@Z 00408800 f   matrix.obj
 0001:00007970       ?Set@MATRIX@@QAEXHHN@Z     00408970 f   matrix.obj
 0001:000079c0       ?SetAllTo@MATRIX@@QAEXH@Z  004089c0 f   matrix.obj
 0001:00007a50       ?SetRow@MATRIX@@QAEXHH@Z   00408a50 f   matrix.obj
 0001:00007ac0       ?SumOfColumn@MATRIX@@QAEHH@Z 00408ac0 f   matrix.obj
 0001:00007b40       ?SumOfColumn@MATRIX@@QAEHHHH@Z 00408b40 f   matrix.obj
 0001:00007bc0       ?SumOfIndices@MATRIX@@QAEHPAV1@HHH@Z 00408bc0 f   matrix.obj
 0001:00007c50       ?SumOfRow@MATRIX@@QAEHH@Z  00408c50 f   matrix.obj
 0001:00007cd0       ?WriteAndRename@MATRIX@@QAEXPAD@Z 00408cd0 f   matrix.obj
 0001:00007e40       ?Write@MATRIX@@QAEXPAVofstream@@@Z 00408e40 f   matrix.obj
 0001:00007f20       ?WriteRow@MATRIX@@QAEXHPAVofstream@@@Z 00408f20 f   matrix.obj
 0001:00007fe0       ?WriteRows@MATRIX@@QAEXHPAVofstream@@@Z 00408fe0 f   matrix.obj
 0001:000080c0       ?Zero@MATRIX@@QAEXXZ       004090c0 f   matrix.obj
 0001:00008120       ?ZeroColumn@MATRIX@@QAEXH@Z 00409120 f   matrix.obj
 0001:00008190       ?BinaryToDecimal@MATRIX@@AAEHH@Z 00409190 f   matrix.obj
 0001:00008230       ?DecimalToBinary@MATRIX@@AAEPAV1@HH@Z 00409230 f   matrix.obj
 0001:000083b0       ?FindFirstValue@MATRIX@@AAEHH@Z 004093b0 f   matrix.obj
 0001:00008440       ?InitColumn@MATRIX@@AAEXHH@Z 00409440 f   matrix.obj
 0001:000084f0       ?InitRandomly@MATRIX@@AAEXXZ 004094f0 f   matrix.obj
 0001:00008590       ?Mean@MATRIX@@AAENHHH@Z    00409590 f   matrix.obj
 0001:00008620       ??0ME_JOINT@@QAE@XZ        00409620 f   mejoint.obj
 0001:000088c0       ??0ME_JOINT@@QAE@HHPAVME_OBJECT@@0@Z 004098c0 f   mejoint.obj
 0001:00008b80       ??0ME_JOINT@@QAE@HPAPAVME_OBJECT@@HPANPAV0@PAVNEURAL_NETWORK@@@Z 00409b80 f   mejoint.obj
 0001:00008f40       ??0ME_JOINT@@QAE@HPAPAVME_OBJECT@@HPAVifstream@@HPAVNEURAL_NETWORK@@@Z 00409f40 f   mejoint.obj
 0001:000091f0       ??1ME_JOINT@@QAE@XZ        0040a1f0 f   mejoint.obj
 0001:00009290       ?Actuate@ME_JOINT@@QAEXN@Z 0040a290 f   mejoint.obj
 0001:00009340       ?Attach@ME_JOINT@@QAEXPAUdxWorld@@@Z 0040a340 f   mejoint.obj
 0001:000093b0       ?AttachToWorld@ME_JOINT@@QAEXPAUdxWorld@@PAVME_OBJECT@@@Z 0040a3b0 f   mejoint.obj
 0001:00009440       ?AttachesTo@ME_JOINT@@QAEHHH@Z 0040a440 f   mejoint.obj
 0001:000094b0       ?Break@ME_JOINT@@QAEXXZ    0040a4b0 f   mejoint.obj
 0001:00009520       ?BreakageDesired@ME_JOINT@@QAEHPAVNEURAL_NETWORK@@@Z 0040a520 f   mejoint.obj
 0001:00009590       ?ComplementaryObj@ME_JOINT@@QAEPAVME_OBJECT@@PAV2@@Z 0040a590 f   mejoint.obj
 0001:000095d0       ?CreateODEStuff@ME_JOINT@@QAEXPAUdxWorld@@@Z 0040a5d0 f   mejoint.obj
 0001:00009b40       ?DestroyODEStuff@ME_JOINT@@QAEXXZ 0040ab40 f   mejoint.obj
 0001:00009b90       ?Display@ME_JOINT@@QAEXXZ  0040ab90 f   mejoint.obj
 0001:00009d50       ?DrawNormals@ME_JOINT@@QAEXXZ 0040ad50 f   mejoint.obj
 0001:00009e60       ?Draw@ME_JOINT@@QAEXXZ     0040ae60 f   mejoint.obj
 0001:00009f50       ?DrawMotorNeurons@ME_JOINT@@QAEXNN@Z 0040af50 f   mejoint.obj
 0001:00009f80       ?DrawSensorNeurons@ME_JOINT@@QAEXNN@Z 0040af80 f   mejoint.obj
 0001:00009fb0       ?FindPressureSensor@ME_JOINT@@QAEXXZ 0040afb0 f   mejoint.obj
 0001:0000a010       ?GeomTransformPossible@ME_JOINT@@QAEPAVME_OBJECT@@XZ 0040b010 f   mejoint.obj
 0001:0000a0a0       ?GetAngle@ME_JOINT@@QAENXZ 0040b0a0 f   mejoint.obj
 0001:0000a100       ?GetRelatedJoint@ME_JOINT@@QAEPAV1@XZ 0040b100 f   mejoint.obj
 0001:0000a130       ?GetRelatedJointName@ME_JOINT@@QAEPADXZ 0040b130 f   mejoint.obj
 0001:0000a160       ?IsBreaking@ME_JOINT@@QAEHXZ 0040b160 f   mejoint.obj
 0001:0000a190       ?IsMyName@ME_JOINT@@QAEHPAD@Z 0040b190 f   mejoint.obj
 0001:0000a1e0       ?RecordPressure@ME_JOINT@@QAEXXZ 0040b1e0 f   mejoint.obj
 0001:0000a260       ?RelatedToOtherJoint@ME_JOINT@@QAEHXZ 0040b260 f   mejoint.obj
 0001:0000a2b0       ?Reset@ME_JOINT@@QAEXPAUdxWorld@@@Z 0040b2b0 f   mejoint.obj
 0001:0000a300       ?ResetPosition@ME_JOINT@@QAEXXZ 0040b300 f   mejoint.obj
 0001:0000a390       ?Separated@ME_JOINT@@QAEHXZ 0040b390 f   mejoint.obj
 0001:0000a400       ?SetOrientationSensor@ME_JOINT@@QAEXXZ 0040b400 f   mejoint.obj
 0001:0000a480       ?SetRelatedJoint@ME_JOINT@@QAEXPAV1@@Z 0040b480 f   mejoint.obj
 0001:0000a500       ?SwitchOnPressureSensor@ME_JOINT@@QAEXPAUdxWorld@@@Z 0040b500 f   mejoint.obj
 0001:0000a6f0       ?UpdateSpring@ME_JOINT@@QAEXXZ 0040b6f0 f   mejoint.obj
 0001:0000ab00       ?ActuateByForce@ME_JOINT@@AAEXN@Z 0040bb00 f   mejoint.obj
 0001:0000ad70       ?ActuateByPosition@ME_JOINT@@AAEXN@Z 0040bd70 f   mejoint.obj
 0001:0000ade0       ?ActuateHinge@ME_JOINT@@AAEXN@Z 0040bde0 f   mejoint.obj
 0001:0000aea0       ?ActuateSlider@ME_JOINT@@AAEXN@Z 0040bea0 f   mejoint.obj
 0001:0000af80       ?ActuateByVelocity@ME_JOINT@@AAEXN@Z 0040bf80 f   mejoint.obj
 0001:0000afb0       ?FindObject@ME_JOINT@@AAEPAVME_OBJECT@@PAPAV2@HPAD@Z 0040bfb0 f   mejoint.obj
 0001:0000b050       ?NumberEntered@ME_JOINT@@AAEHPAD@Z 0040c050 f   mejoint.obj
 0001:0000b0b0       ?ReadIn@ME_JOINT@@AAEXPAVifstream@@PAPAVME_OBJECT@@HPAVNEURAL_NETWORK@@@Z 0040c0b0 f   mejoint.obj
 0001:0000bf70       ?RecordTorque@ME_JOINT@@AAEXXZ 0040cf70 f   mejoint.obj
 0001:0000c000       ??0ME_OBJECT@@QAE@PAUdxWorld@@PAUdxSpace@@@Z 0040d000 f   meobject.obj
 0001:0000c250       ??0dMass@@QAE@XZ           0040d250 f i meobject.obj
 0001:0000c290       ??0ME_OBJECT@@QAE@HPAN0@Z  0040d290 f   meobject.obj
 0001:0000c490       ??0ME_OBJECT@@QAE@PAVAGENT@@PAV0@QANPAVNEURAL_NETWORK@@@Z 0040d490 f   meobject.obj
 0001:0000c9e0       ??0ME_OBJECT@@QAE@PAVAGENT@@HPAVifstream@@HPAVNEURAL_NETWORK@@PAPAV0@@Z 0040d9e0 f   meobject.obj
 0001:0000cc30       ??1ME_OBJECT@@QAE@XZ       0040dc30 f   meobject.obj
 0001:0000cd30       ?BeyondRange@ME_OBJECT@@QAEHXZ 0040dd30 f   meobject.obj
 0001:0000cdd0       ?BreakageDesired@ME_OBJECT@@QAEHPAVNEURAL_NETWORK@@@Z 0040ddd0 f   meobject.obj
 0001:0000ce00       ?CloseEnough@ME_OBJECT@@QAEHPAV1@@Z 0040de00 f   meobject.obj
 0001:0000ce30       ?CloseEnoughToPlume@ME_OBJECT@@QAEHNN@Z 0040de30 f   meobject.obj
 0001:0000ce90       ?CountMorphParams@ME_OBJECT@@QAEHH@Z 0040de90 f   meobject.obj
 0001:0000cf20       ?CreateODEStuff@ME_OBJECT@@QAEXPAUdxWorld@@PAUdxSpace@@@Z 0040df20 f   meobject.obj
 0001:0000d3c0       ?Darken@ME_OBJECT@@QAEXN@Z 0040e3c0 f   meobject.obj
 0001:0000d470       ?DestroyODEStuff@ME_OBJECT@@QAEXPAUdxSpace@@@Z 0040e470 f   meobject.obj
 0001:0000d550       ?DisableContacts@ME_OBJECT@@QAEXXZ 0040e550 f   meobject.obj
 0001:0000d580       ?Display@ME_OBJECT@@QAEXXZ 0040e580 f   meobject.obj
 0001:0000d790       ?Draw@ME_OBJECT@@QAEXXZ    0040e790 f   meobject.obj
 0001:0000d7e0       ?DrawSensorNeurons@ME_OBJECT@@QAEXNN@Z 0040e7e0 f   meobject.obj
 0001:0000d810       ?EvolvableHeight@ME_OBJECT@@QAEHXZ 0040e810 f   meobject.obj
 0001:0000d860       ?EvolvableMass@ME_OBJECT@@QAEHXZ 0040e860 f   meobject.obj
 0001:0000d8b0       ?FindObject@ME_OBJECT@@QAEPAV1@PAPAV1@HPAD@Z 0040e8b0 f   meobject.obj
 0001:0000d950       ?FindOtherObjects@ME_OBJECT@@QAEXHPAPAV1@@Z 0040e950 f   meobject.obj
 0001:0000dbd0       ?GetDistance@ME_OBJECT@@QAENPAV1@@Z 0040ebd0 f   meobject.obj
 0001:0000dcb0       ?GetHeight@ME_OBJECT@@QAENXZ 0040ecb0 f   meobject.obj
 0001:0000dd20       ?GetPosAndRot@ME_OBJECT@@QAEXPAN0@Z 0040ed20 f   meobject.obj
 0001:0000df30       _dMULTIPLY0_331            0040ef30 f i meobject.obj
 0001:0000dfa0       _dDOT                      0040efa0 f i meobject.obj
 0001:0000dff0       _dMULTIPLY0_333            0040eff0 f i meobject.obj
 0001:0000e110       _dDOT14                    0040f110 f i meobject.obj
 0001:0000e160       ?IncreasePerturbation@ME_OBJECT@@QAEXN@Z 0040f160 f   meobject.obj
 0001:0000e1d0       ?IntroduceNoise@ME_OBJECT@@QAEXXZ 0040f1d0 f   meobject.obj
 0001:0000e2a0       ?InvertColour@ME_OBJECT@@QAEXXZ 0040f2a0 f   meobject.obj
 0001:0000e2d0       ?IsBelow@ME_OBJECT@@QAEHN@Z 0040f2d0 f   meobject.obj
 0001:0000e340       ?IsInside@ME_OBJECT@@QAEHPAV1@@Z 0040f340 f   meobject.obj
 0001:0000e470       ?IsPartOfEnvironment@ME_OBJECT@@QAEHXZ 0040f470 f   meobject.obj
 0001:0000e4b0       ?Lighten@ME_OBJECT@@QAEXXZ 0040f4b0 f   meobject.obj
 0001:0000e560       ?Push@ME_OBJECT@@QAEXNNN@Z 0040f560 f   meobject.obj
 0001:0000e650       ?RecordTouchdown@ME_OBJECT@@QAEXPAN@Z 0040f650 f   meobject.obj
 0001:0000e6c0       ?Reposition@ME_OBJECT@@QAEXNNN@Z 0040f6c0 f   meobject.obj
 0001:0000e720       ?RequiresGeneticSpecification@ME_OBJECT@@QAEHXZ 0040f720 f   meobject.obj
 0001:0000e790       ?Reset@ME_OBJECT@@QAEXXZ   0040f790 f   meobject.obj
 0001:0000e7e0       ?Reset@ME_OBJECT@@QAEXPAUdxWorld@@PAUdxSpace@@@Z 0040f7e0 f   meobject.obj
 0001:0000e840       ?SaveToRaytracerFile@ME_OBJECT@@QAEXPAVofstream@@@Z 0040f840 f   meobject.obj
 0001:0000ecf0       ??6ostream@@QAEAAV0@M@Z    0040fcf0 f i meobject.obj
 0001:0000ed40       ?SetColour@ME_OBJECT@@QAEXMMM@Z 0040fd40 f   meobject.obj
 0001:0000ed90       ?SetEvolvableParams@ME_OBJECT@@QAEXHHPAN@Z 0040fd90 f   meobject.obj
 0001:0000eed0       ?SetParamsBasedOnOtherObjects@ME_OBJECT@@QAEXXZ 0040fed0 f   meobject.obj
 0001:0000f1c0       ?SetOrientationSensors@ME_OBJECT@@QAEXXZ 004101c0 f   meobject.obj
 0001:0000f4a0       ?SetPressureSensor@ME_OBJECT@@QAEXXZ 004104a0 f   meobject.obj
 0001:0000f500       ?SwitchToGeomTransform@ME_OBJECT@@QAEXPAV1@PAUdxSpace@@@Z 00410500 f   meobject.obj
 0001:0000f8f0       ?ToggleFootprintDrawing@ME_OBJECT@@QAEXXZ 004108f0 f   meobject.obj
 0001:0000f9f0       ?AdjustHeight@ME_OBJECT@@AAEXN@Z 004109f0 f   meobject.obj
 0001:0000fa70       ?AdjustMass@ME_OBJECT@@AAEXN@Z 00410a70 f   meobject.obj
 0001:0000fbc0       ?AdjustRotation@ME_OBJECT@@AAEXXZ 00410bc0 f   meobject.obj
 0001:0000fc40       ?AdjustX@ME_OBJECT@@AAEXN@Z 00410c40 f   meobject.obj
 0001:0000fcd0       ?AdjustY@ME_OBJECT@@AAEXN@Z 00410cd0 f   meobject.obj
 0001:0000fd60       ?AdjustZ@ME_OBJECT@@AAEXN@Z 00410d60 f   meobject.obj
 0001:0000fdf0       ?Draw@ME_OBJECT@@AAEXPAUdxGeom@@PBN1@Z 00410df0 f   meobject.obj
 0001:0000ffa0       ?InvertRotation@ME_OBJECT@@AAEXPAN0@Z 00410fa0 f   meobject.obj
 0001:00010100       ?LockHeightTo@ME_OBJECT@@AAEXXZ 00411100 f   meobject.obj
 0001:00010140       ?LockMassTo@ME_OBJECT@@AAEXXZ 00411140 f   meobject.obj
 0001:00010200       ?NumberEntered@ME_OBJECT@@AAEHPAD@Z 00411200 f   meobject.obj
 0001:00010260       ?ReadIn@ME_OBJECT@@AAEXPAVifstream@@PAVNEURAL_NETWORK@@PAPAV1@@Z 00411260 f   meobject.obj
 0001:00010df0       ?RotToAxisAndAngle@ME_OBJECT@@AAEXPAN00@Z 00411df0 f   meobject.obj
 0001:00010f20       ?SetColour@ME_OBJECT@@AAEXXZ 00411f20 f   meobject.obj
 0001:00010fe0       ?SetDefaultProperties@ME_OBJECT@@AAEXXZ 00411fe0 f   meobject.obj
 0001:00011120       ?SetLightSourceProperties@ME_OBJECT@@AAEXXZ 00412120 f   meobject.obj
 0001:000111d0       ?locase@@YADD@Z            004121d0 f   MorphEngine.obj
 0001:00011210       ?SetViewpoint@@YAXXZ       00412210 f   MorphEngine.obj
 0001:00011280       ?Tick@@YAXHH@Z             00412280 f   MorphEngine.obj
 0001:000116e0       ?InitializeODE@@YAXHPAPAD@Z 004126e0 f   MorphEngine.obj
 0001:00011a20       _main                      00412a20 f   MorphEngine.obj
 0001:00011be0       ??_GENVIRONMENT@@QAEPAXI@Z 00412be0 f i MorphEngine.obj
 0001:00011c40       ??_GSIM_PARAMS@@QAEPAXI@Z  00412c40 f i MorphEngine.obj
 0001:00011ca0       ??0NEURAL_NETWORK@@QAE@XZ  00412ca0 f   nnetwork.obj
 0001:00011d40       ??1NEURAL_NETWORK@@QAE@XZ  00412d40 f   nnetwork.obj
 0001:00011f20       ?AddMotor@NEURAL_NETWORK@@QAEHXZ 00412f20 f   nnetwork.obj
 0001:00011f60       ?AddSensor@NEURAL_NETWORK@@QAEHXZ 00412f60 f   nnetwork.obj
 0001:00011fa0       ?GetMotorCommand@NEURAL_NETWORK@@QAENH@Z 00412fa0 f   nnetwork.obj
 0001:00011ff0       ?GetSensorValue@NEURAL_NETWORK@@QAENH@Z 00412ff0 f   nnetwork.obj
 0001:00012040       ?Init@NEURAL_NETWORK@@QAEXPAVifstream@@@Z 00413040 f   nnetwork.obj
 0001:00012320       ?Print@NEURAL_NETWORK@@QAEXXZ 00413320 f   nnetwork.obj
 0001:00012360       ?UpdateSensorValue@NEURAL_NETWORK@@QAEXNH@Z 00413360 f   nnetwork.obj
 0001:000123b0       ?Update@NEURAL_NETWORK@@QAEXXZ 004133b0 f   nnetwork.obj
 0001:000123f0       ?PrintValues@NEURAL_NETWORK@@AAEXXZ 004133f0 f   nnetwork.obj
 0001:00012440       ?PrintWeights@NEURAL_NETWORK@@AAEXXZ 00413440 f   nnetwork.obj
 0001:00012490       ?UpdateHiddenValues@NEURAL_NETWORK@@AAEXXZ 00413490 f   nnetwork.obj
 0001:00012640       ?UpdateOutputValues@NEURAL_NETWORK@@AAEXXZ 00413640 f   nnetwork.obj
 0001:00012770       ??0PLUME@@QAE@N@Z          00413770 f   plume.obj
 0001:00012920       ??1PLUME@@QAE@XZ           00413920 f   plume.obj
 0001:000129e0       ??_GPLUME_POINT@@QAEPAXI@Z 004139e0 f i plume.obj
 0001:00012a40       ?ChangePtSource@PLUME@@QAEXH@Z 00413a40 f   plume.obj
 0001:00012ad0       ?DistToPtSource@PLUME@@QAENNN@Z 00413ad0 f   plume.obj
 0001:00012b50       ?Draw@PLUME@@QAEXXZ        00413b50 f   plume.obj
 0001:00012c00       ?GetConcAt@PLUME@@QAENNN@Z 00413c00 f   plume.obj
 0001:00012ce0       ?Reset@PLUME@@QAEXXZ       00413ce0 f   plume.obj
 0001:00012e80       ?CalculatePtDists@PLUME@@AAEXXZ 00413e80 f   plume.obj
 0001:00012fe0       ?WriteToFile@PLUME@@AAEXXZ 00413fe0 f   plume.obj
 0001:000130a0       ??0PLUME_POINT@@QAE@HHNN@Z 004140a0 f   plumePoint.obj
 0001:00013120       ??1PLUME_POINT@@QAE@XZ     00414120 f   plumePoint.obj
 0001:00013150       ?CalcDistFromPtSource@PLUME_POINT@@QAEXNN@Z 00414150 f   plumePoint.obj
 0001:000131d0       ?Draw@PLUME_POINT@@QAEXNNN@Z 004141d0 f   plumePoint.obj
 0001:00013410       ?Write@PLUME_POINT@@QAEXPAVofstream@@@Z 00414410 f   plumePoint.obj
 0001:00013460       ??0SIM_PARAMS@@QAE@HPAPAD@Z 00414460 f   simParams.obj
 0001:00013610       ??_Difstream@@QAEXXZ       00414610 f i simParams.obj
 0001:00013660       ??1SIM_PARAMS@@QAE@XZ      00414660 f   simParams.obj
 0001:000136a0       ?AngleBetween@SIM_PARAMS@@QAENPAN0@Z 004146a0 f   simParams.obj
 0001:00013720       ?CloseFiles@SIM_PARAMS@@QAEXXZ 00414720 f   simParams.obj
 0001:000138b0       ?CloseOutputFiles@SIM_PARAMS@@QAEXXZ 004148b0 f   simParams.obj
 0001:00013c20       ?Cross@SIM_PARAMS@@QAEXPAN00@Z 00414c20 f   simParams.obj
 0001:00013cb0       ?DistBetween@SIM_PARAMS@@QAENPAN0@Z 00414cb0 f   simParams.obj
 0001:00013d40       ?Dot@SIM_PARAMS@@QAENPAN0@Z 00414d40 f   simParams.obj
 0001:00013d90       ?FileDelete@SIM_PARAMS@@QAEXPAD@Z 00414d90 f   simParams.obj
 0001:00013df0       ?FileExists@SIM_PARAMS@@QAEHPAD@Z 00414df0 f   simParams.obj
 0001:00013f10       ?good@ios@@QBEHXZ          00414f10 f i simParams.obj
 0001:00013f50       ?FileRename@SIM_PARAMS@@QAEXPAD0@Z 00414f50 f   simParams.obj
 0001:00013fc0       ?FlipCoin@SIM_PARAMS@@QAEHXZ 00414fc0 f   simParams.obj
 0001:00014030       ?GetMotorCommands@SIM_PARAMS@@QAEXXZ 00415030 f   simParams.obj
 0001:00014120       ?MagnitudeOfVector@SIM_PARAMS@@QAENPAN@Z 00415120 f   simParams.obj
 0001:00014190       ?Normalize@SIM_PARAMS@@QAEXPAN@Z 00415190 f   simParams.obj
 0001:00014200       ?OpenFiles@SIM_PARAMS@@QAEXXZ 00415200 f   simParams.obj
 0001:000143c0       ?Rand@SIM_PARAMS@@QAENNN@Z 004153c0 f   simParams.obj
 0001:00014420       ?RandInt@SIM_PARAMS@@QAEHHH@Z 00415420 f   simParams.obj
 0001:00014480       ?Scale@SIM_PARAMS@@QAENNNNNN@Z 00415480 f   simParams.obj
 0001:000144e0       ?SetDefaultRotation@SIM_PARAMS@@QAEXPAN@Z 004154e0 f   simParams.obj
 0001:000145a0       ?VectAdd@SIM_PARAMS@@QAEXPAN00@Z 004155a0 f   simParams.obj
 0001:00014600       ?VectMult@SIM_PARAMS@@QAEXPANN@Z 00415600 f   simParams.obj
 0001:00014660       ?VectSub@SIM_PARAMS@@QAEXPAN00@Z 00415660 f   simParams.obj
 0001:000146c0       ?WriteToNoiseFile@SIM_PARAMS@@QAEXN@Z 004156c0 f   simParams.obj
 0001:000147a0       ?OpenOutputFiles@SIM_PARAMS@@AAEXXZ 004157a0 f   simParams.obj
 0001:00014b70       ?ParseParameters@SIM_PARAMS@@AAEXHPAPAD@Z 00415b70 f   simParams.obj
 0001:00014d70       ?PrintHelp@SIM_PARAMS@@AAEXXZ 00415d70 f   simParams.obj
 0001:00014ee0       ??0TRAJECTORY@@QAE@H@Z     00415ee0 f   trajectory.obj
 0001:00014f80       ??1TRAJECTORY@@QAE@XZ      00415f80 f   trajectory.obj
 0001:00015010       ?Draw@TRAJECTORY@@QAEXNNN@Z 00416010 f   trajectory.obj
 0001:00015040       ?Reset@TRAJECTORY@@QAEXXZ  00416040 f   trajectory.obj
 0001:000150d0       ?Store@TRAJECTORY@@QAEXHNNN@Z 004160d0 f   trajectory.obj
 0001:00015140       _dCollide                  00416140 f   ode:collision_kernel.obj
 0001:00015200       ??0dxGeom@@QAE@PAUdxSpace@@H@Z 00416200 f   ode:collision_kernel.obj
 0001:000154f0       ??_GdxGeom@@UAEPAXI@Z      004164f0 f i ode:collision_kernel.obj
 0001:000154f0       ??_EdxGeom@@UAEPAXI@Z      004164f0 f i ode:collision_kernel.obj
 0001:00015510       ??1dxGeom@@UAE@XZ          00416510 f   ode:collision_kernel.obj
 0001:00015560       ?AABBTest@dxGeom@@UAEHPAU1@QAN@Z 00416560 f   ode:collision_kernel.obj
 0001:00015570       ?bodyRemove@dxGeom@@QAEXXZ 00416570 f   ode:collision_kernel.obj
 0001:000155b0       _dGeomGetBodyNext          004165b0 f   ode:collision_kernel.obj
 0001:000155c0       _dGeomDestroy              004165c0 f   ode:collision_kernel.obj
 0001:000155d0       _dGeomSetData              004165d0 f   ode:collision_kernel.obj
 0001:000155e0       _dGeomGetData              004165e0 f   ode:collision_kernel.obj
 0001:000155f0       _dGeomSetBody              004165f0 f   ode:collision_kernel.obj
 0001:00015690       _dGeomGetBody              00416690 f   ode:collision_kernel.obj
 0001:000156a0       _dGeomSetPosition          004166a0 f   ode:collision_kernel.obj
 0001:00015720       _dGeomSetRotation          00416720 f   ode:collision_kernel.obj
 0001:00015760       _dGeomSetQuaternion        00416760 f   ode:collision_kernel.obj
 0001:000157a0       _dGeomGetPosition          004167a0 f   ode:collision_kernel.obj
 0001:000157b0       _dGeomGetRotation          004167b0 f   ode:collision_kernel.obj
 0001:000157c0       _dGeomGetQuaternion        004167c0 f   ode:collision_kernel.obj
 0001:00015820       _dGeomGetAABB              00416820 f   ode:collision_kernel.obj
 0001:00015850       _dGeomIsSpace              00416850 f   ode:collision_kernel.obj
 0001:00015870       _dGeomGetSpace             00416870 f   ode:collision_kernel.obj
 0001:00015880       _dGeomGetClass             00416880 f   ode:collision_kernel.obj
 0001:00015890       _dGeomSetCategoryBits      00416890 f   ode:collision_kernel.obj
 0001:000158a0       _dGeomSetCollideBits       004168a0 f   ode:collision_kernel.obj
 0001:000158b0       _dGeomGetCategoryBits      004168b0 f   ode:collision_kernel.obj
 0001:000158c0       _dGeomGetCollideBits       004168c0 f   ode:collision_kernel.obj
 0001:000158d0       _dGeomEnable               004168d0 f   ode:collision_kernel.obj
 0001:000158e0       _dGeomDisable              004168e0 f   ode:collision_kernel.obj
 0001:000158f0       _dGeomIsEnabled            004168f0 f   ode:collision_kernel.obj
 0001:00015900       ??0dxUserGeom@@QAE@H@Z     00416900 f   ode:collision_kernel.obj
 0001:00015950       ??_GdxUserGeom@@UAEPAXI@Z  00416950 f i ode:collision_kernel.obj
 0001:00015950       ??_EdxUserGeom@@UAEPAXI@Z  00416950 f i ode:collision_kernel.obj
 0001:00015970       ??1dxUserGeom@@UAE@XZ      00416970 f   ode:collision_kernel.obj
 0001:000159c0       ?computeAABB@dxUserGeom@@UAEXXZ 004169c0 f   ode:collision_kernel.obj
 0001:000159e0       ?AABBTest@dxUserGeom@@UAEHPAUdxGeom@@QAN@Z 004169e0 f   ode:collision_kernel.obj
 0001:00015a20       _dCreateGeomClass          00416a20 f   ode:collision_kernel.obj
 0001:00015b20       _dGeomGetClassData         00416b20 f   ode:collision_kernel.obj
 0001:00015b30       _dCreateGeom               00416b30 f   ode:collision_kernel.obj
 0001:00015b50       _dCloseODE                 00416b50 f   ode:collision_kernel.obj
 0001:00015b60       ?dWorldCheck@@YAXPAUdxWorld@@@Z 00416b60 f   ode:ode.obj
 0001:00015e30       _dBodyCreate               00416e30 f   ode:ode.obj
 0001:00015f90       _dBodyDestroy              00416f90 f   ode:ode.obj
 0001:00016080       _dBodySetData              00417080 f   ode:ode.obj
 0001:00016090       _dBodyGetData              00417090 f   ode:ode.obj
 0001:000160a0       _dBodySetPosition          004170a0 f   ode:ode.obj
 0001:00016100       _dBodySetRotation          00417100 f   ode:ode.obj
 0001:000161b0       _dBodySetQuaternion        004171b0 f   ode:ode.obj
 0001:00016240       _dBodySetLinearVel         00417240 f   ode:ode.obj
 0001:00016280       _dBodySetAngularVel        00417280 f   ode:ode.obj
 0001:000162c0       _dBodyGetPosition          004172c0 f   ode:ode.obj
 0001:000162d0       _dBodyGetRotation          004172d0 f   ode:ode.obj
 0001:000162e0       _dBodyGetQuaternion        004172e0 f   ode:ode.obj
 0001:000162f0       _dBodyGetLinearVel         004172f0 f   ode:ode.obj
 0001:00016300       _dBodyGetAngularVel        00417300 f   ode:ode.obj
 0001:00016310       _dBodySetMass              00417310 f   ode:ode.obj
 0001:00016360       _dBodyGetMass              00417360 f   ode:ode.obj
 0001:00016380       _dBodyAddForce             00417380 f   ode:ode.obj
 0001:000163c0       _dBodyAddTorque            004173c0 f   ode:ode.obj
 0001:00016400       _dBodyAddRelForce          00417400 f   ode:ode.obj
 0001:000164b0       _dBodyAddRelTorque         004174b0 f   ode:ode.obj
 0001:00016560       _dBodyAddForceAtPos        00417560 f   ode:ode.obj
 0001:00016600       _dBodyAddForceAtRelPos     00417600 f   ode:ode.obj
 0001:000166f0       _dBodyAddRelForceAtPos     004176f0 f   ode:ode.obj
 0001:00016800       _dBodyAddRelForceAtRelPos  00417800 f   ode:ode.obj
 0001:00016950       _dBodyGetForce             00417950 f   ode:ode.obj
 0001:00016960       _dBodyGetTorque            00417960 f   ode:ode.obj
 0001:00016970       _dBodySetForce             00417970 f   ode:ode.obj
 0001:000169b0       _dBodySetTorque            004179b0 f   ode:ode.obj
 0001:000169f0       _dBodyGetRelPointPos       004179f0 f   ode:ode.obj
 0001:00016a90       _dBodyGetRelPointVel       00417a90 f   ode:ode.obj
 0001:00016b80       _dBodyGetPointVel          00417b80 f   ode:ode.obj
 0001:00016c20       _dBodyGetPosRelPoint       00417c20 f   ode:ode.obj
 0001:00016cb0       _dBodyVectorToWorld        00417cb0 f   ode:ode.obj
 0001:00016d30       _dBodyVectorFromWorld      00417d30 f   ode:ode.obj
 0001:00016db0       _dBodySetFiniteRotationMode 00417db0 f   ode:ode.obj
 0001:00016e10       _dBodySetFiniteRotationAxis 00417e10 f   ode:ode.obj
 0001:00016ea0       _dBodyGetFiniteRotationMode 00417ea0 f   ode:ode.obj
 0001:00016eb0       _dBodyGetFiniteRotationAxis 00417eb0 f   ode:ode.obj
 0001:00016ef0       _dBodyGetNumJoints         00417ef0 f   ode:ode.obj
 0001:00016f10       _dBodyGetJoint             00417f10 f   ode:ode.obj
 0001:00016f40       _dBodyEnable               00417f40 f   ode:ode.obj
 0001:00016f50       _dBodyDisable              00417f50 f   ode:ode.obj
 0001:00016f60       _dBodyIsEnabled            00417f60 f   ode:ode.obj
 0001:00016f70       _dBodySetGravityMode       00417f70 f   ode:ode.obj
 0001:00016f90       _dBodyGetGravityMode       00417f90 f   ode:ode.obj
 0001:00016fa0       _dJointCreateBall          00417fa0 f   ode:ode.obj
 0001:00017090       _dJointCreateHinge         00418090 f   ode:ode.obj
 0001:000170b0       _dJointCreateSlider        004180b0 f   ode:ode.obj
 0001:000170d0       _dJointCreateContact       004180d0 f   ode:ode.obj
 0001:00017100       _dJointCreateHinge2        00418100 f   ode:ode.obj
 0001:00017120       _dJointCreateUniversal     00418120 f   ode:ode.obj
 0001:00017140       _dJointCreateFixed         00418140 f   ode:ode.obj
 0001:00017160       _dJointCreateNull          00418160 f   ode:ode.obj
 0001:00017180       _dJointCreateAMotor        00418180 f   ode:ode.obj
 0001:000171a0       _dJointDestroy             004181a0 f   ode:ode.obj
 0001:000171f0       _dJointGroupCreate         004181f0 f   ode:ode.obj
 0001:00017220       _dJointGroupDestroy        00418220 f   ode:ode.obj
 0001:00017250       _dJointGroupEmpty          00418250 f   ode:ode.obj
 0001:00017310       _dJointAttach              00418310 f   ode:ode.obj
 0001:00017390       _dJointSetData             00418390 f   ode:ode.obj
 0001:000173a0       _dJointGetData             004183a0 f   ode:ode.obj
 0001:000173b0       _dJointGetType             004183b0 f   ode:ode.obj
 0001:000173c0       _dJointGetBody             004183c0 f   ode:ode.obj
 0001:000173e0       _dJointSetFeedback         004183e0 f   ode:ode.obj
 0001:000173f0       _dJointGetFeedback         004183f0 f   ode:ode.obj
 0001:00017400       _dAreConnected             00418400 f   ode:ode.obj
 0001:00017430       _dAreConnectedExcluding    00418430 f   ode:ode.obj
 0001:00017470       _dWorldCreate              00418470 f   ode:ode.obj
 0001:000174c0       _dWorldDestroy             004184c0 f   ode:ode.obj
 0001:00017540       _dWorldSetGravity          00418540 f   ode:ode.obj
 0001:00017570       _dWorldGetGravity          00418570 f   ode:ode.obj
 0001:000175a0       _dWorldSetERP              004185a0 f   ode:ode.obj
 0001:000175b0       _dWorldGetERP              004185b0 f   ode:ode.obj
 0001:000175c0       _dWorldSetCFM              004185c0 f   ode:ode.obj
 0001:000175d0       _dWorldGetCFM              004185d0 f   ode:ode.obj
 0001:000175e0       _dWorldStep                004185e0 f   ode:ode.obj
 0001:000177c0       _dWorldImpulseToForce      004187c0 f   ode:ode.obj
 0001:000177f0       _dTestDataStructures       004187f0 f   ode:ode.obj
 0001:00017a40       ??0dxSphere@@QAE@PAUdxSpace@@N@Z 00418a40 f   ode:collision_std.obj
 0001:00017a70       ??_EdxSphere@@UAEPAXI@Z    00418a70 f i ode:collision_std.obj
 0001:00017a70       ??_GdxSphere@@UAEPAXI@Z    00418a70 f i ode:collision_std.obj
 0001:00017a90       ?computeAABB@dxSphere@@UAEXXZ 00418a90 f   ode:collision_std.obj
 0001:00017ad0       _dCreateSphere             00418ad0 f   ode:collision_std.obj
 0001:00017b00       _dGeomSphereSetRadius      00418b00 f   ode:collision_std.obj
 0001:00017b20       _dGeomSphereGetRadius      00418b20 f   ode:collision_std.obj
 0001:00017b30       _dGeomSpherePointDepth     00418b30 f   ode:collision_std.obj
 0001:00017b70       ??0dxBox@@QAE@PAUdxSpace@@NNN@Z 00418b70 f   ode:collision_std.obj
 0001:00017bc0       ??_GdxBox@@UAEPAXI@Z       00418bc0 f i ode:collision_std.obj
 0001:00017bc0       ??_EdxBox@@UAEPAXI@Z       00418bc0 f i ode:collision_std.obj
 0001:00017bf0       ?computeAABB@dxBox@@UAEXXZ 00418bf0 f   ode:collision_std.obj
 0001:00017ca0       _dCreateBox                00418ca0 f   ode:collision_std.obj
 0001:00017ce0       _dGeomBoxSetLengths        00418ce0 f   ode:collision_std.obj
 0001:00017d10       _dGeomBoxGetLengths        00418d10 f   ode:collision_std.obj
 0001:00017d40       _dGeomBoxPointDepth        00418d40 f   ode:collision_std.obj
 0001:00017e20       ??0dxCCylinder@@QAE@PAUdxSpace@@NN@Z 00418e20 f   ode:collision_std.obj
 0001:00017e60       ??_EdxCCylinder@@UAEPAXI@Z 00418e60 f i ode:collision_std.obj
 0001:00017e60       ??_GdxCCylinder@@UAEPAXI@Z 00418e60 f i ode:collision_std.obj
 0001:00017e80       ?computeAABB@dxCCylinder@@UAEXXZ 00418e80 f   ode:collision_std.obj
 0001:00017f00       _dCreateCCylinder          00418f00 f   ode:collision_std.obj
 0001:00017f40       _dGeomCCylinderSetParams   00418f40 f   ode:collision_std.obj
 0001:00017f70       _dGeomCCylinderGetParams   00418f70 f   ode:collision_std.obj
 0001:00017fa0       _dGeomCCylinderPointDepth  00418fa0 f   ode:collision_std.obj
 0001:00018060       ??0dxPlane@@QAE@PAUdxSpace@@NNNN@Z 00419060 f   ode:collision_std.obj
 0001:00018160       ??_EdxPlane@@UAEPAXI@Z     00419160 f i ode:collision_std.obj
 0001:00018160       ??_GdxPlane@@UAEPAXI@Z     00419160 f i ode:collision_std.obj
 0001:00018190       ?computeAABB@dxPlane@@UAEXXZ 00419190 f   ode:collision_std.obj
 0001:000181f0       _dCreatePlane              004191f0 f   ode:collision_std.obj
 0001:00018240       _dGeomPlaneSetParams       00419240 f   ode:collision_std.obj
 0001:00018290       _dGeomPlaneGetParams       00419290 f   ode:collision_std.obj
 0001:000182d0       _dGeomPlanePointDepth      004192d0 f   ode:collision_std.obj
 0001:00018300       ??0dxRay@@QAE@PAUdxSpace@@N@Z 00419300 f   ode:collision_std.obj
 0001:00018330       ??_EdxRay@@UAEPAXI@Z       00419330 f i ode:collision_std.obj
 0001:00018330       ??_GdxRay@@UAEPAXI@Z       00419330 f i ode:collision_std.obj
 0001:00018350       ?computeAABB@dxRay@@UAEXXZ 00419350 f   ode:collision_std.obj
 0001:00018410       _dCreateRay                00419410 f   ode:collision_std.obj
 0001:00018440       _dGeomRaySetLength         00419440 f   ode:collision_std.obj
 0001:00018460       _dGeomRayGetLength         00419460 f   ode:collision_std.obj
 0001:00018470       _dGeomRaySet               00419470 f   ode:collision_std.obj
 0001:000184d0       _dGeomRayGet               004194d0 f   ode:collision_std.obj
 0001:00018540       _dGeomRaySetParams         00419540 f   ode:collision_std.obj
 0001:00018590       _dGeomRayGetParams         00419590 f   ode:collision_std.obj
 0001:000185c0       _dCreateGeomGroup          004195c0 f   ode:collision_std.obj
 0001:000185e0       _dGeomGroupAdd             004195e0 f   ode:collision_std.obj
 0001:00018600       _dGeomGroupRemove          00419600 f   ode:collision_std.obj
 0001:00018620       _dGeomGroupGetNumGeoms     00419620 f   ode:collision_std.obj
 0001:00018630       _dGeomGroupGetGeom         00419630 f   ode:collision_std.obj
 0001:00018650       _dGeomGroupQuery           00419650 f   ode:collision_std.obj
 0001:00018670       ?cullPoints@@YAXHQANHHQAH@Z 00419670 f   ode:collision_std.obj
 0001:00018880       ?dBoxBox@@YAHQBN00000QANPANPAHHPAUdContactGeom@@H@Z 00419880 f   ode:collision_std.obj
 0001:0001a5e0       ?dCollideSphereSphere@@YAHPAUdxGeom@@0HPAUdContactGeom@@H@Z 0041b5e0 f   ode:collision_std.obj
 0001:0001a620       ?dCollideSphereBox@@YAHPAUdxGeom@@0HPAUdContactGeom@@H@Z 0041b620 f   ode:collision_std.obj
 0001:0001a9e0       ?dCollideSpherePlane@@YAHPAUdxGeom@@0HPAUdContactGeom@@H@Z 0041b9e0 f   ode:collision_std.obj
 0001:0001aa80       ?dCollideBoxBox@@YAHPAUdxGeom@@0HPAUdContactGeom@@H@Z 0041ba80 f   ode:collision_std.obj
 0001:0001ab20       ?dCollideBoxPlane@@YAHPAUdxGeom@@0HPAUdContactGeom@@H@Z 0041bb20 f   ode:collision_std.obj
 0001:0001b200       ?dCollideCCylinderSphere@@YAHPAUdxGeom@@0HPAUdContactGeom@@H@Z 0041c200 f   ode:collision_std.obj
 0001:0001b2d0       ?dCollideCCylinderBox@@YAHPAUdxGeom@@0HPAUdContactGeom@@H@Z 0041c2d0 f   ode:collision_std.obj
 0001:0001b3a0       ?dCollideCCylinderCCylinder@@YAHPAUdxGeom@@0HPAUdContactGeom@@H@Z 0041c3a0 f   ode:collision_std.obj
 0001:0001b890       ?dCollideCCylinderPlane@@YAHPAUdxGeom@@0HPAUdContactGeom@@H@Z 0041c890 f   ode:collision_std.obj
 0001:0001bac0       ?dCollideRaySphere@@YAHPAUdxGeom@@0HPAUdContactGeom@@H@Z 0041cac0 f   ode:collision_std.obj
 0001:0001bcc0       ?dCollideRayBox@@YAHPAUdxGeom@@0HPAUdContactGeom@@H@Z 0041ccc0 f   ode:collision_std.obj
 0001:0001c030       ?dCollideRayCCylinder@@YAHPAUdxGeom@@0HPAUdContactGeom@@H@Z 0041d030 f   ode:collision_std.obj
 0001:0001c440       ?dCollideRayPlane@@YAHPAUdxGeom@@0HPAUdContactGeom@@H@Z 0041d440 f   ode:collision_std.obj
 0001:0001c550       _dGeomMoved                0041d550 f   ode:collision_space.obj
 0001:0001c5a0       ??0dxSpace@@QAE@PAU0@@Z    0041d5a0 f   ode:collision_space.obj
 0001:0001c5e0       ??_GdxSpace@@UAEPAXI@Z     0041d5e0 f i ode:collision_space.obj
 0001:0001c5e0       ??_EdxSpace@@UAEPAXI@Z     0041d5e0 f i ode:collision_space.obj
 0001:0001c610       ??1dxSpace@@UAE@XZ         0041d610 f   ode:collision_space.obj
 0001:0001c670       ?computeAABB@dxSpace@@UAEXXZ 0041d670 f   ode:collision_space.obj
 0001:0001c770       ?setCleanup@dxSpace@@QAEXH@Z 0041d770 f   ode:collision_space.obj
 0001:0001c790       ?getCleanup@dxSpace@@QAEHXZ 0041d790 f   ode:collision_space.obj
 0001:0001c7a0       ?query@dxSpace@@QAEHPAUdxGeom@@@Z 0041d7a0 f   ode:collision_space.obj
 0001:0001c7c0       ?getNumGeoms@dxSpace@@QAEHXZ 0041d7c0 f   ode:collision_space.obj
 0001:0001c7d0       ?getGeom@dxSpace@@UAEPAUdxGeom@@H@Z 0041d7d0 f   ode:collision_space.obj
 0001:0001c820       ?add@dxSpace@@UAEXPAUdxGeom@@@Z 0041d820 f   ode:collision_space.obj
 0001:0001c870       ?remove@dxSpace@@UAEXPAUdxGeom@@@Z 0041d870 f   ode:collision_space.obj
 0001:0001c8b0       ?dirty@dxSpace@@UAEXPAUdxGeom@@@Z 0041d8b0 f   ode:collision_space.obj
 0001:0001c8f0       ??0dxSimpleSpace@@QAE@PAUdxSpace@@@Z 0041d8f0 f   ode:collision_space.obj
 0001:0001c910       ??_EdxSimpleSpace@@UAEPAXI@Z 0041d910 f i ode:collision_space.obj
 0001:0001c910       ??_GdxSimpleSpace@@UAEPAXI@Z 0041d910 f i ode:collision_space.obj
 0001:0001c940       ?cleanGeoms@dxSimpleSpace@@UAEXXZ 0041d940 f   ode:collision_space.obj
 0001:0001c9a0       ?collide@dxSimpleSpace@@UAEXPAXP6AX0PAUdxGeom@@1@Z@Z 0041d9a0 f   ode:collision_space.obj
 0001:0001cad0       ?collide2@dxSimpleSpace@@UAEXPAXPAUdxGeom@@P6AX011@Z@Z 0041dad0 f   ode:collision_space.obj
 0001:0001cb50       ??0dxHashSpace@@QAE@PAUdxSpace@@@Z 0041db50 f   ode:collision_space.obj
 0001:0001cb90       ??_EdxHashSpace@@UAEPAXI@Z 0041db90 f i ode:collision_space.obj
 0001:0001cb90       ??_GdxHashSpace@@UAEPAXI@Z 0041db90 f i ode:collision_space.obj
 0001:0001cbc0       ?setLevels@dxHashSpace@@QAEXHH@Z 0041dbc0 f   ode:collision_space.obj
 0001:0001cbe0       ?cleanGeoms@dxHashSpace@@UAEXXZ 0041dbe0 f   ode:collision_space.obj
 0001:0001cc40       ?collide@dxHashSpace@@UAEXPAXP6AX0PAUdxGeom@@1@Z@Z 0041dc40 f   ode:collision_space.obj
 0001:0001d170       ?collide2@dxHashSpace@@UAEXPAXPAUdxGeom@@P6AX011@Z@Z 0041e170 f   ode:collision_space.obj
 0001:0001d190       _dSimpleSpaceCreate        0041e190 f   ode:collision_space.obj
 0001:0001d1c0       _dHashSpaceCreate          0041e1c0 f   ode:collision_space.obj
 0001:0001d1f0       _dHashSpaceSetLevels       0041e1f0 f   ode:collision_space.obj
 0001:0001d210       _dSpaceDestroy             0041e210 f   ode:collision_space.obj
 0001:0001d220       _dSpaceSetCleanup          0041e220 f   ode:collision_space.obj
 0001:0001d230       _dSpaceGetCleanup          0041e230 f   ode:collision_space.obj
 0001:0001d240       _dSpaceAdd                 0041e240 f   ode:collision_space.obj
 0001:0001d250       _dSpaceRemove              0041e250 f   ode:collision_space.obj
 0001:0001d260       _dSpaceQuery               0041e260 f   ode:collision_space.obj
 0001:0001d270       _dSpaceGetNumGeoms         0041e270 f   ode:collision_space.obj
 0001:0001d280       _dSpaceGetGeom             0041e280 f   ode:collision_space.obj
 0001:0001d290       _dSpaceCollide             0041e290 f   ode:collision_space.obj
 0001:0001d2b0       _dSpaceCollide2            0041e2b0 f   ode:collision_space.obj
 0001:0001d3b0       ?init@dxJointLimitMotor@@QAEXPAUdxWorld@@@Z 0041e3b0 f   ode:joint.obj
 0001:0001d420       ?set@dxJointLimitMotor@@QAEXHN@Z 0041e420 f   ode:joint.obj
 0001:0001d550       ?get@dxJointLimitMotor@@QAENH@Z 0041e550 f   ode:joint.obj
 0001:0001d5d0       ?testRotationalLimit@dxJointLimitMotor@@QAEHN@Z 0041e5d0 f   ode:joint.obj
 0001:0001d630       ?addLimot@dxJointLimitMotor@@QAEHPAUdxJoint@@PAUInfo2@2@HQANH@Z 0041e630 f   ode:joint.obj
 0001:0001de80       _dJointSetBallAnchor       0041ee80 f   ode:joint.obj
 0001:0001e010       _dJointGetBallAnchor       0041f010 f   ode:joint.obj
 0001:0001e1d0       _dJointGetBallAnchor2      0041f1d0 f   ode:joint.obj
 0001:0001e960       _dJointSetHingeAnchor      0041f960 f   ode:joint.obj
 0001:0001ea10       _dJointSetHingeAxis        0041fa10 f   ode:joint.obj
 0001:0001ebd0       _dJointGetHingeAnchor      0041fbd0 f   ode:joint.obj
 0001:0001ec00       _dJointGetHingeAnchor2     0041fc00 f   ode:joint.obj
 0001:0001ec30       _dJointGetHingeAxis        0041fc30 f   ode:joint.obj
 0001:0001ecd0       _dJointSetHingeParam       0041fcd0 f   ode:joint.obj
 0001:0001ecf0       _dJointGetHingeParam       0041fcf0 f   ode:joint.obj
 0001:0001ed10       _dJointGetHingeAngle       0041fd10 f   ode:joint.obj
 0001:0001ed40       _dJointGetHingeAngleRate   0041fd40 f   ode:joint.obj
 0001:0001ee80       _dJointGetSliderPosition   0041fe80 f   ode:joint.obj
 0001:0001efe0       _dJointGetSliderPositionRate 0041ffe0 f   ode:joint.obj
 0001:0001f870       _dJointSetSliderAxis       00420870 f   ode:joint.obj
 0001:0001f9e0       _dJointGetSliderAxis       004209e0 f   ode:joint.obj
 0001:0001fa00       _dJointSetSliderParam      00420a00 f   ode:joint.obj
 0001:0001fa20       _dJointGetSliderParam      00420a20 f   ode:joint.obj
 0001:00020db0       _dJointSetHinge2Anchor     00421db0 f   ode:joint.obj
 0001:000210d0       _dJointSetHinge2Axis1      004220d0 f   ode:joint.obj
 0001:000212f0       _dJointSetHinge2Axis2      004222f0 f   ode:joint.obj
 0001:00021510       _dJointSetHinge2Param      00422510 f   ode:joint.obj
 0001:00021590       _dJointGetHinge2Anchor     00422590 f   ode:joint.obj
 0001:000215c0       _dJointGetHinge2Anchor2    004225c0 f   ode:joint.obj
 0001:000215f0       _dJointGetHinge2Axis1      004225f0 f   ode:joint.obj
 0001:00021680       _dJointGetHinge2Axis2      00422680 f   ode:joint.obj
 0001:00021720       _dJointGetHinge2Param      00422720 f   ode:joint.obj
 0001:00021780       _dJointGetHinge2Angle1     00422780 f   ode:joint.obj
 0001:000217a0       _dJointGetHinge2Angle1Rate 004227a0 f   ode:joint.obj
 0001:00021890       _dJointGetHinge2Angle2Rate 00422890 f   ode:joint.obj
 0001:000222c0       _dJointSetUniversalAnchor  004232c0 f   ode:joint.obj
 0001:00022440       _dJointSetUniversalAxis1   00423440 f   ode:joint.obj
 0001:000224c0       _dJointSetUniversalAxis2   004234c0 f   ode:joint.obj
 0001:00022540       _dJointGetUniversalAnchor  00423540 f   ode:joint.obj
 0001:00022570       _dJointGetUniversalAnchor2 00423570 f   ode:joint.obj
 0001:000225a0       _dJointGetUniversalAxis1   004235a0 f   ode:joint.obj
 0001:00022690       _dJointGetUniversalAxis2   00423690 f   ode:joint.obj
 0001:000226d0       _dJointSetUniversalParam   004236d0 f   ode:joint.obj
 0001:00022720       _dJointGetUniversalParam   00423720 f   ode:joint.obj
 0001:00022760       _dJointGetUniversalAngle1  00423760 f   ode:joint.obj
 0001:00022780       _dJointGetUniversalAngle2  00423780 f   ode:joint.obj
 0001:000227a0       _dJointGetUniversalAngle1Rate 004237a0 f   ode:joint.obj
 0001:00022840       _dJointGetUniversalAngle2Rate 00423840 f   ode:joint.obj
 0001:00022f90       _dJointSetAMotorNumAxes    00423f90 f   ode:joint.obj
 0001:00022fc0       _dJointSetAMotorAxis       00423fc0 f   ode:joint.obj
 0001:00023250       _dJointSetAMotorAngle      00424250 f   ode:joint.obj
 0001:00023290       _dJointSetAMotorParam      00424290 f   ode:joint.obj
 0001:000232d0       _dJointSetAMotorMode       004242d0 f   ode:joint.obj
 0001:000232f0       _dJointGetAMotorNumAxes    004242f0 f   ode:joint.obj
 0001:00023300       _dJointGetAMotorAxis       00424300 f   ode:joint.obj
 0001:00023420       _dJointGetAMotorAxisRel    00424420 f   ode:joint.obj
 0001:00023450       _dJointGetAMotorAngle      00424450 f   ode:joint.obj
 0001:00023480       _dJointGetAMotorAngleRate  00424480 f   ode:joint.obj
 0001:000234a0       _dJointGetAMotorParam      004244a0 f   ode:joint.obj
 0001:000234e0       _dJointGetAMotorMode       004244e0 f   ode:joint.obj
 0001:00023850       _dJointSetFixed            00424850 f   ode:joint.obj
 0001:00023980       _dMassSetZero              00424980 f   ode:mass.obj
 0001:000239b0       _dMassSetParameters        004249b0 f   ode:mass.obj
 0001:00023c70       _dMassSetSphere            00424c70 f   ode:mass.obj
 0001:00023cb0       _dMassSetSphereTotal       00424cb0 f   ode:mass.obj
 0001:00023cf0       _dMassSetCappedCylinder    00424cf0 f   ode:mass.obj
 0001:00023d90       _dMassSetCappedCylinderTotal 00424d90 f   ode:mass.obj
 0001:00023dd0       _dMassSetCylinder          00424dd0 f   ode:mass.obj
 0001:00023e20       _dMassSetCylinderTotal     00424e20 f   ode:mass.obj
 0001:00023e80       _dMassSetBox               00424e80 f   ode:mass.obj
 0001:00023ed0       _dMassSetBoxTotal          00424ed0 f   ode:mass.obj
 0001:00023f40       _dMassAdjust               00424f40 f   ode:mass.obj
 0001:00023f80       _dMassTranslate            00424f80 f   ode:mass.obj
 0001:00024360       _dMassRotate               00425360 f   ode:mass.obj
 0001:000245a0       _dMassAdd                  004255a0 f   ode:mass.obj
 0001:00024600       _dRSetIdentity             00425600 f   ode:rotation.obj
 0001:00024660       _dRFromAxisAndAngle        00425660 f   ode:rotation.obj
 0001:000246b0       _dRFromEulerAngles         004256b0 f   ode:rotation.obj
 0001:00024760       _dRFrom2Axes               00425760 f   ode:rotation.obj
 0001:000248b0       _dRFromZAxis               004258b0 f   ode:rotation.obj
 0001:00024990       _dQSetIdentity             00425990 f   ode:rotation.obj
 0001:000249c0       _dQFromAxisAndAngle        004259c0 f   ode:rotation.obj
 0001:00024a50       _dQMultiply0               00425a50 f   ode:rotation.obj
 0001:00024ae0       _dQMultiply1               00425ae0 f   ode:rotation.obj
 0001:00024b70       _dQMultiply2               00425b70 f   ode:rotation.obj
 0001:00024c00       _dQMultiply3               00425c00 f   ode:rotation.obj
 0001:00024c90       _dQtoR                     00425c90 f   ode:rotation.obj
 0001:00024d60       _dRtoQ                     00425d60 f   ode:rotation.obj
 0001:00024ee0       _dWtoDQ                    00425ee0 f   ode:rotation.obj
 0001:00024f70       ??0dxGeomTransform@@QAE@PAUdxSpace@@@Z 00425f70 f   ode:collision_transform.obj
 0001:00024fc0       ??_EdxGeomTransform@@UAEPAXI@Z 00425fc0 f i ode:collision_transform.obj
 0001:00024fc0       ??_GdxGeomTransform@@UAEPAXI@Z 00425fc0 f i ode:collision_transform.obj
 0001:00024ff0       ??1dxGeomTransform@@UAE@XZ 00425ff0 f   ode:collision_transform.obj
 0001:00025020       ?computeAABB@dxGeomTransform@@UAEXXZ 00426020 f   ode:collision_transform.obj
 0001:00025090       ?computeFinalTx@dxGeomTransform@@QAEXXZ 00426090 f   ode:collision_transform.obj
 0001:00025210       ?dCollideTransform@@YAHPAUdxGeom@@0HPAUdContactGeom@@H@Z 00426210 f   ode:collision_transform.obj
 0001:000252c0       _dCreateGeomTransform      004262c0 f   ode:collision_transform.obj
 0001:000252f0       _dGeomTransformSetGeom     004262f0 f   ode:collision_transform.obj
 0001:00025330       _dGeomTransformGetGeom     00426330 f   ode:collision_transform.obj
 0001:00025340       _dGeomTransformSetCleanup  00426340 f   ode:collision_transform.obj
 0001:00025350       _dGeomTransformGetCleanup  00426350 f   ode:collision_transform.obj
 0001:00025360       _dGeomTransformSetInfo     00426360 f   ode:collision_transform.obj
 0001:00025370       _dGeomTransformGetInfo     00426370 f   ode:collision_transform.obj
 0001:00025380       _dSetZero                  00426380 f   ode:matrix.obj
 0001:000253a0       _dSetValue                 004263a0 f   ode:matrix.obj
 0001:000253d0       _dMultiply0                004263d0 f   ode:matrix.obj
 0001:000254a0       _dMultiply1                004264a0 f   ode:matrix.obj
 0001:00025580       _dMultiply2                00426580 f   ode:matrix.obj
 0001:00025630       _dFactorCholesky           00426630 f   ode:matrix.obj
 0001:00025760       _dSolveCholesky            00426760 f   ode:matrix.obj
 0001:000258c0       _dInvertPDMatrix           004268c0 f   ode:matrix.obj
 0001:000259f0       _dIsPositiveDefinite       004269f0 f   ode:matrix.obj
 0001:00025a50       _dVectorScale              00426a50 f   ode:matrix.obj
 0001:00025a80       _dSolveLDLT                00426a80 f   ode:matrix.obj
 0001:00025ac0       _dLDLTAddTL                00426ac0 f   ode:matrix.obj
 0001:00025d60       _dLDLTRemove               00426d60 f   ode:matrix.obj
 0001:00025f90       _dRemoveRowCol             00426f90 f   ode:matrix.obj
 0001:000260c0       _dSetAllocHandler          004270c0 f   ode:memory.obj
 0001:000260d0       _dSetReallocHandler        004270d0 f   ode:memory.obj
 0001:000260e0       _dSetFreeHandler           004270e0 f   ode:memory.obj
 0001:000260f0       _dGetAllocHandler          004270f0 f   ode:memory.obj
 0001:00026100       _dGetReallocHandler        00427100 f   ode:memory.obj
 0001:00026110       _dGetFreeHandler           00427110 f   ode:memory.obj
 0001:00026120       _dAlloc                    00427120 f   ode:memory.obj
 0001:00026150       _dRealloc                  00427150 f   ode:memory.obj
 0001:00026190       _dFree                     00427190 f   ode:memory.obj
 0001:000261c0       _dAllocDontReport          004271c0 f   ode:memory.obj
 0001:000261d0       _dSetErrorHandler          004271d0 f   ode:error.obj
 0001:000261e0       _dSetDebugHandler          004271e0 f   ode:error.obj
 0001:000261f0       _dSetMessageHandler        004271f0 f   ode:error.obj
 0001:00026200       _dGetErrorHandler          00427200 f   ode:error.obj
 0001:00026210       _dGetDebugHandler          00427210 f   ode:error.obj
 0001:00026220       _dGetMessageHandler        00427220 f   ode:error.obj
 0001:00026230       _dError                    00427230 f   ode:error.obj
 0001:000262c0       _dDebug                    004272c0 f   ode:error.obj
 0001:00026350       _dMessage                  00427350 f   ode:error.obj
 0001:00026420       _dNormalize3               00427420 f   ode:odemath.obj
 0001:00026610       _dNormalize4               00427610 f   ode:odemath.obj
 0001:00026690       _dPlaneSpace               00427690 f   ode:odemath.obj
 0001:00026760       ??0dObStack@@QAE@XZ        00427760 f   ode:obstack.obj
 0001:00026770       ??1dObStack@@QAE@XZ        00427770 f   ode:obstack.obj
 0001:00026790       ?alloc@dObStack@@QAEPAXH@Z 00427790 f   ode:obstack.obj
 0001:00026860       ?freeAll@dObStack@@QAEXXZ  00427860 f   ode:obstack.obj
 0001:00026890       ?rewind@dObStack@@QAEPAXXZ 00427890 f   ode:obstack.obj
 0001:000268c0       ?next@dObStack@@QAEPAXH@Z  004278c0 f   ode:obstack.obj
 0001:00026920       ?dInternalStepIsland_x1@@YAXPAUdxWorld@@PBQAUdxBody@@HPBQAUdxJoint@@HN@Z 00427920 f   ode:step.obj
 0001:00027c70       ?dInternalStepIsland_x2@@YAXPAUdxWorld@@PBQAUdxBody@@HPBQAUdxJoint@@HN@Z 00428c70 f   ode:step.obj
 0001:000298b0       ?dInternalStepIsland@@YAXPAUdxWorld@@PBQAUdxBody@@HPBQAUdxJoint@@HN@Z 0042a8b0 f   ode:step.obj
 0001:000298e0       _dRand                     0042a8e0 f   ode:misc.obj
 0001:00029900       _dRandGetSeed              0042a900 f   ode:misc.obj
 0001:00029910       _dRandSetSeed              0042a910 f   ode:misc.obj
 0001:00029920       _dTestRand                 0042a920 f   ode:misc.obj
 0001:00029990       _dRandInt                  0042a990 f   ode:misc.obj
 0001:000299c0       _dRandReal                 0042a9c0 f   ode:misc.obj
 0001:000299f0       _dPrintMatrix              0042a9f0 f   ode:misc.obj
 0001:00029a80       _dMakeRandomVector         0042aa80 f   ode:misc.obj
 0001:00029ab0       _dMakeRandomMatrix         0042aab0 f   ode:misc.obj
 0001:00029b30       _dClearUpperTriangle       0042ab30 f   ode:misc.obj
 0001:00029b90       _dMaxDifference            0042ab90 f   ode:misc.obj
 0001:00029c20       _dMaxDifferenceLowerTriangle 0042ac20 f   ode:misc.obj
 0001:00029ca0       ?dCollideSpheres@@YAHQANN0NPAUdContactGeom@@@Z 0042aca0 f   ode:collision_util.obj
 0001:00029dd0       ?dLineClosestApproach@@YAXQBN000PAN1@Z 0042add0 f   ode:collision_util.obj
 0001:00029eb0       _dClosestLineSegmentPoints 0042aeb0 f   ode:collision_util.obj
 0001:0002a6d0       ?dClosestLineBoxPoints@@YAXQBN0000QAN1@Z 0042b6d0 f   ode:collision_util.obj
 0001:0002aba0       _dBoxTouchesBox            0042bba0 f   ode:collision_util.obj
 0001:0002b260       _dInfiniteAABB             0042c260 f   ode:collision_util.obj
 0001:0002b2c0       _dSolveL1T                 0042c2c0 f   ode:fastltsolve.obj
 0001:0002b5ee       _dSolveL1                  0042c5ee f   ode:fastlsolve.obj
 0001:0002bad8       _dDot                      0042cad8 f   ode:fastdot.obj
 0001:0002bb40       ??0dLCP@@QAE@HHPAN0000000000PAH111PAPAN@Z 0042cb40 f   ode:lcp.obj
 0001:0002c030       ?transfer_i_to_C@dLCP@@QAEXH@Z 0042d030 f   ode:lcp.obj
 0001:0002c100       ?transfer_i_from_N_to_C@dLCP@@QAEXH@Z 0042d100 f   ode:lcp.obj
 0001:0002c290       ?transfer_i_from_C_to_N@dLCP@@QAEXH@Z 0042d290 f   ode:lcp.obj
 0001:0002c380       ?pN_equals_ANC_times_qC@dLCP@@QAEXPAN0@Z 0042d380 f   ode:lcp.obj
 0001:0002c3d0       ?pN_plusequals_ANi@dLCP@@QAEXPANHH@Z 0042d3d0 f   ode:lcp.obj
 0001:0002c440       ?solve1@dLCP@@QAEXPANHHH@Z 0042d440 f   ode:lcp.obj
 0001:0002c5b0       ?unpermute@dLCP@@QAEXXZ    0042d5b0 f   ode:lcp.obj
 0001:0002c670       ?dSolveLCPBasic@@YAXHPAN000H00@Z 0042d670 f   ode:lcp.obj
 0001:0002caf0       ?dSolveLCP@@YAXHPAN000H00PAH@Z 0042daf0 f   ode:lcp.obj
 0001:0002d3a0       _dTestSolveLCP             0042e3a0 f   ode:lcp.obj
 0001:0002d860       _dFactorLDLT               0042e860 f   ode:fastldlt.obj
 0001:0002dee0       _dTimerResolution          0042eee0 f   ode:timer.obj
 0001:0002def0       _dTimerTicksPerSecond      0042eef0 f   ode:timer.obj
 0001:0002df30       _dStopwatchReset           0042ef30 f   ode:timer.obj
 0001:0002df50       _dStopwatchStart           0042ef50 f   ode:timer.obj
 0001:0002df80       _dStopwatchStop            0042ef80 f   ode:timer.obj
 0001:0002dfd0       _dStopwatchTime            0042efd0 f   ode:timer.obj
 0001:0002dfe0       _dTimerStart               0042efe0 f   ode:timer.obj
 0001:0002e060       _dTimerNow                 0042f060 f   ode:timer.obj
 0001:0002e0b0       _dTimerEnd                 0042f0b0 f   ode:timer.obj
 0001:0002e100       _dTimerReport              0042f100 f   ode:timer.obj
 0001:0002e440       ??0Image@@QAE@PAD@Z        0042f440 f   drawstuff:drawstuff.obj
 0001:0002e640       ??1Image@@QAE@XZ           0042f640 f   drawstuff:drawstuff.obj
 0001:0002e650       ??0Texture@@QAE@PAD@Z      0042f650 f   drawstuff:drawstuff.obj
 0001:0002e750       ??1Texture@@QAE@XZ         0042f750 f   drawstuff:drawstuff.obj
 0001:0002e780       ?bind@Texture@@QAEXH@Z     0042f780 f   drawstuff:drawstuff.obj
 0001:0002e7c0       ?dsMotion@@YAXHHH@Z        0042f7c0 f   drawstuff:drawstuff.obj
 0001:0002e900       ?dsStartGraphics@@YAXHHPAUdsFunctions@@@Z 0042f900 f   drawstuff:drawstuff.obj
 0001:0002eab0       ?dsStopGraphics@@YAXXZ     0042fab0 f   drawstuff:drawstuff.obj
 0001:0002eb20       ?dsDrawFrame@@YAXHHPAUdsFunctions@@H@Z 0042fb20 f   drawstuff:drawstuff.obj
 0001:0002f2c0       ?dsGetShadows@@YAHXZ       004302c0 f   drawstuff:drawstuff.obj
 0001:0002f2d0       ?dsSetShadows@@YAXH@Z      004302d0 f   drawstuff:drawstuff.obj
 0001:0002f2f0       ?dsGetTextures@@YAHXZ      004302f0 f   drawstuff:drawstuff.obj
 0001:0002f300       ?dsSetTextures@@YAXH@Z     00430300 f   drawstuff:drawstuff.obj
 0001:0002f320       _dsSimulationLoop          00430320 f   drawstuff:drawstuff.obj
 0001:0002f4e0       _dsSetViewpoint            004304e0 f   drawstuff:drawstuff.obj
 0001:0002f540       _dsGetViewpoint            00430540 f   drawstuff:drawstuff.obj
 0001:0002f5a0       _dsSetTexture              004305a0 f   drawstuff:drawstuff.obj
 0001:0002f5d0       _dsSetColor                004305d0 f   drawstuff:drawstuff.obj
 0001:0002f610       _dsSetColorAlpha           00430610 f   drawstuff:drawstuff.obj
 0001:0002f650       _dsDrawBox                 00430650 f   drawstuff:drawstuff.obj
 0001:0002fbd0       _dsDrawSphere              00430bd0 f   drawstuff:drawstuff.obj
 0001:000300e0       _dsDrawTriangle            004310e0 f   drawstuff:drawstuff.obj
 0001:00030260       _dsDrawCylinder            00431260 f   drawstuff:drawstuff.obj
 0001:000306b0       _dsDrawCappedCylinder      004316b0 f   drawstuff:drawstuff.obj
 0001:00030c50       _dsDrawLine                00431c50 f   drawstuff:drawstuff.obj
 0001:00030cd0       _dsDrawBoxD                00431cd0 f   drawstuff:drawstuff.obj
 0001:00030d40       _dsDrawSphereD             00431d40 f   drawstuff:drawstuff.obj
 0001:00030da0       _dsDrawTriangleD           00431da0 f   drawstuff:drawstuff.obj
 0001:00030e10       _dsDrawCylinderD           00431e10 f   drawstuff:drawstuff.obj
 0001:00030e70       _dsDrawCappedCylinderD     00431e70 f   drawstuff:drawstuff.obj
 0001:00030ed0       _dsDrawLineD               00431ed0 f   drawstuff:drawstuff.obj
 0001:00030f30       _dsSetSphereQuality        00431f30 f   drawstuff:drawstuff.obj
 0001:00030f40       _dsSetCappedCylinderQuality 00431f40 f   drawstuff:drawstuff.obj
 0001:00030f50       _dsError                   00431f50 f   drawstuff:windows.obj
 0001:00030fb0       _dsDebug                   00431fb0 f   drawstuff:windows.obj
 0001:00030fd0       _dsPrint                   00431fd0 f   drawstuff:windows.obj
 0001:00030ff0       ?dsPlatformSimLoop@@YAXHHPAUdsFunctions@@H@Z 00431ff0 f   drawstuff:windows.obj
 0001:000319f0       _dsStop                    004329f0 f   drawstuff:windows.obj
 0001:00031a10       _WinMain@16                00432a10 f   drawstuff:windows.obj
 0001:00031a30       _glTexEnvf@12              00432a30 f   OpenGL32:OPENGL32.dll
 0001:00031a36       _glTexParameterf@12        00432a36 f   OpenGL32:OPENGL32.dll
 0001:00031a3c       _glPixelStorei@8           00432a3c f   OpenGL32:OPENGL32.dll
 0001:00031a42       _glBindTexture@8           00432a42 f   OpenGL32:OPENGL32.dll
 0001:00031a48       _glGenTextures@8           00432a48 f   OpenGL32:OPENGL32.dll
 0001:00031a4e       _glDeleteTextures@8        00432a4e f   OpenGL32:OPENGL32.dll
 0001:00031a54       _glTexEnvi@12              00432a54 f   OpenGL32:OPENGL32.dll
 0001:00031a5a       _glClear@4                 00432a5a f   OpenGL32:OPENGL32.dll
 0001:00031a60       _glClearColor@16           00432a60 f   OpenGL32:OPENGL32.dll
 0001:00031a66       _glColor3f@12              00432a66 f   OpenGL32:OPENGL32.dll
 0001:00031a6c       _glLightfv@12              00432a6c f   OpenGL32:OPENGL32.dll
 0001:00031a72       _glFrustum@48              00432a72 f   OpenGL32:OPENGL32.dll
 0001:00031a78       _glLoadIdentity@0          00432a78 f   OpenGL32:OPENGL32.dll
 0001:00031a7e       _glMatrixMode@4            00432a7e f   OpenGL32:OPENGL32.dll
 0001:00031a84       _glViewport@16             00432a84 f   OpenGL32:OPENGL32.dll
 0001:00031a8a       _glFrontFace@4             00432a8a f   OpenGL32:OPENGL32.dll
 0001:00031a90       _glCullFace@4              00432a90 f   OpenGL32:OPENGL32.dll
 0001:00031a96       _glDepthFunc@4             00432a96 f   OpenGL32:OPENGL32.dll
 0001:00031a9c       _glShadeModel@4            00432a9c f   OpenGL32:OPENGL32.dll
 0001:00031aa2       _glDisable@4               00432aa2 f   OpenGL32:OPENGL32.dll
 0001:00031aa8       _glEnable@4                00432aa8 f   OpenGL32:OPENGL32.dll
 0001:00031aae       _glTranslatef@12           00432aae f   OpenGL32:OPENGL32.dll
 0001:00031ab4       _glRotatef@16              00432ab4 f   OpenGL32:OPENGL32.dll
 0001:00031aba       _glMaterialf@12            00432aba f   OpenGL32:OPENGL32.dll
 0001:00031ac0       _glMaterialfv@12           00432ac0 f   OpenGL32:OPENGL32.dll
 0001:00031ac6       _glEnd@0                   00432ac6 f   OpenGL32:OPENGL32.dll
 0001:00031acc       _glVertex3f@12             00432acc f   OpenGL32:OPENGL32.dll
 0001:00031ad2       _glTexCoord2f@8            00432ad2 f   OpenGL32:OPENGL32.dll
 0001:00031ad8       _glNormal3f@12             00432ad8 f   OpenGL32:OPENGL32.dll
 0001:00031ade       _glBegin@4                 00432ade f   OpenGL32:OPENGL32.dll
 0001:00031ae4       _glPopMatrix@0             00432ae4 f   OpenGL32:OPENGL32.dll
 0001:00031aea       _glPushMatrix@0            00432aea f   OpenGL32:OPENGL32.dll
 0001:00031af0       _glDepthRange@16           00432af0 f   OpenGL32:OPENGL32.dll
 0001:00031af6       _glMultMatrixf@4           00432af6 f   OpenGL32:OPENGL32.dll
 0001:00031afc       _glBlendFunc@8             00432afc f   OpenGL32:OPENGL32.dll
 0001:00031b02       _glTexGenfv@12             00432b02 f   OpenGL32:OPENGL32.dll
 0001:00031b08       _glTexGeni@12              00432b08 f   OpenGL32:OPENGL32.dll
 0001:00031b0e       _glScaled@24               00432b0e f   OpenGL32:OPENGL32.dll
 0001:00031b14       _glCallList@4              00432b14 f   OpenGL32:OPENGL32.dll
 0001:00031b1a       _glEndList@0               00432b1a f   OpenGL32:OPENGL32.dll
 0001:00031b20       _glNewList@8               00432b20 f   OpenGL32:OPENGL32.dll
 0001:00031b26       _glGenLists@4              00432b26 f   OpenGL32:OPENGL32.dll
 0001:00031b2c       _glVertex3fv@4             00432b2c f   OpenGL32:OPENGL32.dll
 0001:00031b32       _glNormal3fv@4             00432b32 f   OpenGL32:OPENGL32.dll
 0001:00031b38       _glVertex3d@24             00432b38 f   OpenGL32:OPENGL32.dll
 0001:00031b3e       _glNormal3d@24             00432b3e f   OpenGL32:OPENGL32.dll
 0001:00031b44       _glLineWidth@4             00432b44 f   OpenGL32:OPENGL32.dll
 0001:00031b4a       _wglDeleteContext@4        00432b4a f   OpenGL32:OPENGL32.dll
 0001:00031b50       _glGetIntegerv@8           00432b50 f   OpenGL32:OPENGL32.dll
 0001:00031b56       _wglMakeCurrent@8          00432b56 f   OpenGL32:OPENGL32.dll
 0001:00031b5c       _wglCreateContext@4        00432b5c f   OpenGL32:OPENGL32.dll
 0001:00031b62       _gluBuild2DMipmaps@28      00432b62 f   Glu32:GLU32.dll
 0001:00031b68       _QueryPerformanceFrequency@4 00432b68 f   kernel32:KERNEL32.dll
 0001:00031b6e       _QueryPerformanceCounter@4 00432b6e f   kernel32:KERNEL32.dll
 0001:00031b74       _CloseHandle@4             00432b74 f   kernel32:KERNEL32.dll
 0001:00031b7a       _GetExitCodeThread@8       00432b7a f   kernel32:KERNEL32.dll
 0001:00031b80       _WaitForSingleObject@8     00432b80 f   kernel32:KERNEL32.dll
 0001:00031b86       _CreateThread@24           00432b86 f   kernel32:KERNEL32.dll
 0001:00031b8c       _SetConsoleTitleA@4        00432b8c f   kernel32:KERNEL32.dll
 0001:00031b92       _AllocConsole@0            00432b92 f   kernel32:KERNEL32.dll
 0001:00031b98       _FreeConsole@0             00432b98 f   kernel32:KERNEL32.dll
 0001:00031b9e       _GetModuleHandleA@4        00432b9e f   kernel32:KERNEL32.dll
 0001:00031ba4       _Sleep@4                   00432ba4 f   kernel32:KERNEL32.dll
 0001:00031baa       _GetTickCount@0            00432baa f   kernel32:KERNEL32.dll
 0001:00031bb0       _GetCurrentProcessId@0     00432bb0 f   kernel32:KERNEL32.dll
 0001:00031bb6       _MessageBoxA@16            00432bb6 f   user32:USER32.dll
 0001:00031bbc       _DestroyWindow@4           00432bbc f   user32:USER32.dll
 0001:00031bc2       _DispatchMessageA@4        00432bc2 f   user32:USER32.dll
 0001:00031bc8       _TranslateAcceleratorA@12  00432bc8 f   user32:USER32.dll
 0001:00031bce       _TranslateMessage@4        00432bce f   user32:USER32.dll
 0001:00031bd4       _GetMessageA@16            00432bd4 f   user32:USER32.dll
 0001:00031bda       _GetDC@4                   00432bda f   user32:USER32.dll
 0001:00031be0       _ShowWindow@8              00432be0 f   user32:USER32.dll
 0001:00031be6       _CreateWindowExA@48        00432be6 f   user32:USER32.dll
 0001:00031bec       _AdjustWindowRect@12       00432bec f   user32:USER32.dll
 0001:00031bf2       _LoadAcceleratorsA@8       00432bf2 f   user32:USER32.dll
 0001:00031bf8       _RegisterClassA@4          00432bf8 f   user32:USER32.dll
 0001:00031bfe       _LoadCursorA@8             00432bfe f   user32:USER32.dll
 0001:00031c04       _LoadIconA@8               00432c04 f   user32:USER32.dll
 0001:00031c0a       _BringWindowToTop@4        00432c0a f   user32:USER32.dll
 0001:00031c10       _DefWindowProcA@16         00432c10 f   user32:USER32.dll
 0001:00031c16       _ReleaseCapture@0          00432c16 f   user32:USER32.dll
 0001:00031c1c       _SetCapture@4              00432c1c f   user32:USER32.dll
 0001:00031c22       _CheckMenuItem@12          00432c22 f   user32:USER32.dll
 0001:00031c28       _GetMenu@4                 00432c28 f   user32:USER32.dll
 0001:00031c2e       _DialogBoxParamA@20        00432c2e f   user32:USER32.dll
 0001:00031c34       _PostQuitMessage@4         00432c34 f   user32:USER32.dll
 0001:00031c3a       _EndDialog@8               00432c3a f   user32:USER32.dll
 0001:00031c40       _FindWindowA@8             00432c40 f   user32:USER32.dll
 0001:00031c46       _wsprintfA                 00432c46 f   user32:USER32.dll
 0001:00031c4c       _PostMessageA@16           00432c4c f   user32:USER32.dll
 0001:00031c52       _SetPixelFormat@12         00432c52 f   gdi32:GDI32.dll
 0001:00031c58       _ChoosePixelFormat@8       00432c58 f   gdi32:GDI32.dll
 0001:00031c5e       _SwapBuffers@4             00432c5e f   gdi32:GDI32.dll
 0001:00031c70       ??5istream@@QAEAAV0@AAH@Z  00432c70 f   libcid:istrint.obj
 0001:00031d40       ?isfx@istream@@QAEXXZ      00432d40 f i libcid:istrint.obj
 0001:00031d80       ?unlock@ios@@QAAXXZ        00432d80 f i libcid:istrint.obj
 0001:00031d90       ?unlockbuf@ios@@QAAXXZ     00432d90 f i libcid:istrint.obj
 0001:00031da0       ??0istream@@IAE@XZ         00432da0 f   libcid:istream.obj
 0001:00031e30       ??_Eistream@@UAEPAXI@Z     00432e30 f i libcid:istream.obj
 0001:00031e30       ??_Gistream@@UAEPAXI@Z     00432e30 f i libcid:istream.obj
 0001:00031e70       ??_Distream@@QAEXXZ        00432e70 f i libcid:istream.obj
 0001:00031ea0       ??0istream@@QAE@PAVstreambuf@@@Z 00432ea0 f   libcid:istream.obj
 0001:00031f70       ??0istream@@IAE@ABV0@@Z    00432f70 f   libcid:istream.obj
[...]
 0001:0003863c       UnwindDown2                0043963c f   LIBCD:memmove.obj
 0001:00038644       UnwindDown1                00439644 f   LIBCD:memmove.obj
 0001:00038657       UnwindDown0                00439657 f   LIBCD:memmove.obj
 0001:00038670       TrailDown0                 00439670 f   LIBCD:memmove.obj
 0001:00038678       TrailDown1                 00439678 f   LIBCD:memmove.obj
 0001:00038688       TrailDown2                 00439688 f   LIBCD:memmove.obj
 0001:0003869c       TrailDown3                 0043969c f   LIBCD:memmove.obj
 0001:000383a0       CopyUp                     004393a0 f   LIBCD:memmove.obj
 0001:000383bc       CopyLeadUp                 004393bc f   LIBCD:memmove.obj
 0001:000383d4       ByteCopyUp                 004393d4 f   LIBCD:memmove.obj
 0001:000383dc       CopyUnwindUp               004393dc f   LIBCD:memmove.obj
 0001:00038518       CopyDown                   00439518 f   LIBCD:memmove.obj
 0001:00038540       CopyUnwindDown             00439540 f   LIBCD:memmove.obj
 0001:0003854c       CopyLeadDown               0043954c f   LIBCD:memmove.obj
 0001:00038564       ByteCopyDown               00439564 f   LIBCD:memmove.obj
 0001:00037e50       _$$$00001                  00438e50 f   LIBCD:chkstk.obj
 0001:00037e5c       probepages                 00438e5c f   LIBCD:chkstk.obj
 0001:00037e70       lastpage                   00438e70 f   LIBCD:chkstk.obj
 0001:00037e10       _fast_error_exit           00438e10 f   LIBCD:crt0.obj
 0001:000372cd       dest_misaligned            004382cd f   LIBCD:strcat.obj
 0001:000372dc       find_end_of_dest_string_loop 004382dc f   LIBCD:strcat.obj
 0001:0003730f       start_byte_3               0043830f f   LIBCD:strcat.obj
 0001:00037314       start_byte_2               00438314 f   LIBCD:strcat.obj
 0001:00037319       start_byte_1               00438319 f   LIBCD:strcat.obj
 0001:0003731e       start_byte_0               0043831e f   LIBCD:strcat.obj
 0001:0003732d       src_misaligned             0043832d f   LIBCD:strcat.obj
 0001:00037341       main_loop                  00438341 f   LIBCD:strcat.obj
 0001:00037346       main_loop_entrance         00438346 f   LIBCD:strcat.obj
 0001:0003737a       byte_3                     0043837a f   LIBCD:strcat.obj
 0001:00037382       byte_2                     00438382 f   LIBCD:strcat.obj
 0001:0003738f       byte_1                     0043838f f   LIBCD:strcat.obj
 0001:00037398       byte_0                     00438398 f   LIBCD:strcat.obj
 0001:00037321       copy_start                 00438321 f   LIBCD:strcat.obj
 0001:00037140       dodwords                   00438140 f   LIBCD:strcmp.obj
 0001:00037170       doneeq                     00438170 f   LIBCD:strcmp.obj
 0001:00037174       donene                     00438174 f   LIBCD:strcmp.obj
 0001:0003717c       dopartial                  0043817c f   LIBCD:strcmp.obj
 0001:00037198       doword                     00438198 f   LIBCD:strcmp.obj
 0001:00036c70       _doexit                    00437c70 f   LIBCD:crt0dat.obj
 0001:00036d50       __initterm                 00437d50 f   LIBCD:crt0dat.obj
 0001:00036880       _gu_return                 00437880 f   LIBCD:exsup.obj
 0001:00036888       __unwind_handler           00437888 f   LIBCD:exsup.obj
 0001:00036550       ?CatchGuardHandler@@YA?AW4_EXCEPTION_DISPOSITION@@PAUEHExceptionRecord@@PAUCatchGuardRN@@PAX2@Z 00437550 f   LIBCD:trnsctrl.obj
 0001:00036660       ?TranslatorGuardHandler@@YA?AW4_EXCEPTION_DISPOSITION@@PAUEHExceptionRecord@@PAUTranslatorGuardRN@@PAX2@Z 00437660 f   LIBCD:trnsctrl.obj

FIXUPS: 376c7 4d 4a fffffc2c ffffffc3 1f d28 10 fffffcfc 82 2a fffffd81
FIXUPS: 37bdf 1d 20 1e 20 8d 12 13 19 fffffc55 85 69 33 8c 34 fffffd21
FIXUPS: 37852 ffffff35 5 a fffffca2 60 33 63 4f 131 f90 2a 10 fffffeaf
FIXUPS: 38539 2a 10 1b 2a 10 fffffe84 2a 45 4b fffffeb2 3f d fffffdc3 12
FIXUPS: 381f1 16 10 1c 31 10 fffffe62 19 18 14 fffffe86 35 18 8f0 14 1b
FIXUPS: 38932 14 10 d 10 b 3d 3b 14 60 7 14 7 fffffd33 26 32 3a 5a fffffde6
FIXUPS: 386bc 28 16 1d 29 25 fffffe72 12 2a 10 70c e f 10 a 5 5 25 f 17
FIXUPS: 38dcb 22 9 27 9 fffffe30 a ffffff27 12 14 24 10 2a 2a 10 fffffea2
FIXUPS: 38af9 26 10 5 35 10 74c 3c 18 29 16 14 fffffc65 2b 28 2c 3a 26
FIXUPS: 390cc 5e 25 28 31 43 28 31 16 14 fffffc24 2e 28 1e 2c 12 21 20
FIXUPS: 38faa fffffe9c 1c7f 33 142 17 1c 4c 58 b1 fd 76 11e a1 20 31 28
FIXUPS: 3b1bc 3a 31 18 45 18 1f 8c 69 2a 34 39 16 7c 2a 28 ffffdd66 1082
FIXUPS: 3a358 2b c 41 6b 56 36 c 2b 1c 2c 1c 18 1f 62 51 60 5a ac 55 51
FIXUPS: 3a883 28 28 28 a0 2b 32 2b 39 20 fffff0ff 3c 21 1b 1c 6b 28 32
FIXUPS: 39d23 18 1f 5b 66 25 25 b3 19 59 5f 54 85 29 1f 2a 1c 50 1d 1f
FIXUPS: 3a23e 34 3b 2b 1517 13 ffffff54 a a ffffff12 2a 44 4b fffffe41
FIXUPS: 3b5a0 44 4b ffffe0a5 26 28 23 20 29 2f 1c 69 28 5f 54 21 128 1e
FIXUPS: 39a9f 33 2f 51 2090 2c 38 16 22 23 ac 4e 23 125 1c 2b 37 1d 2b
FIXUPS: 3bfbc b7 fffff869 e 28 76 6e 7d 41 fffffd92 2a 1e 17 13 fffffed8
FIXUPS: 3b7ba 1e 102f 18 17 13 fffffebd 2a 45 4a fffffe31 2e 2a 2e 14 22
FIXUPS: 3c6ce fffffe72 50 28 fffffe46 5f fffffe52 7a 6a fffffde9 27 f f
FIXUPS: 3c1e8 fffff968 21 2b 28 17e8 fffffaab 4d 40 40 43 4d 40 43 50 50
FIXUPS: 3d124 65 60 fffffb38 1a 13 28 30 30 fffffbcc 48 141 52 35 140 fffffb8e
FIXUPS: 3c8ae 2a 2a 2e 3d 1b17 5a 34 37 60 21 20 1d 11 15 15 fffffa4e 3f
FIXUPS: 3e0dc fffffc3c 13 dd 23f fffffc1a 59 fffffc70 2a3 fffff9c7 1ae
FIXUPS: 3d460 1b c 10 29 2a ffffff1c fffffeff 2b9c 20 ffffed78 10b 2a 18
FIXUPS: 3edbe 16 2b 14 2e 18 18 7a 63 34 47 1e d 2f 15 11 1d 21 14 26 19d
FIXUPS: 3f276 19 19 a ffffef32 17d4 17 37 19 92 18 20 62 a f3 12 24 f 1f
FIXUPS: 3fcbe 1e 26 f 1c 12 21 d a 13 16 13 28 14 15 14 7 17 aaf fffff895
FIXUPS: 400ce ffffff1d 38 78 fffffeb4 22 fffff37a 32 92 3f 6a 15 31 51
FIXUPS: 3f5a9 3c 27 37 a 3f 25 b2 65 ce 36 12 38 4c 31 16 134e 33 49 fffffdab
FIXUPS: 40b49 fffffec5 37 ffffff44 fffff815 28 19f 20 57 14 32 64 140 2a
FIXUPS: 40624 35 6b 12 29 43 5a 3d 33 3c 38 1c 1a 18 5ec 24 cb 67 133 18
FIXUPS: 4117c 34 30 a8 e2 142 ba 31 1e 2a 1b 11d 25 122 1e 30 75 32 22
FIXUPS: 4199b 170 55 53 ffffefdd 21 7e 1904 3e e 11 182 1d8 1ac 2b 33 1b6
FIXUPS: 42d9e 27 36 44 c 10 16 c fffff263 108 10 3e 54 4b 28 fffffd15 36
FIXUPS: 41f2a 5e 7 fffffead fffff04a 25d9 11 1f 23 27 23 16 1e c e 1a 1f
FIXUPS: 435a3 13 1c 1b 1f fffffa1e 1c3 17 fffff167 1d 53 1d 2b 2c c 3a
FIXUPS: 424a3 11 2f 44 1439 2c ffffff23 fffffd84 11 1d 21 c 22 10 34 17
FIXUPS: 43728 20 c 21 c 37 e 1d 15 16 2d 22 11 e fffffaeb 2e 2a 2c 30 24
FIXUPS: 44529 fffffe07 36 28 1f 29 26 17 12 1c fffffcda fffffdc1 3d 49
FIXUPS: 44094 31 fffffcc2 c8 1d 27 fffffb6d 12 1d 5 55 3c 7 2f b2 15 fffffd5c
FIXUPS: 43947 189d fffffeda 2b 29 32 fffffc50 1c 77 3a 59 15 17 1d 14 13
FIXUPS: 44f3e 1a 19 fffffd7e d 11 2f 25 fffffe6c fffffea7 4a 94 2b fffff903
FIXUPS: 444d6 1e 13 3786 f6 fffffd5c fffffc37 2a 2a 227 fffffccc 3a ffffff5a
FIXUPS: 47264 182 35 ffffe777 191 19 de0 ffffe940 58 ffffff5d 19 fffffe17
FIXUPS: 45258 24 2c 18 3f 10 70 10 55 fffffdd1 39fc 21 21 24 2a 23 fffffe36
FIXUPS: 48aae fffffb30 18 11b 21 4b 5d 17 b5 fffffab3 73 1c 1f 49 11 71
FIXUPS: 48531 1d c 47 fffffa63 2bf 2d 2f fffff8d6 2061 fffffe19 29 ffffffa0
FIXUPS: 49a4f fffff815 41 8c 14 26f 19 1c 13 2a 3a 10 13 16 26 1e 41 93
FIXUPS: 497d1 68 82 10 30 10 30 10 fffff74a a7 23dc 58 1d 24 1d 51 2e 1d
FIXUPS: 4b6ab fffff9c1 6e 195 15 15 fffffc5d fffffe19 fffff71b 14d eb 1c8
FIXUPS: 4a8b6 152 6d 238 13 fffff3b1 72 13 24 17 fffffc46 1d 3004 35 35
FIXUPS: 4cf3c c 10 c 27 6c fffff574 23 5 111 43 107 4a 12 5 25e 35 35 1e8
FIXUPS: 4b770 43 ffffff4b fffffc3d 2f 64 40 2e 8d 32 2d10 c 19 42 3c a7
FIXUPS: 4e36e 28 c 21 fffff822 19 d9 13f 9e fffff8e4 70 4f 1df fffff71c
FIXUPS: 4d195 33 24 bd 2d 9b 32 43 c 10 c fffff969 fffe6a44 b 1b 1a 50
FIXUPS: 33865 1b1e0 b fffe4e5e 16 2a b 52 1e 1b10c b fffe4f3f fffff2c7
FIXUPS: 32c9a e 80 2c 14 1b24c 45 29 3a 40 3e 33 4b 59 86e fffe4805 56
FIXUPS: 332b0 19 11 27 44 14 44 10 52 8e 5b 28 3f 20 18 b 33 15 1b 27 11
FIXUPS: 3364d 5f 15 25 54 11 2b 17 1b3d3 fffe562f 1f f 92 4a 72 44 72 ffffea05
FIXUPS: 32e3e 16 2a b 52 36 1bab4 b fffe45db 34 13 1ba03 b fffe46bc 16
FIXUPS: 330e8 42 26 f 14 14 1b88d fffe532a b 52 36 1acd4 b fffe538b 34
FIXUPS: 33e82 1ac53 b fffe541c 16 16 42 26 f 14 14 1ab2d b fffe551c 1a
FIXUPS: 4eb25 b fffe554e 16 2a b 52 1e 1aa1c fffe60e6 1b 7 27 19 7 38 fffff7ad
FIXUPS: 344f2 79 7c 1f 56 8 fffff380 47 2d 11 a3 33 39 14 1f 15 8 2c 14
FIXUPS: 33c65 14 3d 48 16 1aed4 f b fffe5d13 46 20 1f 24 2d 1a23a 13 f
FIXUPS: 4ec52 fffe5df9 20 27 24 2b 1a194 13 f b fffe5e7d 1e 14 37 c 17
FIXUPS: 34bb2 3d 7 29 60c 7 1d 7 29 1c 1b 7 27 19 7 38 fffff37f 20 1b 24
FIXUPS: 34745 1a440 13 f b fffe5bc6 26 16 57 20 1b 24 2b 17 7 1a322 fffe6315
FIXUPS: 34f15 17 7 19de2 13 f b fffe6253 46 20 1f 24 2d 19cfa 13 f b fffe6339
FIXUPS: 350eb 27 24 2b 19c54 13 f b fffe63bd 1e 14 37 c 76e f c 6 17 8
FIXUPS: 359fe 16 5d 1b cf c 1e a 15 8 fffff17f 20 1b 24 2b 19f10 13 f b
FIXUPS: 34dee 16 2a b 52 20 1b 69a 2c 15 15 c 9 9 e c a 10 14 101 c 13
FIXUPS: 35751 15 16 1e 9 d 19 c 9 9 8 d8 1e 49 10 15 d 6d6 11 11a 84 20
FIXUPS: 3621f fffffa5e c0 13 8 fffffe91 14 12 11 10 fffff72b 40 13 1d 55
FIXUPS: 35440 199b4 b fffe66b1 11 a f 1993a b fffe66fb 1a 16 14b9 c 39
FIXUPS: 36a7a e fffffaba c a 26 10 67 a c 6c a 17 a fffffc2f 1c 2b bc 14
FIXUPS: 36463 62 fffff936 13 ce 91 8e e e 11 e27 a 52 80 2f 3f 83 a 10
FIXUPS: 3705b c c a e 9 9 b fffff685 17 c 17 1c 1a 8 19d 21 12 c 1a 1c
FIXUPS: 369d1 2a ffffab3c c4 64 60 c 1a f 19 5 7 b 52e e2 56 6c 68 60 58
FIXUPS: 3710b 1c 24 b0 4b 90 fffff865 13 e8 24 1ad a f a ffff987e 5 7 6
FIXUPS: 309b8 87 72 13b 8 25 23 3d 77 80 16a 11 15 15 1da 8 1a 19 8e b7
FIXUPS: 3127b 1a 11 19 5 7 d 1fb ffffe529 f 62 f 42 6 14 6 14 6 44 204
FIXUPS: 2fd5e 8 5 59 248 1e3 145 133 8 15 6b 4a 16 60 30 40 40 c 1a a ffffee11
FIXUPS: 2f4a9 7 a 7 1d 17 9 13 f 12 16 13 9 28 13 10 13 18 21 2c a 14 12
FIXUPS: 2f66a 76 7d 6 12a ac 52 f 28d5 28 39 6a 20 32 1c 5c 88 6b 17 11
FIXUPS: 32536 11 17 11 8 8f 25 f7 bb 40 3f 12 1a3 9 ffffca36 14 9 e 13
FIXUPS: 2f499 fffe72b3 27 13 6 41 44 f9 1e 2c f 40 a 85 27 b ac 23 13 1b41a
FIXUPS: 31f6a 1c 3a 8 13 1f 5 5e 51 33 94 1e 54 fffe40b3 4c 1d e e e e
FIXUPS: 16349 11 e e e e e 11 c 44 41 8f 23 f 20 1e a c4 1b 11 1d 2c 47
FIXUPS: 16708 2a 2026 ca 8 20 13 18 12 12 d 14 e 8 1a 19 12 d 15 17 6 c
FIXUPS: 18972 14 6 3d 16 1a 6 ffffd80c 36 11 9 1f 1e26 20 22 2e 20 20 20
FIXUPS: 18190 1d 35 12 11 22 f 8 2b 12 1a 26 43 27 125 2a 1a 4c 34 e 11
FIXUPS: 185f0 36 1e 47 ffffe811 e 46 e 1c e e e e e 43 9 33 34 cd 6 2e
FIXUPS: 1711e 5f 10 6 6f d 10 6 111 d b4c 121 26 11 10 39c5 110 7ea b9
FIXUPS: 1c390 272 88 b4 10f 2c 26a 1b4 71d 70 ffff9742 16 13 c 13 25 2b
FIXUPS: 16c29 25 55 21 49 45 1c 30 36 65 14 2026 90 27 31 110 51 a8 12
FIXUPS: 191f6 3b 4d 6 87 29 f d0 1d 1d 4a 22 b 103 a 1a 20 1b 15 20 155d
FIXUPS: 1b0d7 2ba 27b 2816 14 bf 97 ad 33 af 5d 1e 13 1d 13 26 17 14 b
FIXUPS: 1e26a b ffffa7d6 29 f 50 1d 1d 6e 49 12 d0 31 32 122 39 b466 1f
FIXUPS: 24488 48 2b 24e 22f ffff8c35 37 12 37 10 12 d f8 106 48 57 1b 12
FIXUPS: 1d9e0 138 41 3b 12 f6 16 39 23 8 54 5e 57bd 13 20 13 da 16 44 1b
FIXUPS: 23745 11 16 9 17 9 32 11 8c 14 a5 d 3a e 44 b 2b 14c 16b 54 162
FIXUPS: 23f59 139 11 ffffedbd 1b 14 92 18 18 be 11 11 f2 8c df 18 47 6
FIXUPS: 23328 49 12 1a 49 12 21 5b 9 2f 9 3c 9 32 9 20 13 ffffef90 47 43
FIXUPS: 225a5 13 1d 13 15d 31 17 1f0 b b 1b 22 e 11 e f8 a 20 26 52 49
FIXUPS: 22bf5 1b 1c 11 18a 49 15 22 ffffd7ab 1c 24e 43 27 129 2b 16 2b
FIXUPS: 20a69 49b 33a b b 19 36 17 21 e 8c 1c 2a1 25 ca 18 52 652 6 1eb
FIXUPS: 22128 1ad 73 ffffd04b 12 ec 15 15 bf 126 21 18e 17 eb 3c 6 34 79
FIXUPS: 1fa46 5b 144 13 1d 13 17 ab 16 2c 111 18 b 11 2b8 21a 29c 4e3a
FIXUPS: 2542e 6f e e 12 15 12 ffff93e7 3f 32 3f 54 2a 1e5 b 1a7 10e 179
FIXUPS: 1f038 1ad 13 15 b b 1b 1b 11 98 1c 43 14 6f51 13 fffff3b8 f 249
FIXUPS: 258fd fffff09c b 13 a9 3f 19 1a2 42 1b 40 c0 10 44 1c 93 1d c0
FIXUPS: 2500f 1c0 9c 16 19 19 19 131 e 137e 16e 30 13 1e 46 7b 22 5e c
FIXUPS: 26aae 36 13 298 74 19 1d 9d 5b 18 27 6d ffffef9e 23 c 1a 12 3e
FIXUPS: 26032 1a 1f2 3b 4139 40 30 d 10 6 48f ffffceac 28 12 3a fffffce7
FIXUPS: 27560 83 fffffc90 1f 26 4b 1f 24 3d 13 a 20 19 17 f a fffffd31
FIXUPS: 27179 36 fffff4ad 2ee7 15 15 15 1d d 15 18 14 26 18 10e 10 23c
FIXUPS: 29999 e2 9d 41 56 17 10e 14 59 3c 57 1b 29 6a ee d9 2d 30e ffffe30f
FIXUPS: 286a4 3f e 12 34 e 12 34 1b 26 12 37 34 39 1e 243 2e 40 30 d 10
FIXUPS: 28ba4 113 35 13 1a 7 6bb 1a 119 17 15b3 23 ffffce68 38 14 16 a
FIXUPS: 2806d 1a 110 13 116 16 14 7 fd 14 23 16 16 15 1d a 12 18 18 34
FIXUPS: 28514 115 11 14 31 5e48 11 11 14 11 6a 2c 2a 31 b c c 1d f c 33
FIXUPS: 2e6c0 28 f1 32 24 ffffc109 c c c c 2c 21 f 80 14 37 3174 16 f 70
FIXUPS: 2dddb 29 ae c 50 10 11 1a 2f5 64 46 51 1f d e 3f d 13 14 11 13
FIXUPS: 2e41d 13 14 13 13 13 13 fffff259 f f 1b 17 17 17 67 47 3c 11 1a
FIXUPS: 2d889 c 11 19e 18 1d 2d 1c d b 4c 10 22 24 16 f 15 16 f 19 17bc
FIXUPS: 2f3bb 39 b 24 b fffff47e 2b8 ffffe072 b2 68 33 d 70 49 1a7 ed 67
FIXUPS: 2d188 78 67 6a 52 3f 44 11a 81 86 d7 16 f 13 fffd61fd b6 95 4b
FIXUPS: 3a87 3a c 8 c 8 d 67 37 1a 37 29 d 73 f 2b244 f0 13 126 17 13 b
FIXUPS: 2f1e1 d9 44 e 2c 3f fffd3e9f 12 40 46 3f 4b2d8 c fffb4d67 45 3f
FIXUPS: 4e5e5 c fffb4e77 7 21 7 21 7 d 14b 2f 1b ae 70 10 62 22 d 36 2d
FIXUPS: 3890 36 fffff407 2b 30 12 d 49 d 5a 19 25 82 62 3a 54 f 81 15 9
FIXUPS: 306d f 5b f 3b e 11 44 13 14 e 15 1c 9 fffff3cb 89 f 7a f 5c f
FIXUPS: 27b6 30 30 f 56 f 5d f 48 28 43 2d 4bbcf c fffb44b9 1c f 4b 19
FIXUPS: 2b1e 82 b1 17 f 1e ffffef06 f 4e c 1f 16 10 5e 2b 17 d 5c 1f 10
FIXUPS: 1e17 71 d5 37 61 2e 7c 2e 1d6 4a 96 4a 92 f 73 8 21 a5 ffffeff8
FIXUPS: 15eb 12 1f 2c 26 33 13 13 3a 13 13 3a 13 13 3a 13 13 54 3e 26 fc
FIXUPS: 19aa 65 30 14 d 5f e 32 f 5d 2eca 29 3c 8 ba 34 ffffc4f6 8 7 3b
FIXUPS: 110c 4d449 c fffb2c87 4e 72 1e 16 1b 49 3a 69 2d 4a 35 1d 4d0c9
FIXUPS: 4e580 b c fffb2f8a 50 4d094 c fffb5c25 1b 36 1b 41 4a342 c fffb5ce0
FIXUPS: 44c1 18 7e 27 8 a2 16 27 91 49f4f c fffb6224 7 29 7 2e 7 2f 7 12
FIXUPS: 496a 8 2431 2f d c7 1a ffffce3c 16 16 26 16 11 10 65 2e 19 5d f
FIXUPS: 3efa f 5d f 30 d 2f 4b 63 59 22 1c 56 27 46 2627 d d d 4a 19 f
FIXUPS: 68c8 47e1d b c fffb823f f 48 1b 12 42 31 3c 3c 39 2b 7e 1c 2e c5
FIXUPS: 6ca5 29 3f 479f8 c fffb8669 fffff7ff 24 24 16 10 15 9 1c 16 9 1f
FIXUPS: 6675 9 1c 27 15 a 29 3a 24 d d d d d d d d d d d d fffffab1 35
FIXUPS: 62ff 9 1f 16 9 1f 16 9 8 29 16 9 1c 16 9 1c 16 9 1c 16 10 1a 13
FIXUPS: 64cf 19 18 19 16 19 18 fffff983 5b 25 30 1a 34 13 13 45 f 10 66
FIXUPS: 60dd f f 10 58 e 25 e 19 16 9 1c 16 9 22 16 9 1c 17 1b fffff825
FIXUPS: 5b07 d 62 14 3c 14 3c 14 53 16 20 13 1b 3f 17 4896e c fffb76c7
FIXUPS: 5d8e 4a 29 2e 17 4887f c fffb779d d 10 27 19 b fffff57e f 5c f
FIXUPS: 554a f 54 d 13 25 d 58 f 69 f e9 f 3a 17 8 d 5b f 51 f 40 d a5
FIXUPS: 5a35 38 25 2c fffff490 2b 2e 44 4967a c fffb69cd 20 e 39 495e0
FIXUPS: 4e691 fffb6a6d 25 30 1a 54 23 53 f 41 2a 1e 32 1d 1c 1b 13 a d
FIXUPS: 5411 c 40a2 17 f 73 16 11 61 27 ffffb5db 10 3e 3e 4e 30 18 11 28
FIXUPS: 4d6f 8 d 2d 13 13 3a 13 13 42 14 2a 31 d 4f 407b d 4a 7 7 7 4c
FIXUPS: 9085 7 f f 58 f 58 f 77 b 1d 69 25 25 4b 39 1e 8 27 4542a c fffbac26
FIXUPS: 9428 61 13 fffff783 8 15 67 8 15 4b 33 3a 8 52 33 f 1d 45977 c
FIXUPS: 8e78 7 7 7 4e e 7 f f 46 7 7 7 32 e 7 fffff6f2 8a 16 11 5a 13 8
FIXUPS: 87ce 1d 4a 25 50 11 21 1c 15 21 2a 45e2d c fffba29a 11 63 f 64
FIXUPS: 8b1a 15 60 8 15 63 5 fffff4f3 9 f 34 2d f 5c 23 6f 11 2b 11 45
FIXUPS: 8329 14 1c d 82 f 49 19 73 f 47 19 5b f 51 1c f 56 1c fffff602
FIXUPS: 7cab f 5c 16 f 3e 21 19 d 40 17 9 d 43 d d 8b 23 4b 14 1c 46792
FIXUPS: 4e751 fffb98a4 24 4c 14 1c 466d0 c fffb9971 fffff609 5 26 d 6c
FIXUPS: 77c6 3f 25 63 5 b 1e 46e6a c fffb91fe 34 7e 16 11 77 d 2a 19 1c
FIXUPS: 7b15 4d 25 9 f 64 13 2d fffff556 42 1a 37 d a5 13 e 3c a4 13 e
FIXUPS: 7434 35 21 7b 19 e 28 35 19 d 64 5 1f b 20 40 16 5 12 5 5585 d
FIXUPS: cc73 d d d d d 4a 1c c 68 b4 b4 6b 41887 c fffb871b 17 10 49 60
FIXUPS: 6ff3 51 58 16 14 2f f 15 54 18 5808 24 18 13 24 13 9 18 9 18 9
FIXUPS: ca7d 13 9 18 9 18 9 1f 4c a 36 51 d d d d d d d d d fffff9d0 1a
FIXUPS: c63f 18 9 1f 24 27 23 9 22 15 9 20 15 9 6f 2d 13 9 18 9 1f 13 9
FIXUPS: c8b3 20 9 2b 13 9 2b fffff88f 14 1d 2f 47 1c 1a 4a 1c 13 17 e 21
FIXUPS: c39a 3b 2e 21 21 26 17 c d 18 9 18 9 27 23 4a 1c 73 13 fffff612
FIXUPS: bc65 2c 29 22 30 3c 10 4f 20 d 48 1d 47 10 59 3a f 29 10 90 3f
FIXUPS: c0f0 e 11 4a 1c f c e 19 17 fffff439 35 99 10 4f 19 6f 22 19 23
FIXUPS: b84e 29 29 27 2b 37 37 27 30 37 37 27 1d 29 29 27 13 a4 13 20 13
FIXUPS: bc07 fffff232 10 54 12 e 15 2a 19 13 13 198 1b cb 15 4b 2c d 3a
FIXUPS: b2a2 2f c d d9 34 2e 42 d c3 18 22 1c 48 fffff347 1c 54 35 35 99
FIXUPS: aab3 31 19 19 19 3f 1a 38 21 1b 1b 1b 1b 1b 1b d 40 4e 16 10 54
FIXUPS: adb3 1e 37 10 11 fffff5cb 21 f 10 33 13 25 35 28 d 3f 13 24 83
FIXUPS: a63a 1b 24 2a 14 29 2e 1c 35 42 42 20 3b 42 1c 2f f 20 75ff 19
FIXUPS: 11f41 18 3b 28 10 ffff7797 14e 124 68 139 49 26 17 108 38 17 22
FIXUPS: 9d8c 19c 12d 177 10 fc 1c 1e 12 d 33 2c d 782d 18 9 1f 21 d d d
FIXUPS: 11c5f d d d d d d d d d d d d d d 47 13 c 6b 30 1f 61 20 21 fffffa51
FIXUPS: 1193b 9 18 9 27 13 9 18 9 27 13 9 18 9 27 13 9 18 9 2c 13 9 18
FIXUPS: 11afa 18 9 2c 20 13 27 20 fffff932 13 17 e 26 9 36 9 36 9 5c 25
FIXUPS: 11662 36 9 85 21 9 82 13 9 3a 18 13 19 13 19 13 2c e 13 9 fffff764
FIXUPS: 11081 1f 1f 16 13 1b0 e 11 44 13 f c e 19 17 c 11 30 9 36 9 3e
FIXUPS: 1144f 16 1c 13 9 18 9 18 9 fffff56d 13 63 7f 56 1f e9 19 77 1c
FIXUPS: 10dbf 19 7e 8 1a 15 f 19 14 17 17 1f 2a 14 19 17 10 38 10 20 1f
FIXUPS: 1103a fffff4be 3e b 13 13 33 12 19 1f 14 2c 30 3d 43 52 52 39 19
FIXUPS: 107e0 39 19 1c 3c 19 22 13 84 22 27 3c 3de24 c fffc140e 7 3e 12
FIXUPS: fcab 7 7 7 7 7 10 46 d 80 98 12 12 12 12 1b f5 1e 21 11 1c3 3a
FIXUPS: 103cd 32 4d 35 10 5a fffff39e ae 3c 7 7 7 3e 12 35 7 7 7 7 7 46
FIXUPS: fa88 12 3c 7 7 7 3e 12 35 7 7 7 7 7 46 12 12 fffff4af 1c 1c 16
FIXUPS: f1a2 22 58 28 28 17 d 6e 36 42 54 54 41 133 29 10 60 13 68 d 4d
FIXUPS: f710 b3 d 35 1c d 41 fffff32b 13 d 3e 15 22 24 27 11 13 4d 2a 49
FIXUPS: ed73 15 f f 17 42 61 55 62 3a 18 19 16 79 18 19 19 1c 1c fffff4a3
FIXUPS: e546 6a 34 40 63 31 20 1e 3a d 19 f d 10 3d d 12f 3f 42 25 30 47
FIXUPS: ea2b 14 25 30 44 13 14 24 30 fffff0bb 10 e0 26 3b 21 42 193 42
FIXUPS: dfad 31 6c a5 16 48 1d 68 2e 77 3f 3d 1c 1c 21 25 16 22 fb 22 12
FIXUPS: e4f6 2e ffffea95 d 61 1b4 16 17 15 8 10 10 2d 13 32 1c9 37 3d 30
FIXUPS: d541 1d 1d 1d 1d 24b 1b 1b 184 13 3a 1b1 16 17 15 4c6e 1f 1f 10
FIXUPS: 128c6 56 d 17 d d 28 d c4 d 23 3d d 1b 4c 17 24 34 2f 3bc53 b c
FIXUPS: 12c01 13 13 3a 13 13 fffff650 1f 12 e b f b 33 1d d e e b b 1d
FIXUPS: 12413 f 30 15 12 135 f 43 9b 1d 13 b4 10 2e 4e 1f 1f bd6 b d 2d
FIXUPS: 1346f b d 58 2d 14 16 1d 30 14 16 1d 13 d 31 12 62 2e 14 16 1d
FIXUPS: 13717 d 31 12 ffffeaf4 10 4c e0c 1f 29 1f 38 27 29 28 29 28 29
FIXUPS: 1327c 29 28 3c 3b53c b b b b b b b c fffc4aa3 d 4a d 2c 8 d 2e
FIXUPS: 13b38 a6 11 52 2b 9c 50 47 35 46 34 d d3 a9 92 18 f ffffecee 35
FIXUPS: 12de8 35 35 35 35 35 26 b3 d 43 d 54 1f 2dc9 47 13 d ffffe2de 15
FIXUPS: 142e0 10 89 10 64 10 44 7 d fffff37f 92 33 5c 1a 3afa6 c fffc50e1
FIXUPS: 139c4 10 2d 13 13 82 8 d 6a 3ae84 fffc720f 22 1a 17 28 17 20 1b
FIXUPS: 15ca3 17 17 20 f 14 f 14 26 4e f d d d d d d d d d d d d fffff588
FIXUPS: 15409 42 1e 2b4 7 15 1d 7 27 d 5e a 33 6b a 32 75 a 33 6b a 36
FIXUPS: 15aa8 a 36 77 38e09 e e e e ffffff61 fffc6687 f 13 42 2d 57 39
FIXUPS: 150ce 44 39803 c fffc6849 10 3b 3b 45 2a 2c 2b 3d 18 13 7 2b 42
FIXUPS: 15399 17 39585 b b c fffc5ed6 40 2b d 44 3e 33 40 33 3e 33 3e 33
FIXUPS: 14aed 33 3e 4a 40 20 10 10a 13 8c c 13 45 29 2f 1c 38 2d 399f7
FIXUPS: 15f0f 1d 1d 1f 43 1f 1f 1a ffffe498 112 13 8 f 24 3a2dc b fffc5d52
FIXUPS: 1463f d 38 d 38 f f 11 10 3f 3e 27 40 26 d
